Archive member included to satisfy reference by file (symbol)

app/libapp.a(main.c.obj)      (--whole-archive)
zephyr/libzephyr.a(heap.c.obj)
                              (--whole-archive)
zephyr/libzephyr.a(cbprintf_packaged.c.obj)
                              (--whole-archive)
zephyr/libzephyr.a(clock.c.obj)
                              (--whole-archive)
zephyr/libzephyr.a(printk.c.obj)
                              (--whole-archive)
zephyr/libzephyr.a(sem.c.obj)
                              (--whole-archive)
zephyr/libzephyr.a(thread_entry.c.obj)
                              (--whole-archive)
zephyr/libzephyr.a(cbprintf_complete.c.obj)
                              (--whole-archive)
zephyr/libzephyr.a(assert.c.obj)
                              (--whole-archive)
zephyr/libzephyr.a(dec.c.obj)
                              (--whole-archive)
zephyr/libzephyr.a(hex.c.obj)
                              (--whole-archive)
zephyr/libzephyr.a(rb.c.obj)  (--whole-archive)
zephyr/libzephyr.a(timeutil.c.obj)
                              (--whole-archive)
zephyr/libzephyr.a(bitarray.c.obj)
                              (--whole-archive)
zephyr/libzephyr.a(ring_buffer.c.obj)
                              (--whole-archive)
zephyr/libzephyr.a(last_section_id.c.obj)
                              (--whole-archive)
zephyr/libzephyr.a(configs.c.obj)
                              (--whole-archive)
zephyr/libzephyr.a(soc.c.obj)
                              (--whole-archive)
zephyr/libzephyr.a(tracing_none.c.obj)
                              (--whole-archive)
zephyr/arch/common/libarch__common.a(sw_isr_common.c.obj)
                              (--whole-archive)
zephyr/arch/arch/arm/core/libarch__arm__core.a(fatal.c.obj)
                              (--whole-archive)
zephyr/arch/arch/arm/core/libarch__arm__core.a(nmi.c.obj)
                              (--whole-archive)
zephyr/arch/arch/arm/core/libarch__arm__core.a(nmi_on_reset.S.obj)
                              (--whole-archive)
zephyr/arch/arch/arm/core/libarch__arm__core.a(tls.c.obj)
                              (--whole-archive)
zephyr/arch/arch/arm/core/cortex_m/libarch__arm__core__cortex_m.a(exc_exit.c.obj)
                              (--whole-archive)
zephyr/arch/arch/arm/core/cortex_m/libarch__arm__core__cortex_m.a(fault.c.obj)
                              (--whole-archive)
zephyr/arch/arch/arm/core/cortex_m/libarch__arm__core__cortex_m.a(fault_s.S.obj)
                              (--whole-archive)
zephyr/arch/arch/arm/core/cortex_m/libarch__arm__core__cortex_m.a(fpu.c.obj)
                              (--whole-archive)
zephyr/arch/arch/arm/core/cortex_m/libarch__arm__core__cortex_m.a(reset.S.obj)
                              (--whole-archive)
zephyr/arch/arch/arm/core/cortex_m/libarch__arm__core__cortex_m.a(scb.c.obj)
                              (--whole-archive)
zephyr/arch/arch/arm/core/cortex_m/libarch__arm__core__cortex_m.a(thread_abort.c.obj)
                              (--whole-archive)
zephyr/arch/arch/arm/core/cortex_m/libarch__arm__core__cortex_m.a(vector_table.S.obj)
                              (--whole-archive)
zephyr/arch/arch/arm/core/cortex_m/libarch__arm__core__cortex_m.a(swap_helper.S.obj)
                              (--whole-archive)
zephyr/arch/arch/arm/core/cortex_m/libarch__arm__core__cortex_m.a(irq_manage.c.obj)
                              (--whole-archive)
zephyr/arch/arch/arm/core/cortex_m/libarch__arm__core__cortex_m.a(prep_c.c.obj)
                              (--whole-archive)
zephyr/arch/arch/arm/core/cortex_m/libarch__arm__core__cortex_m.a(thread.c.obj)
                              (--whole-archive)
zephyr/arch/arch/arm/core/cortex_m/libarch__arm__core__cortex_m.a(cpu_idle.c.obj)
                              (--whole-archive)
zephyr/arch/arch/arm/core/cortex_m/libarch__arm__core__cortex_m.a(irq_init.c.obj)
                              (--whole-archive)
zephyr/arch/arch/arm/core/cortex_m/libarch__arm__core__cortex_m.a(isr_wrapper.c.obj)
                              (--whole-archive)
zephyr/arch/arch/arm/core/cortex_m/libarch__arm__core__cortex_m.a(__aeabi_read_tp.S.obj)
                              (--whole-archive)
zephyr/lib/libc/picolibc/liblib__libc__picolibc.a(assert.c.obj)
                              (--whole-archive)
zephyr/lib/libc/picolibc/liblib__libc__picolibc.a(cbprintf.c.obj)
                              (--whole-archive)
zephyr/lib/libc/picolibc/liblib__libc__picolibc.a(chk_fail.c.obj)
                              (--whole-archive)
zephyr/lib/libc/picolibc/liblib__libc__picolibc.a(errno_wrap.c.obj)
                              (--whole-archive)
zephyr/lib/libc/picolibc/liblib__libc__picolibc.a(exit.c.obj)
                              (--whole-archive)
zephyr/lib/libc/picolibc/liblib__libc__picolibc.a(locks.c.obj)
                              (--whole-archive)
zephyr/lib/libc/picolibc/liblib__libc__picolibc.a(stdio.c.obj)
                              (--whole-archive)
[...]
Memory Configuration

Name             Origin             Length             Attributes
BOOT_FLASH       0x0000000010000000 0x0000000000000100 r
FLASH            0x0000000010000100 0x00000000001fff00 xr
RAM              0x0000000020000000 0x0000000000042000 xw
IDT_LIST         0x00000000ffff7fff 0x0000000000008000 xw
*default*        0x0000000000000000 0xffffffffffffffff

Linker script and memory map

                0x0000000010002a74                vfprintf = __l_vfprintf
                0x0000000000000000                vfscanf = __l_vfscanf
LOAD zephyr/CMakeFiles/zephyr_final.dir/misc/empty_file.c.obj
LOAD zephyr/CMakeFiles/zephyr_final.dir/isr_tables.c.obj
LOAD zephyr/CMakeFiles/offsets.dir/./arch/arm/core/offsets/offsets.c.obj
LOAD app/libapp.a
LOAD zephyr/libzephyr.a
LOAD zephyr/arch/common/libarch__common.a
LOAD zephyr/arch/arch/arm/core/libarch__arm__core.a
LOAD zephyr/arch/arch/arm/core/cortex_m/libarch__arm__core__cortex_m.a
LOAD zephyr/lib/libc/picolibc/liblib__libc__picolibc.a
LOAD zephyr/lib/libc/common/liblib__libc__common.a
LOAD zephyr/drivers/clock_control/libdrivers__clock_control.a
LOAD zephyr/drivers/console/libdrivers__console.a
LOAD zephyr/drivers/gpio/libdrivers__gpio.a
LOAD zephyr/drivers/pinctrl/libdrivers__pinctrl.a
LOAD zephyr/drivers/reset/libdrivers__reset.a
LOAD zephyr/drivers/serial/libdrivers__serial.a
LOAD zephyr/drivers/timer/libdrivers__timer.a
LOAD modules/hal_rpi_pico/libmodules__hal_rpi_pico.a
LOAD zephyr/kernel/libkernel.a
LOAD zephyr/arch/common/libisr_tables.a
LOAD /home/pininsu/zephyr-sdk-0.17.2/arm-zephyr-eabi/bin/../lib/gcc/../../picolibc/arm-zephyr-eabi/lib/thumb/v6-m/nofp/libc.a
LOAD /home/pininsu/zephyr-sdk-0.17.2/arm-zephyr-eabi/bin/../lib/gcc/arm-zephyr-eabi/12.2.0/thumb/v6-m/nofp/libgcc.a

.boot2          0x0000000010000000      0x100
 *(SORT_BY_ALIGNMENT(.boot2))
 .boot2         0x0000000010000000      0x100 modules/hal_rpi_pico/libmodules__hal_rpi_pico.a(boot_stage2.S.obj)
                0x0000000000000004                _region_min_align = 0x4

.rel.plt        0x0000000010000100        0x0
 *(SORT_BY_ALIGNMENT(.rel.plt))
                [!provide]                        PROVIDE (__rel_iplt_start = .)
 *(SORT_BY_ALIGNMENT(.rel.iplt))
 .rel.iplt      0x0000000010000100        0x0 zephyr/CMakeFiles/zephyr_final.dir/isr_tables.c.obj
                [!provide]                        PROVIDE (__rel_iplt_end = .)

.rela.plt       0x0000000010000100        0x0
 *(SORT_BY_ALIGNMENT(.rela.plt))
                [!provide]                        PROVIDE (__rela_iplt_start = .)
 *(SORT_BY_ALIGNMENT(.rela.iplt))
                [!provide]                        PROVIDE (__rela_iplt_end = .)

.rel.dyn
 *(SORT_BY_ALIGNMENT(.rel.*))

.rela.dyn
 *(SORT_BY_ALIGNMENT(.rela.*))

/DISCARD/
 *(SORT_BY_ALIGNMENT(.plt))

/DISCARD/
 *(SORT_BY_ALIGNMENT(.iplt))
                0x0000000010000100                __rom_region_start = 0x10000100

rom_start       0x0000000010000100       0xa8
                0x0000000010000100                __rom_start_address = .
 FILL mask 0x00
                0x0000000010000100                . = (. + (0x0 - (. - __rom_start_address)))
                0x0000000010000100                . = ALIGN (0x4)
                0x0000000010000100                . = ALIGN (0x100)
                0x0000000010000100                . = ALIGN (0x100)
                0x0000000010000100                _vector_start = .
 *(SORT_BY_ALIGNMENT(.exc_vector_table))
 *(SORT_BY_ALIGNMENT(.exc_vector_table.*))
 .exc_vector_table._vector_table_section
                0x0000000010000100       0x40 zephyr/arch/arch/arm/core/cortex_m/libarch__arm__core__cortex_m.a(vector_table.S.obj)
                0x0000000010000100                _vector_table
 *(SORT_BY_ALIGNMENT(.vectors))
                0x00000000100001a8                _vector_end = .
                0x0000000010000140                . = ALIGN (0x4)
 *(SORT_BY_ALIGNMENT(.gnu.linkonce.irq_vector_table*))
 .gnu.linkonce.irq_vector_table
                0x0000000010000140       0x68 zephyr/CMakeFiles/zephyr_final.dir/isr_tables.c.obj
                0x0000000010000140                _irq_vector_table
                0x00000000100001a8                _vector_end = .

text            0x00000000100001a8     0x3990
                0x00000000100001a8                __text_region_start = .
 *(SORT_BY_ALIGNMENT(.text))
 .text          0x00000000100001a8       0x14 /home/pininsu/zephyr-sdk-0.17.2/arm-zephyr-eabi/bin/../lib/gcc/arm-zephyr-eabi/12.2.0/thumb/v6-m/nofp/libgcc.a(_thumb1_case_uqi.o)
                0x00000000100001a8                __gnu_thumb1_case_uqi
 .text          0x00000000100001bc       0x8c /home/pininsu/zephyr-sdk-0.17.2/arm-zephyr-eabi/bin/../lib/gcc/arm-zephyr-eabi/12.2.0/thumb/v6-m/nofp/libgcc.a(_udivsi3.o)
                0x00000000100001bc                __udivsi3
                0x00000000100001bc                __aeabi_uidiv
                0x0000000010000234                __aeabi_uidivmod
 .text          0x0000000010000248        0x4 /home/pininsu/zephyr-sdk-0.17.2/arm-zephyr-eabi/bin/../lib/gcc/arm-zephyr-eabi/12.2.0/thumb/v6-m/nofp/libgcc.a(_dvmd_tls.o)
                0x0000000010000248                __aeabi_ldiv0
                0x0000000010000248                __aeabi_idiv0
 .text          0x000000001000024c       0x18 /home/pininsu/zephyr-sdk-0.17.2/arm-zephyr-eabi/bin/../lib/gcc/arm-zephyr-eabi/12.2.0/thumb/v6-m/nofp/libgcc.a(_lshrdi3.o)
                0x000000001000024c                __aeabi_llsr
                0x000000001000024c                __lshrdi3
 .text          0x0000000010000264       0x3c /home/pininsu/zephyr-sdk-0.17.2/arm-zephyr-eabi/bin/../lib/gcc/arm-zephyr-eabi/12.2.0/thumb/v6-m/nofp/libgcc.a(_clzsi2.o)
                0x0000000010000264                __clzsi2
 .text          0x00000000100002a0       0x40 /home/pininsu/zephyr-sdk-0.17.2/arm-zephyr-eabi/bin/../lib/gcc/arm-zephyr-eabi/12.2.0/thumb/v6-m/nofp/libgcc.a(_aeabi_uldivmod.o)
                0x00000000100002a0                __aeabi_uldivmod
 .text          0x00000000100002e0      0x2e8 /home/pininsu/zephyr-sdk-0.17.2/arm-zephyr-eabi/bin/../lib/gcc/arm-zephyr-eabi/12.2.0/thumb/v6-m/nofp/libgcc.a(addsf3.o)
                0x00000000100002e0                __aeabi_fadd
 .text          0x00000000100005c8      0x1c4 /home/pininsu/zephyr-sdk-0.17.2/arm-zephyr-eabi/bin/../lib/gcc/arm-zephyr-eabi/12.2.0/thumb/v6-m/nofp/libgcc.a(divsf3.o)
                0x00000000100005c8                __aeabi_fdiv
 .text          0x000000001000078c      0x1ec /home/pininsu/zephyr-sdk-0.17.2/arm-zephyr-eabi/bin/../lib/gcc/arm-zephyr-eabi/12.2.0/thumb/v6-m/nofp/libgcc.a(mulsf3.o)
                0x000000001000078c                __aeabi_fmul
 .text          0x0000000010000978       0x3c /home/pininsu/zephyr-sdk-0.17.2/arm-zephyr-eabi/bin/../lib/gcc/arm-zephyr-eabi/12.2.0/thumb/v6-m/nofp/libgcc.a(fixsfsi.o)
                0x0000000010000978                __aeabi_f2iz
 .text          0x00000000100009b4       0x78 /home/pininsu/zephyr-sdk-0.17.2/arm-zephyr-eabi/bin/../lib/gcc/arm-zephyr-eabi/12.2.0/thumb/v6-m/nofp/libgcc.a(floatunsisf.o)
                0x00000000100009b4                __aeabi_ui2f
 .text          0x0000000010000a2c       0x18 /home/pininsu/zephyr-sdk-0.17.2/arm-zephyr-eabi/bin/../lib/gcc/arm-zephyr-eabi/12.2.0/thumb/v6-m/nofp/libgcc.a(_ashldi3.o)
                0x0000000010000a2c                __ashldi3
                0x0000000010000a2c                __aeabi_llsl
 .text          0x0000000010000a44       0x18 /home/pininsu/zephyr-sdk-0.17.2/arm-zephyr-eabi/bin/../lib/gcc/arm-zephyr-eabi/12.2.0/thumb/v6-m/nofp/libgcc.a(_clzdi2.o)
                0x0000000010000a44                __clzdi2
 .text          0x0000000010000a5c       0xde /home/pininsu/zephyr-sdk-0.17.2/arm-zephyr-eabi/bin/../lib/gcc/arm-zephyr-eabi/12.2.0/thumb/v6-m/nofp/libgcc.a(_udivmoddi4.o)
                0x0000000010000a5c                __udivmoddi4
 *(SORT_BY_ALIGNMENT(.text.*))
 *fill*         0x0000000010000b3a        0x2 
 .text.main     0x0000000010000b3c       0x78 app/libapp.a(main.c.obj)
                0x0000000010000b3c                main
 .text.char_out
                0x0000000010000bb4       0x10 zephyr/libzephyr.a(printk.c.obj)
 .text.__printk_hook_install
                0x0000000010000bc4        0xc zephyr/libzephyr.a(printk.c.obj)
                0x0000000010000bc4                __printk_hook_install
 .text.vprintk  0x0000000010000bd0       0x30 zephyr/libzephyr.a(printk.c.obj)
                0x0000000010000bd0                vprintk
 .text.z_thread_entry
                0x0000000010000c00       0x30 zephyr/libzephyr.a(thread_entry.c.obj)
                0x0000000010000c00                z_thread_entry
 .text.z_SysNmiOnReset
                0x0000000010000c30        0x4 zephyr/arch/arch/arm/core/libarch__arm__core.a(nmi_on_reset.S.obj)
                0x0000000010000c30                z_SysNmiOnReset
 .text.arch_tls_stack_setup
                0x0000000010000c34       0x38 zephyr/arch/arch/arm/core/libarch__arm__core.a(tls.c.obj)
                0x0000000010000c34                arch_tls_stack_setup
 .text._HandlerModeExit
                0x0000000010000c6c       0x20 zephyr/arch/arch/arm/core/cortex_m/libarch__arm__core__cortex_m.a(exc_exit.c.obj)
                0x0000000010000c6c                z_arm_exc_exit
                0x0000000010000c6c                z_arm_int_exit
 .text.z_arm_fault
                0x0000000010000c8c       0xa8 zephyr/arch/arch/arm/core/cortex_m/libarch__arm__core__cortex_m.a(fault.c.obj)
                0x0000000010000c8c                z_arm_fault
 .text.z_arm_fault_init
                0x0000000010000d34       0x10 zephyr/arch/arch/arm/core/cortex_m/libarch__arm__core__cortex_m.a(fault.c.obj)
                0x0000000010000d34                z_arm_fault_init
 .text.__fault  0x0000000010000d44       0x14 zephyr/arch/arch/arm/core/cortex_m/libarch__arm__core__cortex_m.a(fault_s.S.obj)
                0x0000000010000d44                z_arm_exc_spurious
                0x0000000010000d44                z_arm_hard_fault
 .text._reset_section
                0x0000000010000d58       0x34 zephyr/arch/arch/arm/core/cortex_m/libarch__arm__core__cortex_m.a(reset.S.obj)
                0x0000000010000d58                z_arm_reset
                0x0000000010000d58                __start
 .text.z_impl_k_thread_abort
                0x0000000010000d8c       0x38 zephyr/arch/arch/arm/core/cortex_m/libarch__arm__core__cortex_m.a(thread_abort.c.obj)
                0x0000000010000d8c                z_impl_k_thread_abort
 .text.z_arm_pendsv
                0x0000000010000dc4       0x70 zephyr/arch/arch/arm/core/cortex_m/libarch__arm__core__cortex_m.a(swap_helper.S.obj)
                0x0000000010000dc4                z_arm_pendsv
 .text.z_arm_svc
                0x0000000010000e34       0x28 zephyr/arch/arch/arm/core/cortex_m/libarch__arm__core__cortex_m.a(swap_helper.S.obj)
                0x0000000010000e34                z_arm_svc
 .text.arm_irq_enable
                0x0000000010000e5c       0x18 zephyr/arch/arch/arm/core/cortex_m/libarch__arm__core__cortex_m.a(irq_manage.c.obj)
                0x0000000010000e5c                arm_irq_enable
 .text.arm_irq_priority_set
                0x0000000010000e74       0x54 zephyr/arch/arch/arm/core/cortex_m/libarch__arm__core__cortex_m.a(irq_manage.c.obj)
                0x0000000010000e74                arm_irq_priority_set
 .text.relocate_vector_table
                0x0000000010000ec8       0x1c zephyr/arch/arch/arm/core/cortex_m/libarch__arm__core__cortex_m.a(prep_c.c.obj)
                0x0000000010000ec8                relocate_vector_table
 .text.arch_new_thread
                0x0000000010000ee4       0x2c zephyr/arch/arch/arm/core/cortex_m/libarch__arm__core__cortex_m.a(thread.c.obj)
                0x0000000010000ee4                arch_new_thread
 .text.arch_switch_to_main_thread
                0x0000000010000f10       0x38 zephyr/arch/arch/arm/core/cortex_m/libarch__arm__core__cortex_m.a(thread.c.obj)
                0x0000000010000f10                arch_switch_to_main_thread
 .text.z_arm_cpu_idle_init
                0x0000000010000f48        0xc zephyr/arch/arch/arm/core/cortex_m/libarch__arm__core__cortex_m.a(cpu_idle.c.obj)
                0x0000000010000f48                z_arm_cpu_idle_init
 .text.z_arm_interrupt_init
                0x0000000010000f54       0x30 zephyr/arch/arch/arm/core/cortex_m/libarch__arm__core__cortex_m.a(irq_init.c.obj)
                0x0000000010000f54                z_arm_interrupt_init
 .text._isr_wrapper
                0x0000000010000f84       0x20 zephyr/arch/arch/arm/core/cortex_m/libarch__arm__core__cortex_m.a(isr_wrapper.c.obj)
                0x0000000010000f84                _isr_wrapper
 .text.z_impl_zephyr_fputc
                0x0000000010000fa4       0x10 zephyr/lib/libc/picolibc/liblib__libc__picolibc.a(stdio.c.obj)
                0x0000000010000fa4                z_impl_zephyr_fputc
 .text.__stdout_hook_install
                0x0000000010000fb4       0x18 zephyr/lib/libc/picolibc/liblib__libc__picolibc.a(stdio.c.obj)
                0x0000000010000fb4                __stdout_hook_install
 .text.abort    0x0000000010000fcc       0x18 zephyr/lib/libc/common/liblib__libc__common.a(abort.c.obj)
                0x0000000010000fcc                abort
 .text.malloc_prepare
                0x0000000010000fe4       0x24 zephyr/lib/libc/common/liblib__libc__common.a(malloc.c.obj)
 .text.clock_control_rpi_pico_on
                0x0000000010001008       0x40 zephyr/drivers/clock_control/libdrivers__clock_control.a(clock_control_rpi_pico.c.obj)
 .text.clock_control_rpi_pico_off
                0x0000000010001048       0x40 zephyr/drivers/clock_control/libdrivers__clock_control.a(clock_control_rpi_pico.c.obj)
 .text.rpi_pico_rosc_write.constprop.0
                0x0000000010001088       0x30 zephyr/drivers/clock_control/libdrivers__clock_control.a(clock_control_rpi_pico.c.obj)
 .text.rpi_pico_get_clock_src.isra.0
                0x00000000100010b8       0x9c zephyr/drivers/clock_control/libdrivers__clock_control.a(clock_control_rpi_pico.c.obj)
 .text.rpi_pico_calc_clock_freq
                0x0000000010001154      0x104 zephyr/drivers/clock_control/libdrivers__clock_control.a(clock_control_rpi_pico.c.obj)
 .text.clock_control_rpi_pico_init
                0x0000000010001258      0x1c8 zephyr/drivers/clock_control/libdrivers__clock_control.a(clock_control_rpi_pico.c.obj)
 .text.uart_console_init
                0x0000000010001420       0x2c zephyr/drivers/console/libdrivers__console.a(uart_console.c.obj)
 .text.console_out
                0x000000001000144c       0x28 zephyr/drivers/console/libdrivers__console.a(uart_console.c.obj)
 .text.gpio_rpi_get_pending_int
                0x0000000010001474       0x30 zephyr/drivers/gpio/libdrivers__gpio.a(gpio_rpi_pico.c.obj)
 .text.gpio_rpi_isr
                0x00000000100014a4       0x7c zephyr/drivers/gpio/libdrivers__gpio.a(gpio_rpi_pico.c.obj)
 .text.gpio_rpi_configure
                0x0000000010001520       0xbc zephyr/drivers/gpio/libdrivers__gpio.a(gpio_rpi_pico.c.obj)
 .text.pl011_irq_err_disable
                0x00000000100015dc       0x14 zephyr/drivers/serial/libdrivers__serial.a(uart_pl011.c.obj)
 .text.pl011_runtime_configure_internal
                0x00000000100015f0      0x16c zephyr/drivers/serial/libdrivers__serial.a(uart_pl011.c.obj)
 .text.pl011_init
                0x000000001000175c      0x128 zephyr/drivers/serial/libdrivers__serial.a(uart_pl011.c.obj)
 .text.elapsed  0x0000000010001884       0x54 zephyr/drivers/timer/libdrivers__timer.a(cortex_m_systick.c.obj)
 .text.sys_clock_driver_init
                0x00000000100018d8       0x40 zephyr/drivers/timer/libdrivers__timer.a(cortex_m_systick.c.obj)
 .text.sys_clock_isr
                0x0000000010001918       0x58 zephyr/drivers/timer/libdrivers__timer.a(cortex_m_systick.c.obj)
                0x0000000010001918                sys_clock_isr
 .text.sys_clock_set_timeout
                0x0000000010001970      0x118 zephyr/drivers/timer/libdrivers__timer.a(cortex_m_systick.c.obj)
                0x0000000010001970                sys_clock_set_timeout
 .text.sys_clock_elapsed
                0x0000000010001a88       0x38 zephyr/drivers/timer/libdrivers__timer.a(cortex_m_systick.c.obj)
                0x0000000010001a88                sys_clock_elapsed
 .text.clock_configure_internal
                0x0000000010001ac0       0xbc modules/hal_rpi_pico/libmodules__hal_rpi_pico.a(clocks.c.obj)
 .text.pll_init
                0x0000000010001b7c       0xcc modules/hal_rpi_pico/libmodules__hal_rpi_pico.a(pll.c.obj)
                0x0000000010001b7c                pll_init
 .text.xosc_init
                0x0000000010001c48       0x28 modules/hal_rpi_pico/libmodules__hal_rpi_pico.a(xosc.c.obj)
                0x0000000010001c48                xosc_init
 .text.tick_start
                0x0000000010001c70       0x10 modules/hal_rpi_pico/libmodules__hal_rpi_pico.a(ticks.c.obj)
                0x0000000010001c70                tick_start
 .text.gpio_set_function
                0x0000000010001c80       0x30 modules/hal_rpi_pico/libmodules__hal_rpi_pico.a(gpio.c.obj)
                0x0000000010001c80                gpio_set_function
 .text.gpio_set_pulls
                0x0000000010001cb0       0x24 modules/hal_rpi_pico/libmodules__hal_rpi_pico.a(gpio.c.obj)
                0x0000000010001cb0                gpio_set_pulls
 .text.gpio_set_irqover
                0x0000000010001cd4       0x24 modules/hal_rpi_pico/libmodules__hal_rpi_pico.a(gpio.c.obj)
                0x0000000010001cd4                gpio_set_irqover
 .text.gpio_set_inover
                0x0000000010001cf8       0x24 modules/hal_rpi_pico/libmodules__hal_rpi_pico.a(gpio.c.obj)
                0x0000000010001cf8                gpio_set_inover
 .text.gpio_set_outover
                0x0000000010001d1c       0x24 modules/hal_rpi_pico/libmodules__hal_rpi_pico.a(gpio.c.obj)
                0x0000000010001d1c                gpio_set_outover
 .text.gpio_set_oeover
                0x0000000010001d40       0x24 modules/hal_rpi_pico/libmodules__hal_rpi_pico.a(gpio.c.obj)
                0x0000000010001d40                gpio_set_oeover
 .text.gpio_set_input_hysteresis_enabled
                0x0000000010001d64       0x1c modules/hal_rpi_pico/libmodules__hal_rpi_pico.a(gpio.c.obj)
                0x0000000010001d64                gpio_set_input_hysteresis_enabled
 .text.gpio_set_slew_rate
                0x0000000010001d80       0x20 modules/hal_rpi_pico/libmodules__hal_rpi_pico.a(gpio.c.obj)
                0x0000000010001d80                gpio_set_slew_rate
 .text.gpio_set_drive_strength
                0x0000000010001da0       0x20 modules/hal_rpi_pico/libmodules__hal_rpi_pico.a(gpio.c.obj)
                0x0000000010001da0                gpio_set_drive_strength
 .text.gpio_acknowledge_irq
                0x0000000010001dc0       0x18 modules/hal_rpi_pico/libmodules__hal_rpi_pico.a(gpio.c.obj)
                0x0000000010001dc0                gpio_acknowledge_irq
 .text.gpio_set_irq_enabled
                0x0000000010001dd8       0x44 modules/hal_rpi_pico/libmodules__hal_rpi_pico.a(gpio.c.obj)
                0x0000000010001dd8                gpio_set_irq_enabled
 .text.gpio_set_input_enabled
                0x0000000010001e1c       0x1c modules/hal_rpi_pico/libmodules__hal_rpi_pico.a(gpio.c.obj)
                0x0000000010001e1c                gpio_set_input_enabled
 .text.z_fatal_error
                0x0000000010001e38       0x28 zephyr/kernel/libkernel.a(fatal.c.obj)
                0x0000000010001e38                z_fatal_error
 .text.z_sys_init_run_level
                0x0000000010001e60       0x48 zephyr/kernel/libkernel.a(init.c.obj)
 .text.bg_thread_main
                0x0000000010001ea8       0xa8 zephyr/kernel/libkernel.a(init.c.obj)
 .text.z_bss_zero
                0x0000000010001f50       0x18 zephyr/kernel/libkernel.a(init.c.obj)
                0x0000000010001f50                z_bss_zero
 .text.z_init_cpu
                0x0000000010001f68       0x68 zephyr/kernel/libkernel.a(init.c.obj)
                0x0000000010001f68                z_init_cpu
 .text.z_cstart
                0x0000000010001fd0       0xb0 zephyr/kernel/libkernel.a(init.c.obj)
                0x0000000010001fd0                z_cstart
 .text.z_setup_new_thread
                0x0000000010002080       0x74 zephyr/kernel/libkernel.a(thread.c.obj)
                0x0000000010002080                z_setup_new_thread
 .text.z_dummy_thread_init
                0x00000000100020f4       0x14 zephyr/kernel/libkernel.a(thread.c.obj)
                0x00000000100020f4                z_dummy_thread_init
 .text.z_swap_irqlock
                0x0000000010002108       0x2c zephyr/kernel/libkernel.a(sched.c.obj)
 .text.ready_thread
                0x0000000010002134       0x8c zephyr/kernel/libkernel.a(sched.c.obj)
 .text.unready_thread
                0x00000000100021c0       0x58 zephyr/kernel/libkernel.a(sched.c.obj)
 .text.move_thread_to_end_of_prio_q
                0x0000000010002218       0x98 zephyr/kernel/libkernel.a(sched.c.obj)
                0x0000000010002218                move_thread_to_end_of_prio_q
 .text.z_reschedule
                0x00000000100022b0       0x2c zephyr/kernel/libkernel.a(sched.c.obj)
                0x00000000100022b0                z_reschedule
 .text.z_reschedule_irqlock
                0x00000000100022dc       0x2c zephyr/kernel/libkernel.a(sched.c.obj)
                0x00000000100022dc                z_reschedule_irqlock
 .text.k_sched_lock
                0x0000000010002308       0x20 zephyr/kernel/libkernel.a(sched.c.obj)
                0x0000000010002308                k_sched_lock
 .text.k_sched_unlock
                0x0000000010002328       0x60 zephyr/kernel/libkernel.a(sched.c.obj)
                0x0000000010002328                k_sched_unlock
 .text.z_sched_init
                0x0000000010002388       0x14 zephyr/kernel/libkernel.a(sched.c.obj)
                0x0000000010002388                z_sched_init
 .text.z_impl_k_yield
                0x000000001000239c       0x84 zephyr/kernel/libkernel.a(sched.c.obj)
                0x000000001000239c                z_impl_k_yield
 .text.z_tick_sleep
                0x0000000010002420       0x74 zephyr/kernel/libkernel.a(sched.c.obj)
 .text.z_impl_k_sleep
                0x0000000010002494       0x4c zephyr/kernel/libkernel.a(sched.c.obj)
                0x0000000010002494                z_impl_k_sleep
 .text.z_impl_k_wakeup
                0x00000000100024e0       0x40 zephyr/kernel/libkernel.a(sched.c.obj)
                0x00000000100024e0                z_impl_k_wakeup
 .text.z_impl_k_sched_current_thread_query
                0x0000000010002520        0xc zephyr/kernel/libkernel.a(sched.c.obj)
                0x0000000010002520                z_impl_k_sched_current_thread_query
 .text.z_thread_abort
                0x000000001000252c      0x128 zephyr/kernel/libkernel.a(sched.c.obj)
                0x000000001000252c                z_thread_abort
 .text.slice_timeout
                0x0000000010002654       0x20 zephyr/kernel/libkernel.a(timeslicing.c.obj)
 .text.thread_is_sliceable
                0x0000000010002674       0x40 zephyr/kernel/libkernel.a(timeslicing.c.obj)
                0x0000000010002674                thread_is_sliceable
 .text.z_reset_time_slice
                0x00000000100026b4       0x4c zephyr/kernel/libkernel.a(timeslicing.c.obj)
                0x00000000100026b4                z_reset_time_slice
 .text.z_time_slice
                0x0000000010002700       0x58 zephyr/kernel/libkernel.a(timeslicing.c.obj)
                0x0000000010002700                z_time_slice
 .text.z_data_copy
                0x0000000010002758       0x34 zephyr/kernel/libkernel.a(xip.c.obj)
                0x0000000010002758                z_data_copy
 .text.first    0x000000001000278c       0x10 zephyr/kernel/libkernel.a(timeout.c.obj)
 .text.next_timeout
                0x000000001000279c       0x38 zephyr/kernel/libkernel.a(timeout.c.obj)
 .text.elapsed  0x00000000100027d4       0x18 zephyr/kernel/libkernel.a(timeout.c.obj)
 .text.remove_timeout
                0x00000000100027ec       0x38 zephyr/kernel/libkernel.a(timeout.c.obj)
 .text.z_add_timeout
                0x0000000010002824      0x120 zephyr/kernel/libkernel.a(timeout.c.obj)
                0x0000000010002824                z_add_timeout
 .text.sys_clock_announce
                0x0000000010002944       0xd4 zephyr/kernel/libkernel.a(timeout.c.obj)
                0x0000000010002944                sys_clock_announce
 .text.sys_clock_tick_get
                0x0000000010002a18       0x2c zephyr/kernel/libkernel.a(timeout.c.obj)
                0x0000000010002a18                sys_clock_tick_get
 .text.boot_banner
                0x0000000010002a44       0x10 zephyr/kernel/libkernel.a(banner.c.obj)
                0x0000000010002a44                boot_banner
 .text.printf   0x0000000010002a54       0x20 /home/pininsu/zephyr-sdk-0.17.2/arm-zephyr-eabi/bin/../lib/gcc/../../picolibc/arm-zephyr-eabi/lib/thumb/v6-m/nofp/libc.a(libc_tinystdio_printf.c.o)
                0x0000000010002a54                printf
 .text.__l_vfprintf
                0x0000000010002a74      0x4d0 /home/pininsu/zephyr-sdk-0.17.2/arm-zephyr-eabi/bin/../lib/gcc/../../picolibc/arm-zephyr-eabi/lib/thumb/v6-m/nofp/libc.a(libc_tinystdio_vflprintf.c.o)
                0x0000000010002a74                __l_vfprintf
 .text._OffsetAbsSyms
                0x0000000010002f44        0x2 zephyr/CMakeFiles/offsets.dir/./arch/arm/core/offsets/offsets.c.obj
                0x0000000010002f44                _OffsetAbsSyms
 .text.chunk_field
                0x0000000010002f46       0x1a zephyr/libzephyr.a(heap.c.obj)
 .text.chunk_set
                0x0000000010002f60       0x1c zephyr/libzephyr.a(heap.c.obj)
 .text.chunk_size
                0x0000000010002f7c        0xc zephyr/libzephyr.a(heap.c.obj)
 .text.set_chunk_used
                0x0000000010002f88       0x36 zephyr/libzephyr.a(heap.c.obj)
 .text.set_chunk_size
                0x0000000010002fbe        0xc zephyr/libzephyr.a(heap.c.obj)
 .text.bucket_idx.isra.0
                0x0000000010002fca       0x20 zephyr/libzephyr.a(heap.c.obj)
 .text.free_list_add
                0x0000000010002fea       0x88 zephyr/libzephyr.a(heap.c.obj)
 .text.sys_heap_init
                0x0000000010003072       0xac zephyr/libzephyr.a(heap.c.obj)
                0x0000000010003072                sys_heap_init
 .text.arch_printk_char_out
                0x000000001000311e        0x4 zephyr/libzephyr.a(printk.c.obj)
                0x000000001000311e                arch_printk_char_out
 .text.printk   0x0000000010003122       0x16 zephyr/libzephyr.a(printk.c.obj)
                0x0000000010003122                printk
 .text._ConfigAbsSyms
                0x0000000010003138        0x2 zephyr/libzephyr.a(configs.c.obj)
                0x0000000010003138                _ConfigAbsSyms
 .text.z_arm_fatal_error
                0x000000001000313a       0x10 zephyr/arch/arch/arm/core/libarch__arm__core.a(fatal.c.obj)
                0x000000001000313a                z_arm_fatal_error
 .text.z_do_kernel_oops
                0x000000001000314a        0xc zephyr/arch/arch/arm/core/libarch__arm__core.a(fatal.c.obj)
                0x000000001000314a                z_do_kernel_oops
 .text.z_arm_nmi
                0x0000000010003156        0xc zephyr/arch/arch/arm/core/libarch__arm__core.a(nmi.c.obj)
                0x0000000010003156                z_arm_nmi
 .text.z_irq_spurious
                0x0000000010003162        0xc zephyr/arch/arch/arm/core/cortex_m/libarch__arm__core__cortex_m.a(irq_manage.c.obj)
                0x0000000010003162                z_irq_spurious
 .text.z_prep_c
                0x000000001000316e       0x16 zephyr/arch/arch/arm/core/cortex_m/libarch__arm__core__cortex_m.a(prep_c.c.obj)
                0x000000001000316e                z_prep_c
 .text.arch_irq_unlock_outlined
                0x0000000010003184        0xc zephyr/arch/arch/arm/core/cortex_m/libarch__arm__core__cortex_m.a(thread.c.obj)
                0x0000000010003184                arch_irq_unlock_outlined
 .text.arch_cpu_idle
                0x0000000010003190        0xe zephyr/arch/arch/arm/core/cortex_m/libarch__arm__core__cortex_m.a(cpu_idle.c.obj)
                0x0000000010003190                arch_cpu_idle
 .text.__assert_no_args
                0x000000001000319e        0x6 zephyr/lib/libc/picolibc/liblib__libc__picolibc.a(assert.c.obj)
                0x000000001000319e                __assert_no_args
 .text.picolibc_put
                0x00000000100031a4        0xa zephyr/lib/libc/picolibc/liblib__libc__picolibc.a(stdio.c.obj)
 .text.rpi_pico_is_clock_enabled.isra.0
                0x00000000100031ae       0x5e zephyr/drivers/clock_control/libdrivers__clock_control.a(clock_control_rpi_pico.c.obj)
 .text.clock_control_rpi_pico_get_status
                0x000000001000320c       0x18 zephyr/drivers/clock_control/libdrivers__clock_control.a(clock_control_rpi_pico.c.obj)
 .text.clock_control_rpi_pico_get_rate
                0x0000000010003224       0x1e zephyr/drivers/clock_control/libdrivers__clock_control.a(clock_control_rpi_pico.c.obj)
 .text.rpi_pico_clkid_tuple_reorder_by_dependencies
                0x0000000010003242       0x66 zephyr/drivers/clock_control/libdrivers__clock_control.a(clock_control_rpi_pico.c.obj)
                0x0000000010003242                rpi_pico_clkid_tuple_reorder_by_dependencies
 .text.gpio_rpi_port_get_raw
                0x00000000100032a8        0xc zephyr/drivers/gpio/libdrivers__gpio.a(gpio_rpi_pico.c.obj)
 .text.gpio_rpi_port_set_bits_raw
                0x00000000100032b4       0x2c zephyr/drivers/gpio/libdrivers__gpio.a(gpio_rpi_pico.c.obj)
 .text.gpio_rpi_port_clear_bits_raw
                0x00000000100032e0       0x2c zephyr/drivers/gpio/libdrivers__gpio.a(gpio_rpi_pico.c.obj)
 .text.gpio_rpi_port_toggle_bits
                0x000000001000330c       0x18 zephyr/drivers/gpio/libdrivers__gpio.a(gpio_rpi_pico.c.obj)
 .text.gpio_rpi_manage_callback
                0x0000000010003324       0x58 zephyr/drivers/gpio/libdrivers__gpio.a(gpio_rpi_pico.c.obj)
 .text.gpio_rpi_bank_init
                0x000000001000337c       0x10 zephyr/drivers/gpio/libdrivers__gpio.a(gpio_rpi_pico.c.obj)
 .text.gpio_rpi_pin_interrupt_configure
                0x000000001000338c       0x46 zephyr/drivers/gpio/libdrivers__gpio.a(gpio_rpi_pico.c.obj)
 .text.bank_0_config_func
                0x00000000100033d2       0x14 zephyr/drivers/gpio/libdrivers__gpio.a(gpio_rpi_pico.c.obj)
 .text.gpio_rpi_port_set_masked_raw
                0x00000000100033e6       0x3c zephyr/drivers/gpio/libdrivers__gpio.a(gpio_rpi_pico.c.obj)
 .text.pinctrl_lookup_state
                0x0000000010003422       0x26 zephyr/drivers/pinctrl/libdrivers__pinctrl.a(common.c.obj)
                0x0000000010003422                pinctrl_lookup_state
 .text.pinctrl_configure_pins
                0x0000000010003448       0xc6 zephyr/drivers/pinctrl/libdrivers__pinctrl.a(pinctrl_rpi_pico.c.obj)
                0x0000000010003448                pinctrl_configure_pins
 .text.reset_rpi_init
                0x000000001000350e        0x4 zephyr/drivers/reset/libdrivers__reset.a(reset_rpi_pico.c.obj)
 .text.reset_rpi_read_register.isra.0
                0x0000000010003512       0x30 zephyr/drivers/reset/libdrivers__reset.a(reset_rpi_pico.c.obj)
 .text.reset_rpi_update
                0x0000000010003542       0x72 zephyr/drivers/reset/libdrivers__reset.a(reset_rpi_pico.c.obj)
 .text.reset_rpi_line_assert
                0x00000000100035b4        0xa zephyr/drivers/reset/libdrivers__reset.a(reset_rpi_pico.c.obj)
 .text.reset_rpi_line_deassert
                0x00000000100035be        0xa zephyr/drivers/reset/libdrivers__reset.a(reset_rpi_pico.c.obj)
 .text.reset_rpi_line_toggle
                0x00000000100035c8       0x18 zephyr/drivers/reset/libdrivers__reset.a(reset_rpi_pico.c.obj)
 .text.reset_rpi_status
                0x00000000100035e0       0x38 zephyr/drivers/reset/libdrivers__reset.a(reset_rpi_pico.c.obj)
 .text.pl011_poll_in
                0x0000000010003618       0x34 zephyr/drivers/serial/libdrivers__serial.a(uart_pl011.c.obj)
 .text.pl011_poll_out
                0x000000001000364c       0x10 zephyr/drivers/serial/libdrivers__serial.a(uart_pl011.c.obj)
 .text.pl011_err_check
                0x000000001000365c       0x2a zephyr/drivers/serial/libdrivers__serial.a(uart_pl011.c.obj)
 .text.pl011_runtime_config_get
                0x0000000010003686        0xc zephyr/drivers/serial/libdrivers__serial.a(uart_pl011.c.obj)
 .text.pl011_fifo_fill
                0x0000000010003692       0x22 zephyr/drivers/serial/libdrivers__serial.a(uart_pl011.c.obj)
 .text.pl011_fifo_read
                0x00000000100036b4       0x22 zephyr/drivers/serial/libdrivers__serial.a(uart_pl011.c.obj)
 .text.pl011_irq_tx_enable
                0x00000000100036d6       0x48 zephyr/drivers/serial/libdrivers__serial.a(uart_pl011.c.obj)
 .text.pl011_irq_tx_disable
                0x000000001000371e       0x14 zephyr/drivers/serial/libdrivers__serial.a(uart_pl011.c.obj)
 .text.pl011_irq_tx_complete
                0x0000000010003732        0xe zephyr/drivers/serial/libdrivers__serial.a(uart_pl011.c.obj)
 .text.pl011_irq_tx_ready
                0x0000000010003740       0x34 zephyr/drivers/serial/libdrivers__serial.a(uart_pl011.c.obj)
 .text.pl011_irq_rx_enable
                0x0000000010003774        0xe zephyr/drivers/serial/libdrivers__serial.a(uart_pl011.c.obj)
 .text.pl011_irq_rx_disable
                0x0000000010003782        0xe zephyr/drivers/serial/libdrivers__serial.a(uart_pl011.c.obj)
 .text.pl011_irq_rx_ready
                0x0000000010003790       0x2c zephyr/drivers/serial/libdrivers__serial.a(uart_pl011.c.obj)
 .text.pl011_irq_err_enable
                0x00000000100037bc       0x10 zephyr/drivers/serial/libdrivers__serial.a(uart_pl011.c.obj)
 .text.pl011_irq_is_pending
                0x00000000100037cc       0x1c zephyr/drivers/serial/libdrivers__serial.a(uart_pl011.c.obj)
 .text.pl011_irq_update
                0x00000000100037e8        0x4 zephyr/drivers/serial/libdrivers__serial.a(uart_pl011.c.obj)
 .text.pl011_irq_callback_set
                0x00000000100037ec        0x8 zephyr/drivers/serial/libdrivers__serial.a(uart_pl011.c.obj)
 .text.pl011_isr
                0x00000000100037f4       0x22 zephyr/drivers/serial/libdrivers__serial.a(uart_pl011.c.obj)
                0x00000000100037f4                pl011_isr
 .text.pwr_on_raspberrypi_pico_uart_0
                0x0000000010003816        0x4 zephyr/drivers/serial/libdrivers__serial.a(uart_pl011.c.obj)
 .text.clk_enable_raspberrypi_pico_uart_0
                0x000000001000381a        0x4 zephyr/drivers/serial/libdrivers__serial.a(uart_pl011.c.obj)
 .text.pl011_irq_config_func_0
                0x000000001000381e       0x14 zephyr/drivers/serial/libdrivers__serial.a(uart_pl011.c.obj)
 .text.pl011_runtime_configure
                0x0000000010003832        0xa zephyr/drivers/serial/libdrivers__serial.a(uart_pl011.c.obj)
 .text.clock_configure
                0x000000001000383c       0x46 modules/hal_rpi_pico/libmodules__hal_rpi_pico.a(clocks.c.obj)
                0x000000001000383c                clock_configure
 .text.gpio_init
                0x0000000010003882       0x16 modules/hal_rpi_pico/libmodules__hal_rpi_pico.a(gpio.c.obj)
                0x0000000010003882                gpio_init
 .text.z_device_state_init
                0x0000000010003898        0x2 zephyr/kernel/libkernel.a(device.c.obj)
                0x0000000010003898                z_device_state_init
 .text.z_impl_device_is_ready
                0x000000001000389a       0x1a zephyr/kernel/libkernel.a(device.c.obj)
                0x000000001000389a                z_impl_device_is_ready
 .text.arch_system_halt
                0x00000000100038b4        0x8 zephyr/kernel/libkernel.a(fatal.c.obj)
                0x00000000100038b4                arch_system_halt
 .text.k_sys_fatal_error_handler
                0x00000000100038bc        0x6 zephyr/kernel/libkernel.a(fatal.c.obj)
                0x00000000100038bc                k_sys_fatal_error_handler
 .text.do_device_init
                0x00000000100038c2       0x30 zephyr/kernel/libkernel.a(init.c.obj)
 .text.z_early_memset
                0x00000000100038f2        0x8 zephyr/kernel/libkernel.a(init.c.obj)
                0x00000000100038f2                z_early_memset
 .text.z_early_memcpy
                0x00000000100038fa        0x8 zephyr/kernel/libkernel.a(init.c.obj)
                0x00000000100038fa                z_early_memcpy
 .text.idle     0x0000000010003902        0xe zephyr/kernel/libkernel.a(idle.c.obj)
                0x0000000010003902                idle
 .text.sys_dlist_remove
                0x0000000010003910       0x10 zephyr/kernel/libkernel.a(sched.c.obj)
 .text.unpend_thread_no_timeout
                0x0000000010003920       0x16 zephyr/kernel/libkernel.a(sched.c.obj)
 .text.z_ready_thread
                0x0000000010003936       0x18 zephyr/kernel/libkernel.a(sched.c.obj)
                0x0000000010003936                z_ready_thread
 .text.z_sched_wake_thread
                0x000000001000394e       0x36 zephyr/kernel/libkernel.a(sched.c.obj)
                0x000000001000394e                z_sched_wake_thread
 .text.z_thread_timeout
                0x0000000010003984        0xc zephyr/kernel/libkernel.a(sched.c.obj)
                0x0000000010003984                z_thread_timeout
 .text.z_abort_timeout
                0x0000000010003990       0x4c zephyr/kernel/libkernel.a(timeout.c.obj)
                0x0000000010003990                z_abort_timeout
 .text.sys_clock_tick_get_32
                0x00000000100039dc        0x8 zephyr/kernel/libkernel.a(timeout.c.obj)
                0x00000000100039dc                sys_clock_tick_get_32
 .text.memcpy   0x00000000100039e4       0x12 /home/pininsu/zephyr-sdk-0.17.2/arm-zephyr-eabi/bin/../lib/gcc/../../picolibc/arm-zephyr-eabi/lib/thumb/v6-m/nofp/libc.a(memcpy.c.o)
                0x00000000100039e4                memcpy
                0x00000000100039e4                __aeabi_memcpy
                0x00000000100039e4                __aeabi_memcpy4
                0x00000000100039e4                __aeabi_memcpy8
 .text.memset   0x00000000100039f6       0x10 /home/pininsu/zephyr-sdk-0.17.2/arm-zephyr-eabi/bin/../lib/gcc/../../picolibc/arm-zephyr-eabi/lib/thumb/v6-m/nofp/libc.a(memset.c.o)
                0x00000000100039f6                memset
 .text.strnlen  0x0000000010003a06       0x16 /home/pininsu/zephyr-sdk-0.17.2/arm-zephyr-eabi/bin/../lib/gcc/../../picolibc/arm-zephyr-eabi/lib/thumb/v6-m/nofp/libc.a(libc_string_strnlen.c.o)
                0x0000000010003a06                strnlen
 .text.__ultoa_invert
                0x0000000010003a1c      0x10e /home/pininsu/zephyr-sdk-0.17.2/arm-zephyr-eabi/bin/../lib/gcc/../../picolibc/arm-zephyr-eabi/lib/thumb/v6-m/nofp/libc.a(libc_tinystdio_vflprintf.c.o)
 *(SORT_BY_ALIGNMENT(.TEXT.*))
 *fill*         0x0000000010003b2a        0x2 
 .TEXT.__aeabi_read_tp
                0x0000000010003b2c        0xc zephyr/arch/arch/arm/core/cortex_m/libarch__arm__core__cortex_m.a(__aeabi_read_tp.S.obj)
                0x0000000010003b2c                __aeabi_read_tp
 *(SORT_BY_ALIGNMENT(.gnu.linkonce.t.*))
 *(SORT_BY_ALIGNMENT(.glue_7t))
 .glue_7t       0x0000000010003b38        0x0 linker stubs
 *(SORT_BY_ALIGNMENT(.glue_7))
 .glue_7        0x0000000010003b38        0x0 linker stubs
 *(SORT_BY_ALIGNMENT(.vfp11_veneer))
 .vfp11_veneer  0x0000000010003b38        0x0 linker stubs
 *(SORT_BY_ALIGNMENT(.v4_bx))
 .v4_bx         0x0000000010003b38        0x0 linker stubs
                0x0000000010003b38                . = ALIGN (0x4)
                0x0000000010003b38                __text_region_end = .

.ARM.exidx      0x0000000010003b38        0x8
                0x0000000010003b38                __exidx_start = .
 *(SORT_BY_ALIGNMENT(.ARM.exidx*) SORT_BY_ALIGNMENT(gnu.linkonce.armexidx.*))
 .ARM.exidx     0x0000000010003b38        0x8 /home/pininsu/zephyr-sdk-0.17.2/arm-zephyr-eabi/bin/../lib/gcc/arm-zephyr-eabi/12.2.0/thumb/v6-m/nofp/libgcc.a(_udivmoddi4.o)
                0x0000000010003b40                __exidx_end = .
                0x0000000010003b40                __rodata_region_start = .

initlevel       0x0000000010003b40       0x1c
                0x0000000010003b40                __init_start = .
                0x0000000010003b40                __init_EARLY_start = .
 *(SORT_BY_NAME(SORT_BY_ALIGNMENT(.z_init_EARLY_P_?_*)))
 *(SORT_BY_NAME(SORT_BY_ALIGNMENT(.z_init_EARLY_P_??_*)))
 *(SORT_BY_NAME(SORT_BY_ALIGNMENT(.z_init_EARLY_P_???_*)))
                0x0000000010003b40                __init_PRE_KERNEL_1_start = .
 *(SORT_BY_NAME(SORT_BY_ALIGNMENT(.z_init_PRE_KERNEL_1_P_?_*)))
 *(SORT_BY_NAME(SORT_BY_ALIGNMENT(.z_init_PRE_KERNEL_1_P_??_*)))
 .z_init_PRE_KERNEL_1_P_30_SUB_00025_
                0x0000000010003b40        0x4 zephyr/drivers/clock_control/libdrivers__clock_control.a(clock_control_rpi_pico.c.obj)
 .z_init_PRE_KERNEL_1_P_35_SUB_00027_
                0x0000000010003b44        0x4 zephyr/drivers/reset/libdrivers__reset.a(reset_rpi_pico.c.obj)
 .z_init_PRE_KERNEL_1_P_50_SUB_00064_
                0x0000000010003b48        0x4 zephyr/drivers/serial/libdrivers__serial.a(uart_pl011.c.obj)
 .z_init_PRE_KERNEL_1_P_60_SUB_0_
                0x0000000010003b4c        0x4 zephyr/drivers/console/libdrivers__console.a(uart_console.c.obj)
 *(SORT_BY_NAME(SORT_BY_ALIGNMENT(.z_init_PRE_KERNEL_1_P_???_*)))
                0x0000000010003b50                __init_PRE_KERNEL_2_start = .
 *(SORT_BY_NAME(SORT_BY_ALIGNMENT(.z_init_PRE_KERNEL_2_P_?_*)))
 .z_init_PRE_KERNEL_2_P_0_SUB_0_
                0x0000000010003b50        0x4 zephyr/drivers/timer/libdrivers__timer.a(cortex_m_systick.c.obj)
 *(SORT_BY_NAME(SORT_BY_ALIGNMENT(.z_init_PRE_KERNEL_2_P_??_*)))
 *(SORT_BY_NAME(SORT_BY_ALIGNMENT(.z_init_PRE_KERNEL_2_P_???_*)))
                0x0000000010003b54                __init_POST_KERNEL_start = .
 *(SORT_BY_NAME(SORT_BY_ALIGNMENT(.z_init_POST_KERNEL_P_?_*)))
 *(SORT_BY_NAME(SORT_BY_ALIGNMENT(.z_init_POST_KERNEL_P_??_*)))
 .z_init_POST_KERNEL_P_35_SUB_0_
                0x0000000010003b54        0x4 zephyr/lib/libc/common/liblib__libc__common.a(malloc.c.obj)
 .z_init_POST_KERNEL_P_40_SUB_00034_
                0x0000000010003b58        0x4 zephyr/drivers/gpio/libdrivers__gpio.a(gpio_rpi_pico.c.obj)
 *(SORT_BY_NAME(SORT_BY_ALIGNMENT(.z_init_POST_KERNEL_P_???_*)))
                0x0000000010003b5c                __init_APPLICATION_start = .
 *(SORT_BY_NAME(SORT_BY_ALIGNMENT(.z_init_APPLICATION_P_?_*)))
 *(SORT_BY_NAME(SORT_BY_ALIGNMENT(.z_init_APPLICATION_P_??_*)))
 *(SORT_BY_NAME(SORT_BY_ALIGNMENT(.z_init_APPLICATION_P_???_*)))
                0x0000000010003b5c                __init_SMP_start = .
 *(SORT_BY_NAME(SORT_BY_ALIGNMENT(.z_init_SMP_P_?_*)))
 *(SORT_BY_NAME(SORT_BY_ALIGNMENT(.z_init_SMP_P_??_*)))
 *(SORT_BY_NAME(SORT_BY_ALIGNMENT(.z_init_SMP_P_???_*)))
                0x0000000010003b5c                __init_end = .

device_area     0x0000000010003b5c       0x80
                0x0000000010003b5c                _device_list_start = .
 *(SORT_BY_NAME(SORT_BY_ALIGNMENT(._device.static.*_?_*)))
 *(SORT_BY_NAME(SORT_BY_ALIGNMENT(._device.static.*_??_*)))
 ._device.static.1_30_
                0x0000000010003b5c       0x20 zephyr/drivers/clock_control/libdrivers__clock_control.a(clock_control_rpi_pico.c.obj)
                0x0000000010003b5c                __device_dts_ord_25
 ._device.static.1_35_
                0x0000000010003b7c       0x20 zephyr/drivers/reset/libdrivers__reset.a(reset_rpi_pico.c.obj)
                0x0000000010003b7c                __device_dts_ord_27
 ._device.static.1_50_
                0x0000000010003b9c       0x20 zephyr/drivers/serial/libdrivers__serial.a(uart_pl011.c.obj)
                0x0000000010003b9c                __device_dts_ord_64
 ._device.static.3_40_
                0x0000000010003bbc       0x20 zephyr/drivers/gpio/libdrivers__gpio.a(gpio_rpi_pico.c.obj)
                0x0000000010003bbc                __device_dts_ord_34
 *(SORT_BY_NAME(SORT_BY_ALIGNMENT(._device.static.*_???_*)))
 *(SORT_BY_NAME(SORT_BY_ALIGNMENT(._device.static.*_????_*)))
 *(SORT_BY_NAME(SORT_BY_ALIGNMENT(._device.static.*_?????_*)))
                0x0000000010003bdc                _device_list_end = .

service_area    0x0000000010003bdc        0xc
                0x0000000010003bdc                _service_list_start = .
 *(SORT_BY_NAME(SORT_BY_ALIGNMENT(._service.static.*_?_*)))
 ._service.static.2_0_
                0x0000000010003bdc        0x4 zephyr/drivers/timer/libdrivers__timer.a(cortex_m_systick.c.obj)
 *(SORT_BY_NAME(SORT_BY_ALIGNMENT(._service.static.*_??_*)))
 ._service.static.1_60_
                0x0000000010003be0        0x4 zephyr/drivers/console/libdrivers__console.a(uart_console.c.obj)
 ._service.static.3_35_
                0x0000000010003be4        0x4 zephyr/lib/libc/common/liblib__libc__common.a(malloc.c.obj)
 *(SORT_BY_NAME(SORT_BY_ALIGNMENT(._service.static.*_???_*)))
 *(SORT_BY_NAME(SORT_BY_ALIGNMENT(._service.static.*_????_*)))
 *(SORT_BY_NAME(SORT_BY_ALIGNMENT(._service.static.*_?????_*)))
                0x0000000010003be8                _service_list_end = .

sw_isr_table    0x0000000010003be8       0xd0
                0x0000000010003be8                . = ALIGN (0x4)
 *(SORT_BY_ALIGNMENT(.gnu.linkonce.sw_isr_table*))
 .gnu.linkonce.sw_isr_table
                0x0000000010003be8       0xd0 zephyr/CMakeFiles/zephyr_final.dir/isr_tables.c.obj
                0x0000000010003be8                _sw_isr_table

initlevel_error
                0x0000000010003b40        0x0
 *(SORT_BY_NAME(SORT_BY_ALIGNMENT(.z_init_*)))
                0x0000000000000001                ASSERT ((SIZEOF (initlevel_error) == 0x0), Undefined initialization levels used.)

app_shmem_regions
                0x0000000010003cb8        0x0
                0x0000000010003cb8                __app_shmem_regions_start = .
 *(SORT_BY_NAME(SORT_BY_ALIGNMENT(.app_regions.*)))
                0x0000000010003cb8                __app_shmem_regions_end = .

k_p4wq_initparam_area
                0x0000000010003cb8        0x0
                0x0000000010003cb8                _k_p4wq_initparam_list_start = .
 *(SORT_BY_NAME(SORT_BY_ALIGNMENT(._k_p4wq_initparam.static.*)))
                0x0000000010003cb8                _k_p4wq_initparam_list_end = .

_static_thread_data_area
                0x0000000010003cb8        0x0
                0x0000000010003cb8                __static_thread_data_list_start = .
 *(SORT_BY_NAME(SORT_BY_ALIGNMENT(.__static_thread_data.static.*)))
                0x0000000010003cb8                __static_thread_data_list_end = .

device_deps     0x0000000010003cb8        0x0
                0x0000000010003cb8                __device_deps_start = .
 *(SORT_BY_NAME(SORT_BY_ALIGNMENT(.__device_deps_pass2*)))
                0x0000000010003cb8                __device_deps_end = .

gpio_driver_api_area
                0x0000000010003cb8       0x24
                0x0000000010003cb8                _gpio_driver_api_list_start = .
 *(SORT_BY_NAME(SORT_BY_ALIGNMENT(._gpio_driver_api.static.*)))
 ._gpio_driver_api.static.gpio_rpi_driver_api_
                0x0000000010003cb8       0x24 zephyr/drivers/gpio/libdrivers__gpio.a(gpio_rpi_pico.c.obj)
                0x0000000010003cdc                _gpio_driver_api_list_end = .

reset_driver_api_area
                0x0000000010003cdc       0x10
                0x0000000010003cdc                _reset_driver_api_list_start = .
 *(SORT_BY_NAME(SORT_BY_ALIGNMENT(._reset_driver_api.static.*)))
 ._reset_driver_api.static.reset_rpi_driver_api_
                0x0000000010003cdc       0x10 zephyr/drivers/reset/libdrivers__reset.a(reset_rpi_pico.c.obj)
                0x0000000010003cec                _reset_driver_api_list_end = .

shared_irq_driver_api_area
                0x0000000010003cec        0x0
                0x0000000010003cec                _shared_irq_driver_api_list_start = .
 *(SORT_BY_NAME(SORT_BY_ALIGNMENT(._shared_irq_driver_api.static.*)))
                0x0000000010003cec                _shared_irq_driver_api_list_end = .

crypto_driver_api_area
                0x0000000010003cec        0x0
                0x0000000010003cec                _crypto_driver_api_list_start = .
 *(SORT_BY_NAME(SORT_BY_ALIGNMENT(._crypto_driver_api.static.*)))
                0x0000000010003cec                _crypto_driver_api_list_end = .

adc_driver_api_area
                0x0000000010003cec        0x0
                0x0000000010003cec                _adc_driver_api_list_start = .
 *(SORT_BY_NAME(SORT_BY_ALIGNMENT(._adc_driver_api.static.*)))
                0x0000000010003cec                _adc_driver_api_list_end = .

auxdisplay_driver_api_area
                0x0000000010003cec        0x0
                0x0000000010003cec                _auxdisplay_driver_api_list_start = .
 *(SORT_BY_NAME(SORT_BY_ALIGNMENT(._auxdisplay_driver_api.static.*)))
                0x0000000010003cec                _auxdisplay_driver_api_list_end = .

bbram_driver_api_area
                0x0000000010003cec        0x0
                0x0000000010003cec                _bbram_driver_api_list_start = .
 *(SORT_BY_NAME(SORT_BY_ALIGNMENT(._bbram_driver_api.static.*)))
                0x0000000010003cec                _bbram_driver_api_list_end = .

bt_hci_driver_api_area
                0x0000000010003cec        0x0
                0x0000000010003cec                _bt_hci_driver_api_list_start = .
 *(SORT_BY_NAME(SORT_BY_ALIGNMENT(._bt_hci_driver_api.static.*)))
                0x0000000010003cec                _bt_hci_driver_api_list_end = .

can_driver_api_area
                0x0000000010003cec        0x0
                0x0000000010003cec                _can_driver_api_list_start = .
 *(SORT_BY_NAME(SORT_BY_ALIGNMENT(._can_driver_api.static.*)))
                0x0000000010003cec                _can_driver_api_list_end = .

cellular_driver_api_area
                0x0000000010003cec        0x0
                0x0000000010003cec                _cellular_driver_api_list_start = .
 *(SORT_BY_NAME(SORT_BY_ALIGNMENT(._cellular_driver_api.static.*)))
                0x0000000010003cec                _cellular_driver_api_list_end = .

charger_driver_api_area
                0x0000000010003cec        0x0
                0x0000000010003cec                _charger_driver_api_list_start = .
 *(SORT_BY_NAME(SORT_BY_ALIGNMENT(._charger_driver_api.static.*)))
                0x0000000010003cec                _charger_driver_api_list_end = .

clock_control_driver_api_area
                0x0000000010003cec       0x1c
                0x0000000010003cec                _clock_control_driver_api_list_start = .
 *(SORT_BY_NAME(SORT_BY_ALIGNMENT(._clock_control_driver_api.static.*)))
 ._clock_control_driver_api.static.clock_control_rpi_pico_api_
                0x0000000010003cec       0x1c zephyr/drivers/clock_control/libdrivers__clock_control.a(clock_control_rpi_pico.c.obj)
                0x0000000010003d08                _clock_control_driver_api_list_end = .

comparator_driver_api_area
                0x0000000010003d08        0x0
                0x0000000010003d08                _comparator_driver_api_list_start = .
 *(SORT_BY_NAME(SORT_BY_ALIGNMENT(._comparator_driver_api.static.*)))
                0x0000000010003d08                _comparator_driver_api_list_end = .

coredump_driver_api_area
                0x0000000010003d08        0x0
                0x0000000010003d08                _coredump_driver_api_list_start = .
 *(SORT_BY_NAME(SORT_BY_ALIGNMENT(._coredump_driver_api.static.*)))
                0x0000000010003d08                _coredump_driver_api_list_end = .

counter_driver_api_area
                0x0000000010003d08        0x0
                0x0000000010003d08                _counter_driver_api_list_start = .
 *(SORT_BY_NAME(SORT_BY_ALIGNMENT(._counter_driver_api.static.*)))
                0x0000000010003d08                _counter_driver_api_list_end = .

dac_driver_api_area
                0x0000000010003d08        0x0
                0x0000000010003d08                _dac_driver_api_list_start = .
 *(SORT_BY_NAME(SORT_BY_ALIGNMENT(._dac_driver_api.static.*)))
                0x0000000010003d08                _dac_driver_api_list_end = .

dai_driver_api_area
                0x0000000010003d08        0x0
                0x0000000010003d08                _dai_driver_api_list_start = .
 *(SORT_BY_NAME(SORT_BY_ALIGNMENT(._dai_driver_api.static.*)))
                0x0000000010003d08                _dai_driver_api_list_end = .

display_driver_api_area
                0x0000000010003d08        0x0
                0x0000000010003d08                _display_driver_api_list_start = .
 *(SORT_BY_NAME(SORT_BY_ALIGNMENT(._display_driver_api.static.*)))
                0x0000000010003d08                _display_driver_api_list_end = .

dma_driver_api_area
                0x0000000010003d08        0x0
                0x0000000010003d08                _dma_driver_api_list_start = .
 *(SORT_BY_NAME(SORT_BY_ALIGNMENT(._dma_driver_api.static.*)))
                0x0000000010003d08                _dma_driver_api_list_end = .

edac_driver_api_area
                0x0000000010003d08        0x0
                0x0000000010003d08                _edac_driver_api_list_start = .
 *(SORT_BY_NAME(SORT_BY_ALIGNMENT(._edac_driver_api.static.*)))
                0x0000000010003d08                _edac_driver_api_list_end = .

eeprom_driver_api_area
                0x0000000010003d08        0x0
                0x0000000010003d08                _eeprom_driver_api_list_start = .
 *(SORT_BY_NAME(SORT_BY_ALIGNMENT(._eeprom_driver_api.static.*)))
                0x0000000010003d08                _eeprom_driver_api_list_end = .

emul_bbram_driver_api_area
                0x0000000010003d08        0x0
                0x0000000010003d08                _emul_bbram_driver_api_list_start = .
 *(SORT_BY_NAME(SORT_BY_ALIGNMENT(._emul_bbram_driver_api.static.*)))
                0x0000000010003d08                _emul_bbram_driver_api_list_end = .

fuel_gauge_emul_driver_api_area
                0x0000000010003d08        0x0
                0x0000000010003d08                _fuel_gauge_emul_driver_api_list_start = .
 *(SORT_BY_NAME(SORT_BY_ALIGNMENT(._fuel_gauge_emul_driver_api.static.*)))
                0x0000000010003d08                _fuel_gauge_emul_driver_api_list_end = .

emul_sensor_driver_api_area
                0x0000000010003d08        0x0
                0x0000000010003d08                _emul_sensor_driver_api_list_start = .
 *(SORT_BY_NAME(SORT_BY_ALIGNMENT(._emul_sensor_driver_api.static.*)))
                0x0000000010003d08                _emul_sensor_driver_api_list_end = .

entropy_driver_api_area
                0x0000000010003d08        0x0
                0x0000000010003d08                _entropy_driver_api_list_start = .
 *(SORT_BY_NAME(SORT_BY_ALIGNMENT(._entropy_driver_api.static.*)))
                0x0000000010003d08                _entropy_driver_api_list_end = .

espi_driver_api_area
                0x0000000010003d08        0x0
                0x0000000010003d08                _espi_driver_api_list_start = .
 *(SORT_BY_NAME(SORT_BY_ALIGNMENT(._espi_driver_api.static.*)))
                0x0000000010003d08                _espi_driver_api_list_end = .

espi_saf_driver_api_area
                0x0000000010003d08        0x0
                0x0000000010003d08                _espi_saf_driver_api_list_start = .
 *(SORT_BY_NAME(SORT_BY_ALIGNMENT(._espi_saf_driver_api.static.*)))
                0x0000000010003d08                _espi_saf_driver_api_list_end = .

flash_driver_api_area
                0x0000000010003d08        0x0
                0x0000000010003d08                _flash_driver_api_list_start = .
 *(SORT_BY_NAME(SORT_BY_ALIGNMENT(._flash_driver_api.static.*)))
                0x0000000010003d08                _flash_driver_api_list_end = .

fpga_driver_api_area
                0x0000000010003d08        0x0
                0x0000000010003d08                _fpga_driver_api_list_start = .
 *(SORT_BY_NAME(SORT_BY_ALIGNMENT(._fpga_driver_api.static.*)))
                0x0000000010003d08                _fpga_driver_api_list_end = .

fuel_gauge_driver_api_area
                0x0000000010003d08        0x0
                0x0000000010003d08                _fuel_gauge_driver_api_list_start = .
 *(SORT_BY_NAME(SORT_BY_ALIGNMENT(._fuel_gauge_driver_api.static.*)))
                0x0000000010003d08                _fuel_gauge_driver_api_list_end = .

gnss_driver_api_area
                0x0000000010003d08        0x0
                0x0000000010003d08                _gnss_driver_api_list_start = .
 *(SORT_BY_NAME(SORT_BY_ALIGNMENT(._gnss_driver_api.static.*)))
                0x0000000010003d08                _gnss_driver_api_list_end = .

haptics_driver_api_area
                0x0000000010003d08        0x0
                0x0000000010003d08                _haptics_driver_api_list_start = .
 *(SORT_BY_NAME(SORT_BY_ALIGNMENT(._haptics_driver_api.static.*)))
                0x0000000010003d08                _haptics_driver_api_list_end = .

hwspinlock_driver_api_area
                0x0000000010003d08        0x0
                0x0000000010003d08                _hwspinlock_driver_api_list_start = .
 *(SORT_BY_NAME(SORT_BY_ALIGNMENT(._hwspinlock_driver_api.static.*)))
                0x0000000010003d08                _hwspinlock_driver_api_list_end = .

i2c_driver_api_area
                0x0000000010003d08        0x0
                0x0000000010003d08                _i2c_driver_api_list_start = .
 *(SORT_BY_NAME(SORT_BY_ALIGNMENT(._i2c_driver_api.static.*)))
                0x0000000010003d08                _i2c_driver_api_list_end = .

i2c_target_driver_api_area
                0x0000000010003d08        0x0
                0x0000000010003d08                _i2c_target_driver_api_list_start = .
 *(SORT_BY_NAME(SORT_BY_ALIGNMENT(._i2c_target_driver_api.static.*)))
                0x0000000010003d08                _i2c_target_driver_api_list_end = .

i2s_driver_api_area
                0x0000000010003d08        0x0
                0x0000000010003d08                _i2s_driver_api_list_start = .
 *(SORT_BY_NAME(SORT_BY_ALIGNMENT(._i2s_driver_api.static.*)))
                0x0000000010003d08                _i2s_driver_api_list_end = .

i3c_driver_api_area
                0x0000000010003d08        0x0
                0x0000000010003d08                _i3c_driver_api_list_start = .
 *(SORT_BY_NAME(SORT_BY_ALIGNMENT(._i3c_driver_api.static.*)))
                0x0000000010003d08                _i3c_driver_api_list_end = .

ipm_driver_api_area
                0x0000000010003d08        0x0
                0x0000000010003d08                _ipm_driver_api_list_start = .
 *(SORT_BY_NAME(SORT_BY_ALIGNMENT(._ipm_driver_api.static.*)))
                0x0000000010003d08                _ipm_driver_api_list_end = .

led_driver_api_area
                0x0000000010003d08        0x0
                0x0000000010003d08                _led_driver_api_list_start = .
 *(SORT_BY_NAME(SORT_BY_ALIGNMENT(._led_driver_api.static.*)))
                0x0000000010003d08                _led_driver_api_list_end = .

led_strip_driver_api_area
                0x0000000010003d08        0x0
                0x0000000010003d08                _led_strip_driver_api_list_start = .
 *(SORT_BY_NAME(SORT_BY_ALIGNMENT(._led_strip_driver_api.static.*)))
                0x0000000010003d08                _led_strip_driver_api_list_end = .

lora_driver_api_area
                0x0000000010003d08        0x0
                0x0000000010003d08                _lora_driver_api_list_start = .
 *(SORT_BY_NAME(SORT_BY_ALIGNMENT(._lora_driver_api.static.*)))
                0x0000000010003d08                _lora_driver_api_list_end = .

mbox_driver_api_area
                0x0000000010003d08        0x0
                0x0000000010003d08                _mbox_driver_api_list_start = .
 *(SORT_BY_NAME(SORT_BY_ALIGNMENT(._mbox_driver_api.static.*)))
                0x0000000010003d08                _mbox_driver_api_list_end = .

mdio_driver_api_area
                0x0000000010003d08        0x0
                0x0000000010003d08                _mdio_driver_api_list_start = .
 *(SORT_BY_NAME(SORT_BY_ALIGNMENT(._mdio_driver_api.static.*)))
                0x0000000010003d08                _mdio_driver_api_list_end = .

mipi_dbi_driver_api_area
                0x0000000010003d08        0x0
                0x0000000010003d08                _mipi_dbi_driver_api_list_start = .
 *(SORT_BY_NAME(SORT_BY_ALIGNMENT(._mipi_dbi_driver_api.static.*)))
                0x0000000010003d08                _mipi_dbi_driver_api_list_end = .

mipi_dsi_driver_api_area
                0x0000000010003d08        0x0
                0x0000000010003d08                _mipi_dsi_driver_api_list_start = .
 *(SORT_BY_NAME(SORT_BY_ALIGNMENT(._mipi_dsi_driver_api.static.*)))
                0x0000000010003d08                _mipi_dsi_driver_api_list_end = .

mspi_driver_api_area
                0x0000000010003d08        0x0
                0x0000000010003d08                _mspi_driver_api_list_start = .
 *(SORT_BY_NAME(SORT_BY_ALIGNMENT(._mspi_driver_api.static.*)))
                0x0000000010003d08                _mspi_driver_api_list_end = .

peci_driver_api_area
                0x0000000010003d08        0x0
                0x0000000010003d08                _peci_driver_api_list_start = .
 *(SORT_BY_NAME(SORT_BY_ALIGNMENT(._peci_driver_api.static.*)))
                0x0000000010003d08                _peci_driver_api_list_end = .

ps2_driver_api_area
                0x0000000010003d08        0x0
                0x0000000010003d08                _ps2_driver_api_list_start = .
 *(SORT_BY_NAME(SORT_BY_ALIGNMENT(._ps2_driver_api.static.*)))
                0x0000000010003d08                _ps2_driver_api_list_end = .

ptp_clock_driver_api_area
                0x0000000010003d08        0x0
                0x0000000010003d08                _ptp_clock_driver_api_list_start = .
 *(SORT_BY_NAME(SORT_BY_ALIGNMENT(._ptp_clock_driver_api.static.*)))
                0x0000000010003d08                _ptp_clock_driver_api_list_end = .

pwm_driver_api_area
                0x0000000010003d08        0x0
                0x0000000010003d08                _pwm_driver_api_list_start = .
 *(SORT_BY_NAME(SORT_BY_ALIGNMENT(._pwm_driver_api.static.*)))
                0x0000000010003d08                _pwm_driver_api_list_end = .

regulator_parent_driver_api_area
                0x0000000010003d08        0x0
                0x0000000010003d08                _regulator_parent_driver_api_list_start = .
 *(SORT_BY_NAME(SORT_BY_ALIGNMENT(._regulator_parent_driver_api.static.*)))
                0x0000000010003d08                _regulator_parent_driver_api_list_end = .

regulator_driver_api_area
                0x0000000010003d08        0x0
                0x0000000010003d08                _regulator_driver_api_list_start = .
 *(SORT_BY_NAME(SORT_BY_ALIGNMENT(._regulator_driver_api.static.*)))
                0x0000000010003d08                _regulator_driver_api_list_end = .

retained_mem_driver_api_area
                0x0000000010003d08        0x0
                0x0000000010003d08                _retained_mem_driver_api_list_start = .
 *(SORT_BY_NAME(SORT_BY_ALIGNMENT(._retained_mem_driver_api.static.*)))
                0x0000000010003d08                _retained_mem_driver_api_list_end = .

rtc_driver_api_area
                0x0000000010003d08        0x0
                0x0000000010003d08                _rtc_driver_api_list_start = .
 *(SORT_BY_NAME(SORT_BY_ALIGNMENT(._rtc_driver_api.static.*)))
                0x0000000010003d08                _rtc_driver_api_list_end = .

sdhc_driver_api_area
                0x0000000010003d08        0x0
                0x0000000010003d08                _sdhc_driver_api_list_start = .
 *(SORT_BY_NAME(SORT_BY_ALIGNMENT(._sdhc_driver_api.static.*)))
                0x0000000010003d08                _sdhc_driver_api_list_end = .

sensor_driver_api_area
                0x0000000010003d08        0x0
                0x0000000010003d08                _sensor_driver_api_list_start = .
 *(SORT_BY_NAME(SORT_BY_ALIGNMENT(._sensor_driver_api.static.*)))
                0x0000000010003d08                _sensor_driver_api_list_end = .

smbus_driver_api_area
                0x0000000010003d08        0x0
                0x0000000010003d08                _smbus_driver_api_list_start = .
 *(SORT_BY_NAME(SORT_BY_ALIGNMENT(._smbus_driver_api.static.*)))
                0x0000000010003d08                _smbus_driver_api_list_end = .

spi_driver_api_area
                0x0000000010003d08        0x0
                0x0000000010003d08                _spi_driver_api_list_start = .
 *(SORT_BY_NAME(SORT_BY_ALIGNMENT(._spi_driver_api.static.*)))
                0x0000000010003d08                _spi_driver_api_list_end = .

stepper_driver_api_area
                0x0000000010003d08        0x0
                0x0000000010003d08                _stepper_driver_api_list_start = .
 *(SORT_BY_NAME(SORT_BY_ALIGNMENT(._stepper_driver_api.static.*)))
                0x0000000010003d08                _stepper_driver_api_list_end = .

syscon_driver_api_area
                0x0000000010003d08        0x0
                0x0000000010003d08                _syscon_driver_api_list_start = .
 *(SORT_BY_NAME(SORT_BY_ALIGNMENT(._syscon_driver_api.static.*)))
                0x0000000010003d08                _syscon_driver_api_list_end = .

tee_driver_api_area
                0x0000000010003d08        0x0
                0x0000000010003d08                _tee_driver_api_list_start = .
 *(SORT_BY_NAME(SORT_BY_ALIGNMENT(._tee_driver_api.static.*)))
                0x0000000010003d08                _tee_driver_api_list_end = .

video_driver_api_area
                0x0000000010003d08        0x0
                0x0000000010003d08                _video_driver_api_list_start = .
 *(SORT_BY_NAME(SORT_BY_ALIGNMENT(._video_driver_api.static.*)))
                0x0000000010003d08                _video_driver_api_list_end = .

virtio_driver_api_area
                0x0000000010003d08        0x0
                0x0000000010003d08                _virtio_driver_api_list_start = .
 *(SORT_BY_NAME(SORT_BY_ALIGNMENT(._virtio_driver_api.static.*)))
                0x0000000010003d08                _virtio_driver_api_list_end = .

w1_driver_api_area
                0x0000000010003d08        0x0
                0x0000000010003d08                _w1_driver_api_list_start = .
 *(SORT_BY_NAME(SORT_BY_ALIGNMENT(._w1_driver_api.static.*)))
                0x0000000010003d08                _w1_driver_api_list_end = .

wdt_driver_api_area
                0x0000000010003d08        0x0
                0x0000000010003d08                _wdt_driver_api_list_start = .
 *(SORT_BY_NAME(SORT_BY_ALIGNMENT(._wdt_driver_api.static.*)))
                0x0000000010003d08                _wdt_driver_api_list_end = .

can_transceiver_driver_api_area
                0x0000000010003d08        0x0
                0x0000000010003d08                _can_transceiver_driver_api_list_start = .
 *(SORT_BY_NAME(SORT_BY_ALIGNMENT(._can_transceiver_driver_api.static.*)))
                0x0000000010003d08                _can_transceiver_driver_api_list_end = .

nrf_clock_control_driver_api_area
                0x0000000010003d08        0x0
                0x0000000010003d08                _nrf_clock_control_driver_api_list_start = .
 *(SORT_BY_NAME(SORT_BY_ALIGNMENT(._nrf_clock_control_driver_api.static.*)))
                0x0000000010003d08                _nrf_clock_control_driver_api_list_end = .

i3c_target_driver_api_area
                0x0000000010003d08        0x0
                0x0000000010003d08                _i3c_target_driver_api_list_start = .
 *(SORT_BY_NAME(SORT_BY_ALIGNMENT(._i3c_target_driver_api.static.*)))
                0x0000000010003d08                _i3c_target_driver_api_list_end = .

its_driver_api_area
                0x0000000010003d08        0x0
                0x0000000010003d08                _its_driver_api_list_start = .
 *(SORT_BY_NAME(SORT_BY_ALIGNMENT(._its_driver_api.static.*)))
                0x0000000010003d08                _its_driver_api_list_end = .

vtd_driver_api_area
                0x0000000010003d08        0x0
                0x0000000010003d08                _vtd_driver_api_list_start = .
 *(SORT_BY_NAME(SORT_BY_ALIGNMENT(._vtd_driver_api.static.*)))
                0x0000000010003d08                _vtd_driver_api_list_end = .

renesas_elc_driver_api_area
                0x0000000010003d08        0x0
                0x0000000010003d08                _renesas_elc_driver_api_list_start = .
 *(SORT_BY_NAME(SORT_BY_ALIGNMENT(._renesas_elc_driver_api.static.*)))
                0x0000000010003d08                _renesas_elc_driver_api_list_end = .

tgpio_driver_api_area
                0x0000000010003d08        0x0
                0x0000000010003d08                _tgpio_driver_api_list_start = .
 *(SORT_BY_NAME(SORT_BY_ALIGNMENT(._tgpio_driver_api.static.*)))
                0x0000000010003d08                _tgpio_driver_api_list_end = .

pcie_ctrl_driver_api_area
                0x0000000010003d08        0x0
                0x0000000010003d08                _pcie_ctrl_driver_api_list_start = .
 *(SORT_BY_NAME(SORT_BY_ALIGNMENT(._pcie_ctrl_driver_api.static.*)))
                0x0000000010003d08                _pcie_ctrl_driver_api_list_end = .

pcie_ep_driver_api_area
                0x0000000010003d08        0x0
                0x0000000010003d08                _pcie_ep_driver_api_list_start = .
 *(SORT_BY_NAME(SORT_BY_ALIGNMENT(._pcie_ep_driver_api.static.*)))
                0x0000000010003d08                _pcie_ep_driver_api_list_end = .

psi5_driver_api_area
                0x0000000010003d08        0x0
                0x0000000010003d08                _psi5_driver_api_list_start = .
 *(SORT_BY_NAME(SORT_BY_ALIGNMENT(._psi5_driver_api.static.*)))
                0x0000000010003d08                _psi5_driver_api_list_end = .

sent_driver_api_area
                0x0000000010003d08        0x0
                0x0000000010003d08                _sent_driver_api_list_start = .
 *(SORT_BY_NAME(SORT_BY_ALIGNMENT(._sent_driver_api.static.*)))
                0x0000000010003d08                _sent_driver_api_list_end = .

svc_driver_api_area
                0x0000000010003d08        0x0
                0x0000000010003d08                _svc_driver_api_list_start = .
 *(SORT_BY_NAME(SORT_BY_ALIGNMENT(._svc_driver_api.static.*)))
                0x0000000010003d08                _svc_driver_api_list_end = .

uart_driver_api_area
                0x0000000010003d08       0x4c
                0x0000000010003d08                _uart_driver_api_list_start = .
 *(SORT_BY_NAME(SORT_BY_ALIGNMENT(._uart_driver_api.static.*)))
 ._uart_driver_api.static.pl011_driver_api_
                0x0000000010003d08       0x4c zephyr/drivers/serial/libdrivers__serial.a(uart_pl011.c.obj)
                0x0000000010003d54                _uart_driver_api_list_end = .

bc12_emul_driver_api_area
                0x0000000010003d54        0x0
                0x0000000010003d54                _bc12_emul_driver_api_list_start = .
 *(SORT_BY_NAME(SORT_BY_ALIGNMENT(._bc12_emul_driver_api.static.*)))
                0x0000000010003d54                _bc12_emul_driver_api_list_end = .

bc12_driver_api_area
                0x0000000010003d54        0x0
                0x0000000010003d54                _bc12_driver_api_list_start = .
 *(SORT_BY_NAME(SORT_BY_ALIGNMENT(._bc12_driver_api.static.*)))
                0x0000000010003d54                _bc12_driver_api_list_end = .

usbc_ppc_driver_api_area
                0x0000000010003d54        0x0
                0x0000000010003d54                _usbc_ppc_driver_api_list_start = .
 *(SORT_BY_NAME(SORT_BY_ALIGNMENT(._usbc_ppc_driver_api.static.*)))
                0x0000000010003d54                _usbc_ppc_driver_api_list_end = .

tcpc_driver_api_area
                0x0000000010003d54        0x0
                0x0000000010003d54                _tcpc_driver_api_list_start = .
 *(SORT_BY_NAME(SORT_BY_ALIGNMENT(._tcpc_driver_api.static.*)))
                0x0000000010003d54                _tcpc_driver_api_list_end = .

usbc_vbus_driver_api_area
                0x0000000010003d54        0x0
                0x0000000010003d54                _usbc_vbus_driver_api_list_start = .
 *(SORT_BY_NAME(SORT_BY_ALIGNMENT(._usbc_vbus_driver_api.static.*)))
                0x0000000010003d54                _usbc_vbus_driver_api_list_end = .

ivshmem_driver_api_area
                0x0000000010003d54        0x0
                0x0000000010003d54                _ivshmem_driver_api_list_start = .
 *(SORT_BY_NAME(SORT_BY_ALIGNMENT(._ivshmem_driver_api.static.*)))
                0x0000000010003d54                _ivshmem_driver_api_list_end = .

ethphy_driver_api_area
                0x0000000010003d54        0x0
                0x0000000010003d54                _ethphy_driver_api_list_start = .
 *(SORT_BY_NAME(SORT_BY_ALIGNMENT(._ethphy_driver_api.static.*)))
                0x0000000010003d54                _ethphy_driver_api_list_end = .

ztest           0x0000000010003d54        0x0
                0x0000000010003d54                _ztest_expected_result_entry_list_start = .
 *(SORT_BY_NAME(SORT_BY_ALIGNMENT(._ztest_expected_result_entry.static.*)))
                0x0000000010003d54                _ztest_expected_result_entry_list_end = .
                0x0000000010003d54                _ztest_suite_node_list_start = .
 *(SORT_BY_NAME(SORT_BY_ALIGNMENT(._ztest_suite_node.static.*)))
                0x0000000010003d54                _ztest_suite_node_list_end = .
                0x0000000010003d54                _ztest_unit_test_list_start = .
 *(SORT_BY_NAME(SORT_BY_ALIGNMENT(._ztest_unit_test.static.*)))
                0x0000000010003d54                _ztest_unit_test_list_end = .
                0x0000000010003d54                _ztest_test_rule_list_start = .
 *(SORT_BY_NAME(SORT_BY_ALIGNMENT(._ztest_test_rule.static.*)))
                0x0000000010003d54                _ztest_test_rule_list_end = .

init_array      0x0000000010003d54        0x0
                0x0000000010003d54                __zephyr_init_array_start = .
 *(SORT_BY_INIT_PRIORITY(.init_array.*) SORT_BY_INIT_PRIORITY(.ctors.*))
 *(SORT_BY_ALIGNMENT(.init_array) SORT_BY_ALIGNMENT(.ctors))
                0x0000000010003d54                __zephyr_init_array_end = .
                0x0000000000000001                ASSERT ((__zephyr_init_array_start == __zephyr_init_array_end), GNU-style constructors required but STATIC_INIT_GNU not enabled)

bt_l2cap_fixed_chan_area
                0x0000000010003d54        0x0
                0x0000000010003d54                _bt_l2cap_fixed_chan_list_start = .
 *(SORT_BY_NAME(SORT_BY_ALIGNMENT(._bt_l2cap_fixed_chan.static.*)))
                0x0000000010003d54                _bt_l2cap_fixed_chan_list_end = .

bt_gatt_service_static_area
                0x0000000010003d54        0x0
                0x0000000010003d54                _bt_gatt_service_static_list_start = .
 *(SORT_BY_NAME(SORT_BY_ALIGNMENT(._bt_gatt_service_static.static.*)))
                0x0000000010003d54                _bt_gatt_service_static_list_end = .

log_strings_area
                0x0000000010003d54        0x0
                0x0000000010003d54                _log_strings_list_start = .
 *(SORT_BY_NAME(SORT_BY_ALIGNMENT(._log_strings.static.*)))
                0x0000000010003d54                _log_strings_list_end = .

log_stmesp_ptr_area
                0x0000000010003d54        0x0
                0x0000000010003d54                _log_stmesp_ptr_list_start = .
 *(SORT_BY_NAME(SORT_BY_ALIGNMENT(._log_stmesp_ptr.static.*)))
                0x0000000010003d54                _log_stmesp_ptr_list_end = .

log_stmesp_str_area
                0x0000000010003d54        0x0
                0x0000000010003d54                _log_stmesp_str_list_start = .
 *(SORT_BY_NAME(SORT_BY_ALIGNMENT(._log_stmesp_str.static.*)))
                0x0000000010003d54                _log_stmesp_str_list_end = .

log_const_area  0x0000000010003d54        0x0
                0x0000000010003d54                _log_const_list_start = .
 *(SORT_BY_NAME(SORT_BY_ALIGNMENT(._log_const.static.*)))
                0x0000000010003d54                _log_const_list_end = .

log_backend_area
                0x0000000010003d54        0x0
                0x0000000010003d54                _log_backend_list_start = .
 *(SORT_BY_NAME(SORT_BY_ALIGNMENT(._log_backend.static.*)))
                0x0000000010003d54                _log_backend_list_end = .

log_link_area   0x0000000010003d54        0x0
                0x0000000010003d54                _log_link_list_start = .
 *(SORT_BY_NAME(SORT_BY_ALIGNMENT(._log_link.static.*)))
                0x0000000010003d54                _log_link_list_end = .

tracing_backend_area
                0x0000000010003d54        0x0
                0x0000000010003d54                _tracing_backend_list_start = .
 *(SORT_BY_NAME(SORT_BY_ALIGNMENT(._tracing_backend.static.*)))
                0x0000000010003d54                _tracing_backend_list_end = .

zephyr_dbg_info
 *(SORT_BY_ALIGNMENT(.dbg_thread_info))

intc_table_area
                0x0000000010003d54        0x0
                0x0000000010003d54                _intc_table_list_start = .
 *(SORT_BY_NAME(SORT_BY_ALIGNMENT(._intc_table.static.*)))
                0x0000000010003d54                _intc_table_list_end = .

symbol_to_keep  0x0000000010003d54        0x0
                0x0000000010003d54                __symbol_to_keep_start = .
 *(SORT_BY_NAME(SORT_BY_ALIGNMENT(.symbol_to_keep*)))
                0x0000000010003d54                __symbol_to_keep_end = .

shell_area      0x0000000010003d54        0x0
                0x0000000010003d54                _shell_list_start = .
 *(SORT_BY_NAME(SORT_BY_ALIGNMENT(._shell.static.*)))
                0x0000000010003d54                _shell_list_end = .

shell_root_cmds_area
                0x0000000010003d54        0x0
                0x0000000010003d54                _shell_root_cmds_list_start = .
 *(SORT_BY_NAME(SORT_BY_ALIGNMENT(._shell_root_cmds.static.*)))
                0x0000000010003d54                _shell_root_cmds_list_end = .

shell_subcmds_area
                0x0000000010003d54        0x0
                0x0000000010003d54                _shell_subcmds_list_start = .
 *(SORT_BY_NAME(SORT_BY_ALIGNMENT(._shell_subcmds.static.*)))
                0x0000000010003d54                _shell_subcmds_list_end = .

shell_dynamic_subcmds_area
                0x0000000010003d54        0x0
                0x0000000010003d54                _shell_dynamic_subcmds_list_start = .
 *(SORT_BY_NAME(SORT_BY_ALIGNMENT(._shell_dynamic_subcmds.static.*)))
                0x0000000010003d54                _shell_dynamic_subcmds_list_end = .

cfb_font_area   0x0000000010003d54        0x0
                0x0000000010003d54                _cfb_font_list_start = .
 *(SORT_BY_NAME(SORT_BY_ALIGNMENT(._cfb_font.static.*)))
                0x0000000010003d54                _cfb_font_list_end = .

tdata           0x0000000010003d54        0x0
 *(SORT_BY_ALIGNMENT(.tdata) SORT_BY_ALIGNMENT(.tdata.*) SORT_BY_ALIGNMENT(.gnu.linkonce.td.*))

tbss            0x0000000010003d54        0x4
 *(SORT_BY_ALIGNMENT(.tbss) SORT_BY_ALIGNMENT(.tbss.*) SORT_BY_ALIGNMENT(.gnu.linkonce.tb.*) SORT_BY_ALIGNMENT(.tcommon))
 .tbss.z_tls_current
                0x0000000010003d54        0x4 zephyr/libzephyr.a(thread_entry.c.obj)
                0x0000000010003d54                z_tls_current
                0x0000000010003d54                PROVIDE (__tdata_start = LOADADDR (tdata))
                0x0000000000000001                PROVIDE (__tdata_align = ALIGNOF (tdata))
                0x0000000000000000                PROVIDE (__tdata_size = (((SIZEOF (tdata) + __tdata_align) - 0x1) & ~ ((__tdata_align - 0x1))))
                [!provide]                        PROVIDE (__tdata_end = (__tdata_start + __tdata_size))
                0x0000000000000004                PROVIDE (__tbss_align = ALIGNOF (tbss))
                [!provide]                        PROVIDE (__tbss_start = ADDR (tbss))
                0x0000000000000004                PROVIDE (__tbss_size = (((SIZEOF (tbss) + __tbss_align) - 0x1) & ~ ((__tbss_align - 0x1))))
                [!provide]                        PROVIDE (__tbss_end = (__tbss_start + __tbss_size))
                [!provide]                        PROVIDE (__tls_start = __tdata_start)
                [!provide]                        PROVIDE (__tls_end = __tbss_end)
                [!provide]                        PROVIDE (__tls_size = (__tbss_end - __tdata_start))

rodata          0x0000000010003d54      0x244
 *(SORT_BY_ALIGNMENT(.rodata))
 .rodata        0x0000000010003d54       0x22 zephyr/drivers/clock_control/libdrivers__clock_control.a(clock_control_rpi_pico.c.obj)
 *(SORT_BY_ALIGNMENT(.rodata.*))
 *fill*         0x0000000010003d76        0x2 
 .rodata.stdout
                0x0000000010003d78        0x4 zephyr/lib/libc/picolibc/liblib__libc__picolibc.a(stdio.c.obj)
                0x0000000010003d78                stdout
                0x0000000010003d78                stderr
 .rodata.clock_control_rpi_pico_config
                0x0000000010003d7c       0xf0 zephyr/drivers/clock_control/libdrivers__clock_control.a(clock_control_rpi_pico.c.obj)
 .rodata.__pinctrl_dev_config__device_dts_ord_25
                0x0000000010003e6c        0x8 zephyr/drivers/clock_control/libdrivers__clock_control.a(clock_control_rpi_pico.c.obj)
 .rodata.__pinctrl_states__device_dts_ord_25
                0x0000000010003e74        0x0 zephyr/drivers/clock_control/libdrivers__clock_control.a(clock_control_rpi_pico.c.obj)
 .rodata.gpio_rpi_0_config
                0x0000000010003e74        0x8 zephyr/drivers/gpio/libdrivers__gpio.a(gpio_rpi_pico.c.obj)
 .rodata.reset_rpi_config_0
                0x0000000010003e7c        0xc zephyr/drivers/reset/libdrivers__reset.a(reset_rpi_pico.c.obj)
 .rodata.__pinctrl_dev_config__device_dts_ord_64
                0x0000000010003e88        0x8 zephyr/drivers/serial/libdrivers__serial.a(uart_pl011.c.obj)
 .rodata.__pinctrl_states__device_dts_ord_64
                0x0000000010003e90        0x8 zephyr/drivers/serial/libdrivers__serial.a(uart_pl011.c.obj)
 .rodata.__pinctrl_state_pins_0__device_dts_ord_64
                0x0000000010003e98        0x8 zephyr/drivers/serial/libdrivers__serial.a(uart_pl011.c.obj)
 .rodata.levels.0
                0x0000000010003ea0       0x18 zephyr/kernel/libkernel.a(init.c.obj)
 .rodata.main.str1.1
                0x0000000010003eb8       0x16 app/libapp.a(main.c.obj)
 .rodata.abort.str1.1
                0x0000000010003ece        0x9 zephyr/lib/libc/common/liblib__libc__common.a(abort.c.obj)
 .rodata.table.0
                0x0000000010003ed7        0x6 zephyr/drivers/clock_control/libdrivers__clock_control.a(clock_control_rpi_pico.c.obj)
 .rodata.table.1
                0x0000000010003edd        0x7 zephyr/drivers/clock_control/libdrivers__clock_control.a(clock_control_rpi_pico.c.obj)
 .rodata.table.2
                0x0000000010003ee4        0x6 zephyr/drivers/clock_control/libdrivers__clock_control.a(clock_control_rpi_pico.c.obj)
 .rodata.table.3
                0x0000000010003eea        0x3 zephyr/drivers/clock_control/libdrivers__clock_control.a(clock_control_rpi_pico.c.obj)
 .rodata.table.4
                0x0000000010003eed        0xb zephyr/drivers/clock_control/libdrivers__clock_control.a(clock_control_rpi_pico.c.obj)
 .rodata.str1.1
                0x0000000010003ef8       0x1a zephyr/drivers/clock_control/libdrivers__clock_control.a(clock_control_rpi_pico.c.obj)
 .rodata.str1.1
                0x0000000010003f12        0xc zephyr/drivers/gpio/libdrivers__gpio.a(gpio_rpi_pico.c.obj)
 .rodata.str1.1
                0x0000000010003f1e       0x1a zephyr/drivers/reset/libdrivers__reset.a(reset_rpi_pico.c.obj)
 .rodata.str1.1
                0x0000000010003f38        0xe zephyr/drivers/serial/libdrivers__serial.a(uart_pl011.c.obj)
 .rodata.z_cstart.str1.1
                0x0000000010003f46        0x5 zephyr/kernel/libkernel.a(init.c.obj)
 .rodata.boot_banner.str1.1
                0x0000000010003f4b       0x3d zephyr/kernel/libkernel.a(banner.c.obj)
 .rodata.__l_vfprintf.str1.1
                0x0000000010003f88        0xf /home/pininsu/zephyr-sdk-0.17.2/arm-zephyr-eabi/bin/../lib/gcc/../../picolibc/arm-zephyr-eabi/lib/thumb/v6-m/nofp/libc.a(libc_tinystdio_vflprintf.c.o)
 *(SORT_BY_ALIGNMENT(.gnu.linkonce.r.*))
                0x0000000010003f98                . = ALIGN (0x4)
 *fill*         0x0000000010003f97        0x1 

/DISCARD/
 *(SORT_BY_ALIGNMENT(.eh_frame))
                0x0000000010003f98                __rodata_region_end = .
                0x0000000010003f98                . = ALIGN (_region_min_align)
                0x0000000010003f98                __rom_region_end = ((__rom_region_start + .) - ADDR (rom_start))

/DISCARD/
 *(SORT_BY_ALIGNMENT(.got.plt))
 *(SORT_BY_ALIGNMENT(.igot.plt))
 *(SORT_BY_ALIGNMENT(.got))
 *(SORT_BY_ALIGNMENT(.igot))
                0x0000000020000000                . = 0x20000000
                0x0000000020000000                . = ALIGN (_region_min_align)
                0x0000000020000000                _image_ram_start = .

.ramfunc        0x0000000020000000        0x0 load address 0x0000000010003f98
                0x0000000020000000                __ramfunc_region_start = .
                0x0000000020000000                . = ALIGN (_region_min_align)
                0x0000000020000000                __ramfunc_start = .
 *(SORT_BY_ALIGNMENT(.ramfunc))
 *(SORT_BY_ALIGNMENT(.ramfunc.*))
                0x0000000020000000                . = ALIGN (_region_min_align)
                0x0000000020000000                __ramfunc_end = .
                0x0000000000000000                __ramfunc_size = (__ramfunc_end - __ramfunc_start)
                0x0000000010003f98                __ramfunc_load_start = LOADADDR (.ramfunc)

datas           0x0000000020000000       0x6c load address 0x0000000010003f98
                0x0000000020000000                __data_region_start = .
                0x0000000020000000                __data_start = .
 *(SORT_BY_ALIGNMENT(.data))
 *(SORT_BY_ALIGNMENT(.data.*))
 .data._char_out
                0x0000000020000000        0x4 zephyr/libzephyr.a(printk.c.obj)
 .data.__stdout
                0x0000000020000004       0x10 zephyr/lib/libc/picolibc/liblib__libc__picolibc.a(stdio.c.obj)
 .data.clock_control_rpi_pico_data
                0x0000000020000014        0x8 zephyr/drivers/clock_control/libdrivers__clock_control.a(clock_control_rpi_pico.c.obj)
 .data.pl011_data_port_0
                0x000000002000001c       0x1c zephyr/drivers/serial/libdrivers__serial.a(uart_pl011.c.obj)
 .data.pl011_cfg_port_0
                0x0000000020000038       0x28 zephyr/drivers/serial/libdrivers__serial.a(uart_pl011.c.obj)
 .data.slice_ticks
                0x0000000020000060        0x4 zephyr/kernel/libkernel.a(timeslicing.c.obj)
 .data.timeout_list
                0x0000000020000064        0x8 zephyr/kernel/libkernel.a(timeout.c.obj)
 *(SORT_BY_ALIGNMENT(.kernel.*))
                0x000000002000006c                __data_end = .
                0x000000000000006c                __data_size = (__data_end - __data_start)
                0x0000000010003f98                __data_load_start = LOADADDR (datas)
                0x0000000010003f98                __data_region_load_start = LOADADDR (datas)

device_states   0x000000002000006c        0x8 load address 0x0000000010004004
                0x000000002000006c                . = ALIGN (0x4)
                0x000000002000006c                __device_states_start = .
 *(SORT_BY_ALIGNMENT(.z_devstate))
 .z_devstate    0x000000002000006c        0x2 zephyr/drivers/clock_control/libdrivers__clock_control.a(clock_control_rpi_pico.c.obj)
 .z_devstate    0x000000002000006e        0x2 zephyr/drivers/gpio/libdrivers__gpio.a(gpio_rpi_pico.c.obj)
 .z_devstate    0x0000000020000070        0x2 zephyr/drivers/reset/libdrivers__reset.a(reset_rpi_pico.c.obj)
 .z_devstate    0x0000000020000072        0x2 zephyr/drivers/serial/libdrivers__serial.a(uart_pl011.c.obj)
 *(SORT_BY_ALIGNMENT(.z_devstate.*))
                0x0000000020000074                __device_states_end = .
                0x0000000020000074                . = ALIGN (0x4)

log_mpsc_pbuf_area
                0x0000000020000074        0x0 load address 0x000000001000400c
                0x0000000020000074                _log_mpsc_pbuf_list_start = .
 *(SORT_BY_NAME(SORT_BY_ALIGNMENT(._log_mpsc_pbuf.static.*)))
                0x0000000020000074                _log_mpsc_pbuf_list_end = .

log_msg_ptr_area
                0x0000000020000074        0x0 load address 0x000000001000400c
                0x0000000020000074                _log_msg_ptr_list_start = .
 *(SORT_BY_NAME(SORT_BY_ALIGNMENT(._log_msg_ptr.static.*)))
                0x0000000020000074                _log_msg_ptr_list_end = .

log_dynamic_area
                0x0000000020000074        0x0 load address 0x000000001000400c
                0x0000000020000074                _log_dynamic_list_start = .
 *(SORT_BY_NAME(SORT_BY_ALIGNMENT(._log_dynamic.static.*)))
                0x0000000020000074                _log_dynamic_list_end = .

k_timer_area    0x0000000020000074        0x0 load address 0x000000001000400c
                0x0000000020000074                _k_timer_list_start = .
 *(SORT_BY_NAME(SORT_BY_ALIGNMENT(._k_timer.static.*)))
                0x0000000020000074                _k_timer_list_end = .

k_mem_slab_area
                0x0000000020000074        0x0 load address 0x000000001000400c
                0x0000000020000074                _k_mem_slab_list_start = .
 *(SORT_BY_NAME(SORT_BY_ALIGNMENT(._k_mem_slab.static.*)))
                0x0000000020000074                _k_mem_slab_list_end = .

k_heap_area     0x0000000020000074        0x0 load address 0x000000001000400c
                0x0000000020000074                _k_heap_list_start = .
 *(SORT_BY_NAME(SORT_BY_ALIGNMENT(._k_heap.static.*)))
                0x0000000020000074                _k_heap_list_end = .

k_mutex_area    0x0000000020000074        0x0 load address 0x000000001000400c
                0x0000000020000074                _k_mutex_list_start = .
 *(SORT_BY_NAME(SORT_BY_ALIGNMENT(._k_mutex.static.*)))
                0x0000000020000074                _k_mutex_list_end = .

k_stack_area    0x0000000020000074        0x0 load address 0x000000001000400c
                0x0000000020000074                _k_stack_list_start = .
 *(SORT_BY_NAME(SORT_BY_ALIGNMENT(._k_stack.static.*)))
                0x0000000020000074                _k_stack_list_end = .

k_msgq_area     0x0000000020000074        0x0 load address 0x000000001000400c
                0x0000000020000074                _k_msgq_list_start = .
 *(SORT_BY_NAME(SORT_BY_ALIGNMENT(._k_msgq.static.*)))
                0x0000000020000074                _k_msgq_list_end = .

k_mbox_area     0x0000000020000074        0x0 load address 0x000000001000400c
                0x0000000020000074                _k_mbox_list_start = .
 *(SORT_BY_NAME(SORT_BY_ALIGNMENT(._k_mbox.static.*)))
                0x0000000020000074                _k_mbox_list_end = .

k_pipe_area     0x0000000020000074        0x0 load address 0x000000001000400c
                0x0000000020000074                _k_pipe_list_start = .
 *(SORT_BY_NAME(SORT_BY_ALIGNMENT(._k_pipe.static.*)))
                0x0000000020000074                _k_pipe_list_end = .

k_sem_area      0x0000000020000074        0x0 load address 0x000000001000400c
                0x0000000020000074                _k_sem_list_start = .
 *(SORT_BY_NAME(SORT_BY_ALIGNMENT(._k_sem.static.*)))
                0x0000000020000074                _k_sem_list_end = .

k_event_area    0x0000000020000074        0x0 load address 0x000000001000400c
                0x0000000020000074                _k_event_list_start = .
 *(SORT_BY_NAME(SORT_BY_ALIGNMENT(._k_event.static.*)))
                0x0000000020000074                _k_event_list_end = .

k_queue_area    0x0000000020000074        0x0 load address 0x000000001000400c
                0x0000000020000074                _k_queue_list_start = .
 *(SORT_BY_NAME(SORT_BY_ALIGNMENT(._k_queue.static.*)))
                0x0000000020000074                _k_queue_list_end = .

k_fifo_area     0x0000000020000074        0x0 load address 0x000000001000400c
                0x0000000020000074                _k_fifo_list_start = .
 *(SORT_BY_NAME(SORT_BY_ALIGNMENT(._k_fifo.static.*)))
                0x0000000020000074                _k_fifo_list_end = .

k_lifo_area     0x0000000020000074        0x0 load address 0x000000001000400c
                0x0000000020000074                _k_lifo_list_start = .
 *(SORT_BY_NAME(SORT_BY_ALIGNMENT(._k_lifo.static.*)))
                0x0000000020000074                _k_lifo_list_end = .

k_condvar_area  0x0000000020000074        0x0 load address 0x000000001000400c
                0x0000000020000074                _k_condvar_list_start = .
 *(SORT_BY_NAME(SORT_BY_ALIGNMENT(._k_condvar.static.*)))
                0x0000000020000074                _k_condvar_list_end = .

sys_mem_blocks_ptr_area
                0x0000000020000074        0x0 load address 0x000000001000400c
                0x0000000020000074                _sys_mem_blocks_ptr_list_start = .
 *(SORT_BY_NAME(SORT_BY_ALIGNMENT(._sys_mem_blocks_ptr.static.*)))
                0x0000000020000074                _sys_mem_blocks_ptr_list_end = .

net_buf_pool_area
                0x0000000020000074        0x0 load address 0x000000001000400c
                0x0000000020000074                _net_buf_pool_list_start = .
 *(SORT_BY_NAME(SORT_BY_ALIGNMENT(._net_buf_pool.static.*)))
                0x0000000020000074                _net_buf_pool_list_end = .
                0x0000000020000074                __data_region_end = .

/DISCARD/