Archive member included to satisfy reference by file (symbol)

app/libapp.a(main.c.obj)      (--whole-archive)
zephyr/libzephyr.a(heap.c.obj)
                              (--whole-archive)
zephyr/libzephyr.a(cbprintf_packaged.c.obj)
                              (--whole-archive)
zephyr/libzephyr.a(clock.c.obj)
                              (--whole-archive)
zephyr/libzephyr.a(printk.c.obj)
                              (--whole-archive)
zephyr/libzephyr.a(sem.c.obj)
                              (--whole-archive)
zephyr/libzephyr.a(thread_entry.c.obj)
                              (--whole-archive)
zephyr/libzephyr.a(cbprintf_complete.c.obj)
                              (--whole-archive)
zephyr/libzephyr.a(assert.c.obj)
                              (--whole-archive)
zephyr/libzephyr.a(dec.c.obj)
                              (--whole-archive)
zephyr/libzephyr.a(hex.c.obj)
                              (--whole-archive)
zephyr/libzephyr.a(rb.c.obj)  (--whole-archive)
zephyr/libzephyr.a(timeutil.c.obj)
                              (--whole-archive)
zephyr/libzephyr.a(bitarray.c.obj)
                              (--whole-archive)
zephyr/libzephyr.a(ring_buffer.c.obj)
                              (--whole-archive)
zephyr/libzephyr.a(last_section_id.c.obj)
                              (--whole-archive)
zephyr/libzephyr.a(configs.c.obj)
                              (--whole-archive)
zephyr/libzephyr.a(soc.c.obj)
                              (--whole-archive)
zephyr/libzephyr.a(tracing_none.c.obj)
                              (--whole-archive)
zephyr/libzephyr.a(usb_device.c.obj)
                              (--whole-archive)
zephyr/libzephyr.a(usb_descriptor.c.obj)
                              (--whole-archive)
zephyr/libzephyr.a(usb_transfer.c.obj)
                              (--whole-archive)
zephyr/libzephyr.a(cdc_acm.c.obj)
                              (--whole-archive)
zephyr/libzephyr.a(usb_work_q.c.obj)
                              (--whole-archive)
zephyr/arch/common/libarch__common.a(sw_isr_common.c.obj)
                              (--whole-archive)
zephyr/arch/arch/arm/core/libarch__arm__core.a(fatal.c.obj)
                              (--whole-archive)
zephyr/arch/arch/arm/core/libarch__arm__core.a(nmi.c.obj)
                              (--whole-archive)
zephyr/arch/arch/arm/core/libarch__arm__core.a(nmi_on_reset.S.obj)
                              (--whole-archive)
zephyr/arch/arch/arm/core/libarch__arm__core.a(tls.c.obj)
                              (--whole-archive)
zephyr/arch/arch/arm/core/cortex_m/libarch__arm__core__cortex_m.a(exc_exit.c.obj)
                              (--whole-archive)
zephyr/arch/arch/arm/core/cortex_m/libarch__arm__core__cortex_m.a(fault.c.obj)
                              (--whole-archive)
zephyr/arch/arch/arm/core/cortex_m/libarch__arm__core__cortex_m.a(fault_s.S.obj)
                              (--whole-archive)
zephyr/arch/arch/arm/core/cortex_m/libarch__arm__core__cortex_m.a(fpu.c.obj)
                              (--whole-archive)
zephyr/arch/arch/arm/core/cortex_m/libarch__arm__core__cortex_m.a(reset.S.obj)
                              (--whole-archive)
zephyr/arch/arch/arm/core/cortex_m/libarch__arm__core__cortex_m.a(scb.c.obj)
                              (--whole-archive)
zephyr/arch/arch/arm/core/cortex_m/libarch__arm__core__cortex_m.a(thread_abort.c.obj)
                              (--whole-archive)
zephyr/arch/arch/arm/core/cortex_m/libarch__arm__core__cortex_m.a(vector_table.S.obj)
                              (--whole-archive)
zephyr/arch/arch/arm/core/cortex_m/libarch__arm__core__cortex_m.a(swap_helper.S.obj)
                              (--whole-archive)
zephyr/arch/arch/arm/core/cortex_m/libarch__arm__core__cortex_m.a(irq_manage.c.obj)
                              (--whole-archive)
zephyr/arch/arch/arm/core/cortex_m/libarch__arm__core__cortex_m.a(prep_c.c.obj)
                              (--whole-archive)
zephyr/arch/arch/arm/core/cortex_m/libarch__arm__core__cortex_m.a(thread.c.obj)
                              (--whole-archive)
zephyr/arch/arch/arm/core/cortex_m/libarch__arm__core__cortex_m.a(cpu_idle.c.obj)
                              (--whole-archive)
zephyr/arch/arch/arm/core/cortex_m/libarch__arm__core__cortex_m.a(irq_init.c.obj)
                              (--whole-archive)
zephyr/arch/arch/arm/core/cortex_m/libarch__arm__core__cortex_m.a(isr_wrapper.c.obj)
                              (--whole-archive)
zephyr/arch/arch/arm/core/cortex_m/libarch__arm__core__cortex_m.a(__aeabi_read_tp.S.obj)
                              (--whole-archive)
zephyr/lib/libc/picolibc/liblib__libc__picolibc.a(assert.c.obj)
                              (--whole-archive)
zephyr/lib/libc/picolibc/liblib__libc__picolibc.a(cbprintf.c.obj)
                              (--whole-archive)
zephyr/lib/libc/picolibc/liblib__libc__picolibc.a(chk_fail.c.obj)
                              (--whole-archive)
[...]
Memory Configuration

Name             Origin             Length             Attributes
BOOT_FLASH       0x0000000010000000 0x0000000000000100 r
FLASH            0x0000000010000100 0x00000000001fff00 xr
RAM              0x0000000020000000 0x0000000000042000 xw
IDT_LIST         0x00000000ffff7fff 0x0000000000008000 xw
*default*        0x0000000000000000 0xffffffffffffffff

Linker script and memory map

                0x0000000010004da8                vfprintf = __l_vfprintf
                0x0000000000000000                vfscanf = __l_vfscanf
LOAD zephyr/CMakeFiles/zephyr_pre0.dir/misc/empty_file.c.obj
LOAD zephyr/CMakeFiles/offsets.dir/./arch/arm/core/offsets/offsets.c.obj
LOAD app/libapp.a
LOAD zephyr/libzephyr.a
LOAD zephyr/arch/common/libarch__common.a
LOAD zephyr/arch/arch/arm/core/libarch__arm__core.a
LOAD zephyr/arch/arch/arm/core/cortex_m/libarch__arm__core__cortex_m.a
LOAD zephyr/lib/libc/picolibc/liblib__libc__picolibc.a
LOAD zephyr/lib/libc/common/liblib__libc__common.a
LOAD zephyr/drivers/usb/device/libdrivers__usb__device.a
LOAD zephyr/drivers/clock_control/libdrivers__clock_control.a
LOAD zephyr/drivers/console/libdrivers__console.a
LOAD zephyr/drivers/gpio/libdrivers__gpio.a
LOAD zephyr/drivers/hwinfo/libdrivers__hwinfo.a
LOAD zephyr/drivers/pinctrl/libdrivers__pinctrl.a
LOAD zephyr/drivers/reset/libdrivers__reset.a
LOAD zephyr/drivers/serial/libdrivers__serial.a
LOAD zephyr/drivers/timer/libdrivers__timer.a
LOAD modules/hal_rpi_pico/libmodules__hal_rpi_pico.a
LOAD zephyr/kernel/libkernel.a
LOAD zephyr/arch/common/libisr_tables.a
LOAD /home/pininsu/zephyr-sdk-0.17.2/arm-zephyr-eabi/bin/../lib/gcc/../../picolibc/arm-zephyr-eabi/lib/thumb/v6-m/nofp/libc.a
LOAD /home/pininsu/zephyr-sdk-0.17.2/arm-zephyr-eabi/bin/../lib/gcc/arm-zephyr-eabi/12.2.0/thumb/v6-m/nofp/libgcc.a

.boot2          0x0000000010000000      0x100
 *(SORT_BY_ALIGNMENT(.boot2))
 .boot2         0x0000000010000000      0x100 modules/hal_rpi_pico/libmodules__hal_rpi_pico.a(boot_stage2.S.obj)
                0x0000000000000004                _region_min_align = 0x4

.rel.plt        0x0000000010000100        0x0
 *(SORT_BY_ALIGNMENT(.rel.plt))
                [!provide]                        PROVIDE (__rel_iplt_start = .)
 *(SORT_BY_ALIGNMENT(.rel.iplt))
 .rel.iplt      0x0000000010000100        0x0 app/libapp.a(main.c.obj)
                [!provide]                        PROVIDE (__rel_iplt_end = .)

.rela.plt       0x0000000010000100        0x0
 *(SORT_BY_ALIGNMENT(.rela.plt))
                [!provide]                        PROVIDE (__rela_iplt_start = .)
 *(SORT_BY_ALIGNMENT(.rela.iplt))
                [!provide]                        PROVIDE (__rela_iplt_end = .)

.rel.dyn
 *(SORT_BY_ALIGNMENT(.rel.*))

.rela.dyn
 *(SORT_BY_ALIGNMENT(.rela.*))

/DISCARD/
 *(SORT_BY_ALIGNMENT(.plt))

/DISCARD/
 *(SORT_BY_ALIGNMENT(.iplt))
                0x0000000010000100                __rom_region_start = 0x10000100

rom_start       0x0000000010000100       0xa8
                0x0000000010000100                __rom_start_address = .
 FILL mask 0x00
                0x0000000010000100                . = (. + (0x0 - (. - __rom_start_address)))
                0x0000000010000100                . = ALIGN (0x4)
                0x0000000010000100                . = ALIGN (0x100)
                0x0000000010000100                . = ALIGN (0x100)
                0x0000000010000100                _vector_start = .
 *(SORT_BY_ALIGNMENT(.exc_vector_table))
 *(SORT_BY_ALIGNMENT(.exc_vector_table.*))
 .exc_vector_table._vector_table_section
                0x0000000010000100       0x40 zephyr/arch/arch/arm/core/cortex_m/libarch__arm__core__cortex_m.a(vector_table.S.obj)
                0x0000000010000100                _vector_table
 *(SORT_BY_ALIGNMENT(.vectors))
                0x00000000100001a8                _vector_end = .
                0x0000000010000140                . = ALIGN (0x4)
 *(SORT_BY_ALIGNMENT(.gnu.linkonce.irq_vector_table*))
 .gnu.linkonce.irq_vector_table
                0x0000000010000140       0x68 zephyr/arch/common/libisr_tables.a(isr_tables.c.obj)
                0x0000000010000140                _irq_vector_table
                0x00000000100001a8                _vector_end = .

text            0x00000000100001a8     0x6520
                0x00000000100001a8                __text_region_start = .
 *(SORT_BY_ALIGNMENT(.text))
 .text          0x00000000100001a8       0x14 /home/pininsu/zephyr-sdk-0.17.2/arm-zephyr-eabi/bin/../lib/gcc/arm-zephyr-eabi/12.2.0/thumb/v6-m/nofp/libgcc.a(_thumb1_case_uqi.o)
                0x00000000100001a8                __gnu_thumb1_case_uqi
 .text          0x00000000100001bc       0x8c /home/pininsu/zephyr-sdk-0.17.2/arm-zephyr-eabi/bin/../lib/gcc/arm-zephyr-eabi/12.2.0/thumb/v6-m/nofp/libgcc.a(_udivsi3.o)
                0x00000000100001bc                __udivsi3
                0x00000000100001bc                __aeabi_uidiv
                0x0000000010000234                __aeabi_uidivmod
 .text          0x0000000010000248       0xa8 /home/pininsu/zephyr-sdk-0.17.2/arm-zephyr-eabi/bin/../lib/gcc/arm-zephyr-eabi/12.2.0/thumb/v6-m/nofp/libgcc.a(_divsi3.o)
                0x0000000010000248                __aeabi_idiv
                0x0000000010000248                __divsi3
                0x00000000100002dc                __aeabi_idivmod
 .text          0x00000000100002f0        0x4 /home/pininsu/zephyr-sdk-0.17.2/arm-zephyr-eabi/bin/../lib/gcc/arm-zephyr-eabi/12.2.0/thumb/v6-m/nofp/libgcc.a(_dvmd_tls.o)
                0x00000000100002f0                __aeabi_ldiv0
                0x00000000100002f0                __aeabi_idiv0
 .text          0x00000000100002f4       0x18 /home/pininsu/zephyr-sdk-0.17.2/arm-zephyr-eabi/bin/../lib/gcc/arm-zephyr-eabi/12.2.0/thumb/v6-m/nofp/libgcc.a(_lshrdi3.o)
                0x00000000100002f4                __aeabi_llsr
                0x00000000100002f4                __lshrdi3
 .text          0x000000001000030c       0x3c /home/pininsu/zephyr-sdk-0.17.2/arm-zephyr-eabi/bin/../lib/gcc/arm-zephyr-eabi/12.2.0/thumb/v6-m/nofp/libgcc.a(_clzsi2.o)
                0x000000001000030c                __clzsi2
 .text          0x0000000010000348       0x40 /home/pininsu/zephyr-sdk-0.17.2/arm-zephyr-eabi/bin/../lib/gcc/arm-zephyr-eabi/12.2.0/thumb/v6-m/nofp/libgcc.a(_aeabi_uldivmod.o)
                0x0000000010000348                __aeabi_uldivmod
 .text          0x0000000010000388      0x2e8 /home/pininsu/zephyr-sdk-0.17.2/arm-zephyr-eabi/bin/../lib/gcc/arm-zephyr-eabi/12.2.0/thumb/v6-m/nofp/libgcc.a(addsf3.o)
                0x0000000010000388                __aeabi_fadd
 .text          0x0000000010000670      0x1c4 /home/pininsu/zephyr-sdk-0.17.2/arm-zephyr-eabi/bin/../lib/gcc/arm-zephyr-eabi/12.2.0/thumb/v6-m/nofp/libgcc.a(divsf3.o)
                0x0000000010000670                __aeabi_fdiv
 .text          0x0000000010000834      0x1ec /home/pininsu/zephyr-sdk-0.17.2/arm-zephyr-eabi/bin/../lib/gcc/arm-zephyr-eabi/12.2.0/thumb/v6-m/nofp/libgcc.a(mulsf3.o)
                0x0000000010000834                __aeabi_fmul
 .text          0x0000000010000a20       0x3c /home/pininsu/zephyr-sdk-0.17.2/arm-zephyr-eabi/bin/../lib/gcc/arm-zephyr-eabi/12.2.0/thumb/v6-m/nofp/libgcc.a(fixsfsi.o)
                0x0000000010000a20                __aeabi_f2iz
 .text          0x0000000010000a5c       0x78 /home/pininsu/zephyr-sdk-0.17.2/arm-zephyr-eabi/bin/../lib/gcc/arm-zephyr-eabi/12.2.0/thumb/v6-m/nofp/libgcc.a(floatunsisf.o)
                0x0000000010000a5c                __aeabi_ui2f
 .text          0x0000000010000ad4       0x18 /home/pininsu/zephyr-sdk-0.17.2/arm-zephyr-eabi/bin/../lib/gcc/arm-zephyr-eabi/12.2.0/thumb/v6-m/nofp/libgcc.a(_ashldi3.o)
                0x0000000010000ad4                __ashldi3
                0x0000000010000ad4                __aeabi_llsl
 .text          0x0000000010000aec       0x18 /home/pininsu/zephyr-sdk-0.17.2/arm-zephyr-eabi/bin/../lib/gcc/arm-zephyr-eabi/12.2.0/thumb/v6-m/nofp/libgcc.a(_clzdi2.o)
                0x0000000010000aec                __clzdi2
 .text          0x0000000010000b04        0xe /home/pininsu/zephyr-sdk-0.17.2/arm-zephyr-eabi/bin/../lib/gcc/../../picolibc/arm-zephyr-eabi/lib/thumb/v6-m/nofp/libc.a(strlen.S.o)
                0x0000000010000b04                strlen
 .text          0x0000000010000b12       0xde /home/pininsu/zephyr-sdk-0.17.2/arm-zephyr-eabi/bin/../lib/gcc/arm-zephyr-eabi/12.2.0/thumb/v6-m/nofp/libgcc.a(_udivmoddi4.o)
                0x0000000010000b12                __udivmoddi4
 *(SORT_BY_ALIGNMENT(.text.*))
 .text.main     0x0000000010000bf0       0x54 app/libapp.a(main.c.obj)
                0x0000000010000bf0                main
 .text.char_out
                0x0000000010000c44       0x10 zephyr/libzephyr.a(printk.c.obj)
 .text.__printk_hook_install
                0x0000000010000c54        0xc zephyr/libzephyr.a(printk.c.obj)
                0x0000000010000c54                __printk_hook_install
 .text.vprintk  0x0000000010000c60       0x30 zephyr/libzephyr.a(printk.c.obj)
                0x0000000010000c60                vprintk
 .text.z_thread_entry
                0x0000000010000c90       0x30 zephyr/libzephyr.a(thread_entry.c.obj)
                0x0000000010000c90                z_thread_entry
 .text.class_handler
                0x0000000010000cc0       0x54 zephyr/libzephyr.a(usb_device.c.obj)
 .text.custom_handler
                0x0000000010000d14       0x68 zephyr/libzephyr.a(usb_device.c.obj)
 .text.vendor_handler
                0x0000000010000d7c       0x38 zephyr/libzephyr.a(usb_device.c.obj)
 .text.disable_endpoint
                0x0000000010000db4       0x28 zephyr/libzephyr.a(usb_device.c.obj)
 .text.usb_reset_alt_setting
                0x0000000010000ddc       0x14 zephyr/libzephyr.a(usb_device.c.obj)
 .text.is_ep_valid.part.0
                0x0000000010000df0       0x34 zephyr/libzephyr.a(usb_device.c.obj)
 .text.usb_halt_endpoint_req
                0x0000000010000e24       0x58 zephyr/libzephyr.a(usb_device.c.obj)
 .text.usb_handle_request.constprop.0
                0x0000000010000e7c       0x30 zephyr/libzephyr.a(usb_device.c.obj)
 .text.forward_status_cb
                0x0000000010000eac       0xa8 zephyr/libzephyr.a(usb_device.c.obj)
 .text.set_endpoint
                0x0000000010000f54       0x8c zephyr/libzephyr.a(usb_device.c.obj)
 .text.usb_handle_standard_request
                0x0000000010000fe0      0x2ec zephyr/libzephyr.a(usb_device.c.obj)
 .text.usb_data_to_host
                0x00000000100012cc       0x5c zephyr/libzephyr.a(usb_device.c.obj)
 .text.usb_handle_control_transfer
                0x0000000010001328       0xdc zephyr/libzephyr.a(usb_device.c.obj)
 .text.usb_set_config
                0x0000000010001404       0x2c zephyr/libzephyr.a(usb_device.c.obj)
                0x0000000010001404                usb_set_config
 .text.usb_enable
                0x0000000010001430      0x140 zephyr/libzephyr.a(usb_device.c.obj)
                0x0000000010001430                usb_enable
 .text.usb_update_sn_string_descriptor
                0x0000000010001570       0x74 zephyr/libzephyr.a(usb_descriptor.c.obj)
                0x0000000010001570                usb_update_sn_string_descriptor
 .text.usb_get_device_descriptor
                0x00000000100015e4      0x1f0 zephyr/libzephyr.a(usb_descriptor.c.obj)
                0x00000000100015e4                usb_get_device_descriptor
 .text.usb_ep_get_transfer
                0x00000000100017d4       0x2c zephyr/libzephyr.a(usb_transfer.c.obj)
 .text.usb_transfer_work
                0x0000000010001800       0xdc zephyr/libzephyr.a(usb_transfer.c.obj)
 .text.usb_transfer_ep_callback
                0x00000000100018dc       0x54 zephyr/libzephyr.a(usb_transfer.c.obj)
                0x00000000100018dc                usb_transfer_ep_callback
 .text.usb_transfer
                0x0000000010001930       0xe0 zephyr/libzephyr.a(usb_transfer.c.obj)
                0x0000000010001930                usb_transfer
 .text.usb_cancel_transfer
                0x0000000010001a10       0x34 zephyr/libzephyr.a(usb_transfer.c.obj)
                0x0000000010001a10                usb_cancel_transfer
 .text.usb_cancel_transfers
                0x0000000010001a44       0x40 zephyr/libzephyr.a(usb_transfer.c.obj)
                0x0000000010001a44                usb_cancel_transfers
 .text.usb_transfer_init
                0x0000000010001a84       0x30 zephyr/libzephyr.a(usb_transfer.c.obj)
                0x0000000010001a84                usb_transfer_init
 .text.cdc_acm_irq_rx_enable
                0x0000000010001ab4       0x2c zephyr/libzephyr.a(cdc_acm.c.obj)
 .text.cdc_acm_irq_tx_enable
                0x0000000010001ae0       0x2c zephyr/libzephyr.a(cdc_acm.c.obj)
 .text.cdc_acm_fifo_fill
                0x0000000010001b0c       0x3c zephyr/libzephyr.a(cdc_acm.c.obj)
 .text.cdc_acm_write_cb
                0x0000000010001b48       0x5c zephyr/libzephyr.a(cdc_acm.c.obj)
 .text.cdc_acm_class_handle_req
                0x0000000010001ba4       0x58 zephyr/libzephyr.a(cdc_acm.c.obj)
                0x0000000010001ba4                cdc_acm_class_handle_req
 .text.cdc_acm_int_in
                0x0000000010001bfc       0x1c zephyr/libzephyr.a(cdc_acm.c.obj)
 .text.cdc_acm_reset_port
                0x0000000010001c18       0x38 zephyr/libzephyr.a(cdc_acm.c.obj)
 .text.cdc_acm_init
                0x0000000010001c50       0x48 zephyr/libzephyr.a(cdc_acm.c.obj)
 .text.cdc_acm_send_notification.isra.0
                0x0000000010001c98       0x48 zephyr/libzephyr.a(cdc_acm.c.obj)
 .text.cdc_acm_poll_out
                0x0000000010001ce0       0x74 zephyr/libzephyr.a(cdc_acm.c.obj)
 .text.tx_work_handler
                0x0000000010001d54       0x80 zephyr/libzephyr.a(cdc_acm.c.obj)
 .text.cdc_acm_read_cb
                0x0000000010001dd4       0x80 zephyr/libzephyr.a(cdc_acm.c.obj)
 .text.cdc_acm_dev_status_cb
                0x0000000010001e54       0x80 zephyr/libzephyr.a(cdc_acm.c.obj)
 .text.z_usb_work_q_init
                0x0000000010001ed4       0x30 zephyr/libzephyr.a(usb_work_q.c.obj)
 .text.z_SysNmiOnReset
                0x0000000010001f04        0x4 zephyr/arch/arch/arm/core/libarch__arm__core.a(nmi_on_reset.S.obj)
                0x0000000010001f04                z_SysNmiOnReset
 .text.arch_tls_stack_setup
                0x0000000010001f08       0x38 zephyr/arch/arch/arm/core/libarch__arm__core.a(tls.c.obj)
                0x0000000010001f08                arch_tls_stack_setup
 .text._HandlerModeExit
                0x0000000010001f40       0x20 zephyr/arch/arch/arm/core/cortex_m/libarch__arm__core__cortex_m.a(exc_exit.c.obj)
                0x0000000010001f40                z_arm_exc_exit
                0x0000000010001f40                z_arm_int_exit
 .text.z_arm_fault
                0x0000000010001f60       0xa8 zephyr/arch/arch/arm/core/cortex_m/libarch__arm__core__cortex_m.a(fault.c.obj)
                0x0000000010001f60                z_arm_fault
 .text.z_arm_fault_init
                0x0000000010002008       0x10 zephyr/arch/arch/arm/core/cortex_m/libarch__arm__core__cortex_m.a(fault.c.obj)
                0x0000000010002008                z_arm_fault_init
 .text.__fault  0x0000000010002018       0x14 zephyr/arch/arch/arm/core/cortex_m/libarch__arm__core__cortex_m.a(fault_s.S.obj)
                0x0000000010002018                z_arm_exc_spurious
                0x0000000010002018                z_arm_hard_fault
 .text._reset_section
                0x000000001000202c       0x34 zephyr/arch/arch/arm/core/cortex_m/libarch__arm__core__cortex_m.a(reset.S.obj)
                0x000000001000202c                z_arm_reset
                0x000000001000202c                __start
 .text.z_impl_k_thread_abort
                0x0000000010002060       0x38 zephyr/arch/arch/arm/core/cortex_m/libarch__arm__core__cortex_m.a(thread_abort.c.obj)
                0x0000000010002060                z_impl_k_thread_abort
 .text.z_arm_pendsv
                0x0000000010002098       0x70 zephyr/arch/arch/arm/core/cortex_m/libarch__arm__core__cortex_m.a(swap_helper.S.obj)
                0x0000000010002098                z_arm_pendsv
 .text.z_arm_svc
                0x0000000010002108       0x28 zephyr/arch/arch/arm/core/cortex_m/libarch__arm__core__cortex_m.a(swap_helper.S.obj)
                0x0000000010002108                z_arm_svc
 .text.arm_irq_enable
                0x0000000010002130       0x18 zephyr/arch/arch/arm/core/cortex_m/libarch__arm__core__cortex_m.a(irq_manage.c.obj)
                0x0000000010002130                arm_irq_enable
 .text.arm_irq_disable
                0x0000000010002148       0x20 zephyr/arch/arch/arm/core/cortex_m/libarch__arm__core__cortex_m.a(irq_manage.c.obj)
                0x0000000010002148                arm_irq_disable
 .text.arm_irq_priority_set
                0x0000000010002168       0x54 zephyr/arch/arch/arm/core/cortex_m/libarch__arm__core__cortex_m.a(irq_manage.c.obj)
                0x0000000010002168                arm_irq_priority_set
 .text.relocate_vector_table
                0x00000000100021bc       0x1c zephyr/arch/arch/arm/core/cortex_m/libarch__arm__core__cortex_m.a(prep_c.c.obj)
                0x00000000100021bc                relocate_vector_table
 .text.arch_new_thread
                0x00000000100021d8       0x2c zephyr/arch/arch/arm/core/cortex_m/libarch__arm__core__cortex_m.a(thread.c.obj)
                0x00000000100021d8                arch_new_thread
 .text.arch_switch_to_main_thread
                0x0000000010002204       0x38 zephyr/arch/arch/arm/core/cortex_m/libarch__arm__core__cortex_m.a(thread.c.obj)
                0x0000000010002204                arch_switch_to_main_thread
 .text.z_arm_cpu_idle_init
                0x000000001000223c        0xc zephyr/arch/arch/arm/core/cortex_m/libarch__arm__core__cortex_m.a(cpu_idle.c.obj)
                0x000000001000223c                z_arm_cpu_idle_init
 .text.z_arm_interrupt_init
                0x0000000010002248       0x30 zephyr/arch/arch/arm/core/cortex_m/libarch__arm__core__cortex_m.a(irq_init.c.obj)
                0x0000000010002248                z_arm_interrupt_init
 .text._isr_wrapper
                0x0000000010002278       0x20 zephyr/arch/arch/arm/core/cortex_m/libarch__arm__core__cortex_m.a(isr_wrapper.c.obj)
                0x0000000010002278                _isr_wrapper
 .text.z_impl_zephyr_fputc
                0x0000000010002298       0x10 zephyr/lib/libc/picolibc/liblib__libc__picolibc.a(stdio.c.obj)
                0x0000000010002298                z_impl_zephyr_fputc
 .text.__stdout_hook_install
                0x00000000100022a8       0x18 zephyr/lib/libc/picolibc/liblib__libc__picolibc.a(stdio.c.obj)
                0x00000000100022a8                __stdout_hook_install
 .text.abort    0x00000000100022c0       0x18 zephyr/lib/libc/common/liblib__libc__common.a(abort.c.obj)
                0x00000000100022c0                abort
 .text.malloc_prepare
                0x00000000100022d8       0x24 zephyr/lib/libc/common/liblib__libc__common.a(malloc.c.obj)
 .text.udc_rpi_get_ep_state
                0x00000000100022fc       0x2c zephyr/drivers/usb/device/libdrivers__usb__device.a(usb_dc_rpi_pico.c.obj)
 .text.udc_rpi_cancel_endpoint
                0x0000000010002328       0x78 zephyr/drivers/usb/device/libdrivers__usb__device.a(usb_dc_rpi_pico.c.obj)
 .text.usb_rpi_init
                0x00000000100023a0       0x68 zephyr/drivers/usb/device/libdrivers__usb__device.a(usb_dc_rpi_pico.c.obj)
 .text.k_msgq_put.constprop.0.isra.0
                0x0000000010002408       0x14 zephyr/drivers/usb/device/libdrivers__usb__device.a(usb_dc_rpi_pico.c.obj)
 .text.udc_rpi_handle_resume
                0x000000001000241c       0x2c zephyr/drivers/usb/device/libdrivers__usb__device.a(usb_dc_rpi_pico.c.obj)
 .text.udc_rpi_thread_main
                0x0000000010002448       0x60 zephyr/drivers/usb/device/libdrivers__usb__device.a(usb_dc_rpi_pico.c.obj)
 .text.udc_rpi_isr
                0x00000000100024a8      0x228 zephyr/drivers/usb/device/libdrivers__usb__device.a(usb_dc_rpi_pico.c.obj)
 .text.usb_dc_attach
                0x00000000100026d0      0x12c zephyr/drivers/usb/device/libdrivers__usb__device.a(usb_dc_rpi_pico.c.obj)
                0x00000000100026d0                usb_dc_attach
 .text.usb_dc_set_status_callback
                0x00000000100027fc        0xc zephyr/drivers/usb/device/libdrivers__usb__device.a(usb_dc_rpi_pico.c.obj)
                0x00000000100027fc                usb_dc_set_status_callback
 .text.usb_dc_set_address
                0x0000000010002808       0x1c zephyr/drivers/usb/device/libdrivers__usb__device.a(usb_dc_rpi_pico.c.obj)
                0x0000000010002808                usb_dc_set_address
 .text.usb_dc_ep_set_stall
                0x0000000010002824       0x50 zephyr/drivers/usb/device/libdrivers__usb__device.a(usb_dc_rpi_pico.c.obj)
                0x0000000010002824                usb_dc_ep_set_stall
 .text.usb_dc_ep_enable
                0x0000000010002874       0x50 zephyr/drivers/usb/device/libdrivers__usb__device.a(usb_dc_rpi_pico.c.obj)
                0x0000000010002874                usb_dc_ep_enable
 .text.usb_dc_ep_write
                0x00000000100028c4       0xac zephyr/drivers/usb/device/libdrivers__usb__device.a(usb_dc_rpi_pico.c.obj)
                0x00000000100028c4                usb_dc_ep_write
 .text.usb_dc_ep_read_wait
                0x0000000010002970       0x90 zephyr/drivers/usb/device/libdrivers__usb__device.a(usb_dc_rpi_pico.c.obj)
                0x0000000010002970                usb_dc_ep_read_wait
 .text.usb_dc_ep_read_continue
                0x0000000010002a00       0x84 zephyr/drivers/usb/device/libdrivers__usb__device.a(usb_dc_rpi_pico.c.obj)
                0x0000000010002a00                usb_dc_ep_read_continue
 .text.clock_control_rpi_pico_on
                0x0000000010002a84       0x40 zephyr/drivers/clock_control/libdrivers__clock_control.a(clock_control_rpi_pico.c.obj)
 .text.clock_control_rpi_pico_off
                0x0000000010002ac4       0x40 zephyr/drivers/clock_control/libdrivers__clock_control.a(clock_control_rpi_pico.c.obj)
 .text.rpi_pico_rosc_write.constprop.0
                0x0000000010002b04       0x30 zephyr/drivers/clock_control/libdrivers__clock_control.a(clock_control_rpi_pico.c.obj)
 .text.rpi_pico_get_clock_src.isra.0
                0x0000000010002b34       0x9c zephyr/drivers/clock_control/libdrivers__clock_control.a(clock_control_rpi_pico.c.obj)
 .text.rpi_pico_calc_clock_freq
                0x0000000010002bd0      0x104 zephyr/drivers/clock_control/libdrivers__clock_control.a(clock_control_rpi_pico.c.obj)
 .text.clock_control_rpi_pico_init
                0x0000000010002cd4      0x1c8 zephyr/drivers/clock_control/libdrivers__clock_control.a(clock_control_rpi_pico.c.obj)
 .text.uart_console_init
                0x0000000010002e9c       0x2c zephyr/drivers/console/libdrivers__console.a(uart_console.c.obj)
 .text.console_out
                0x0000000010002ec8       0x28 zephyr/drivers/console/libdrivers__console.a(uart_console.c.obj)
 .text.gpio_rpi_get_pending_int
                0x0000000010002ef0       0x30 zephyr/drivers/gpio/libdrivers__gpio.a(gpio_rpi_pico.c.obj)
 .text.gpio_rpi_isr
                0x0000000010002f20       0x7c zephyr/drivers/gpio/libdrivers__gpio.a(gpio_rpi_pico.c.obj)
 .text.gpio_rpi_configure
                0x0000000010002f9c       0xbc zephyr/drivers/gpio/libdrivers__gpio.a(gpio_rpi_pico.c.obj)
 .text.pl011_irq_err_disable
                0x0000000010003058       0x14 zephyr/drivers/serial/libdrivers__serial.a(uart_pl011.c.obj)
 .text.pl011_runtime_configure_internal
                0x000000001000306c      0x16c zephyr/drivers/serial/libdrivers__serial.a(uart_pl011.c.obj)
 .text.pl011_init
                0x00000000100031d8      0x128 zephyr/drivers/serial/libdrivers__serial.a(uart_pl011.c.obj)
 .text.elapsed  0x0000000010003300       0x54 zephyr/drivers/timer/libdrivers__timer.a(cortex_m_systick.c.obj)
 .text.sys_clock_driver_init
                0x0000000010003354       0x40 zephyr/drivers/timer/libdrivers__timer.a(cortex_m_systick.c.obj)
 .text.sys_clock_isr
                0x0000000010003394       0x58 zephyr/drivers/timer/libdrivers__timer.a(cortex_m_systick.c.obj)
                0x0000000010003394                sys_clock_isr
 .text.sys_clock_set_timeout
                0x00000000100033ec      0x118 zephyr/drivers/timer/libdrivers__timer.a(cortex_m_systick.c.obj)
                0x00000000100033ec                sys_clock_set_timeout
 .text.sys_clock_elapsed
                0x0000000010003504       0x38 zephyr/drivers/timer/libdrivers__timer.a(cortex_m_systick.c.obj)
                0x0000000010003504                sys_clock_elapsed
 .text.sys_clock_cycle_get_32
                0x000000001000353c       0x24 zephyr/drivers/timer/libdrivers__timer.a(cortex_m_systick.c.obj)
                0x000000001000353c                sys_clock_cycle_get_32
 .text.clock_configure_internal
                0x0000000010003560       0xbc modules/hal_rpi_pico/libmodules__hal_rpi_pico.a(clocks.c.obj)
 .text.pll_init
                0x000000001000361c       0xcc modules/hal_rpi_pico/libmodules__hal_rpi_pico.a(pll.c.obj)
                0x000000001000361c                pll_init
 .text.xosc_init
                0x00000000100036e8       0x28 modules/hal_rpi_pico/libmodules__hal_rpi_pico.a(xosc.c.obj)
                0x00000000100036e8                xosc_init
 .text.tick_start
                0x0000000010003710       0x10 modules/hal_rpi_pico/libmodules__hal_rpi_pico.a(ticks.c.obj)
                0x0000000010003710                tick_start
 .text.rp2040_chip_version
                0x0000000010003720       0x28 modules/hal_rpi_pico/libmodules__hal_rpi_pico.a(platform.c.obj)
                0x0000000010003720                rp2040_chip_version
 .text.gpio_set_function
                0x0000000010003748       0x30 modules/hal_rpi_pico/libmodules__hal_rpi_pico.a(gpio.c.obj)
                0x0000000010003748                gpio_set_function
 .text.gpio_set_pulls
                0x0000000010003778       0x24 modules/hal_rpi_pico/libmodules__hal_rpi_pico.a(gpio.c.obj)
                0x0000000010003778                gpio_set_pulls
 .text.gpio_set_irqover
                0x000000001000379c       0x24 modules/hal_rpi_pico/libmodules__hal_rpi_pico.a(gpio.c.obj)
                0x000000001000379c                gpio_set_irqover
 .text.gpio_set_inover
                0x00000000100037c0       0x24 modules/hal_rpi_pico/libmodules__hal_rpi_pico.a(gpio.c.obj)
                0x00000000100037c0                gpio_set_inover
 .text.gpio_set_outover
                0x00000000100037e4       0x24 modules/hal_rpi_pico/libmodules__hal_rpi_pico.a(gpio.c.obj)
                0x00000000100037e4                gpio_set_outover
 .text.gpio_set_oeover
                0x0000000010003808       0x24 modules/hal_rpi_pico/libmodules__hal_rpi_pico.a(gpio.c.obj)
                0x0000000010003808                gpio_set_oeover
 .text.gpio_set_input_hysteresis_enabled
                0x000000001000382c       0x1c modules/hal_rpi_pico/libmodules__hal_rpi_pico.a(gpio.c.obj)
                0x000000001000382c                gpio_set_input_hysteresis_enabled
 .text.gpio_set_slew_rate
                0x0000000010003848       0x20 modules/hal_rpi_pico/libmodules__hal_rpi_pico.a(gpio.c.obj)
                0x0000000010003848                gpio_set_slew_rate
 .text.gpio_set_drive_strength
                0x0000000010003868       0x20 modules/hal_rpi_pico/libmodules__hal_rpi_pico.a(gpio.c.obj)
                0x0000000010003868                gpio_set_drive_strength
 .text.gpio_acknowledge_irq
                0x0000000010003888       0x18 modules/hal_rpi_pico/libmodules__hal_rpi_pico.a(gpio.c.obj)
                0x0000000010003888                gpio_acknowledge_irq
 .text.gpio_set_irq_enabled
                0x00000000100038a0       0x44 modules/hal_rpi_pico/libmodules__hal_rpi_pico.a(gpio.c.obj)
                0x00000000100038a0                gpio_set_irq_enabled
 .text.gpio_set_input_enabled
                0x00000000100038e4       0x1c modules/hal_rpi_pico/libmodules__hal_rpi_pico.a(gpio.c.obj)
                0x00000000100038e4                gpio_set_input_enabled
 .text.z_fatal_error
                0x0000000010003900       0x28 zephyr/kernel/libkernel.a(fatal.c.obj)
                0x0000000010003900                z_fatal_error
 .text.z_sys_init_run_level
                0x0000000010003928       0x48 zephyr/kernel/libkernel.a(init.c.obj)
 .text.bg_thread_main
                0x0000000010003970       0xa8 zephyr/kernel/libkernel.a(init.c.obj)
 .text.z_bss_zero
                0x0000000010003a18       0x18 zephyr/kernel/libkernel.a(init.c.obj)
                0x0000000010003a18                z_bss_zero
 .text.z_init_cpu
                0x0000000010003a30       0x68 zephyr/kernel/libkernel.a(init.c.obj)
                0x0000000010003a30                z_init_cpu
 .text.z_cstart
                0x0000000010003a98       0xb0 zephyr/kernel/libkernel.a(init.c.obj)
                0x0000000010003a98                z_cstart
 .text.z_impl_k_msgq_put
                0x0000000010003b48       0xac zephyr/kernel/libkernel.a(msg_q.c.obj)
                0x0000000010003b48                z_impl_k_msgq_put
 .text.z_impl_k_msgq_get
                0x0000000010003bf4       0xb8 zephyr/kernel/libkernel.a(msg_q.c.obj)
                0x0000000010003bf4                z_impl_k_msgq_get
 .text.z_impl_k_mutex_lock
                0x0000000010003cac       0xf0 zephyr/kernel/libkernel.a(mutex.c.obj)
                0x0000000010003cac                z_impl_k_mutex_lock
 .text.z_impl_k_mutex_unlock
                0x0000000010003d9c       0x98 zephyr/kernel/libkernel.a(mutex.c.obj)
                0x0000000010003d9c                z_impl_k_mutex_unlock
 .text.z_impl_k_sem_give
                0x0000000010003e34       0x64 zephyr/kernel/libkernel.a(sem.c.obj)
                0x0000000010003e34                z_impl_k_sem_give
 .text.z_impl_k_sem_take
                0x0000000010003e98       0x4c zephyr/kernel/libkernel.a(sem.c.obj)
                0x0000000010003e98                z_impl_k_sem_take
 .text.work_queue_main
                0x0000000010003ee4      0x144 zephyr/kernel/libkernel.a(work.c.obj)
 .text.submit_to_queue_locked
                0x0000000010004028       0xd4 zephyr/kernel/libkernel.a(work.c.obj)
 .text.k_work_queue_start
                0x00000000100040fc       0x88 zephyr/kernel/libkernel.a(work.c.obj)
                0x00000000100040fc                k_work_queue_start
 .text.k_work_schedule_for_queue
                0x0000000010004184       0x50 zephyr/kernel/libkernel.a(work.c.obj)
                0x0000000010004184                k_work_schedule_for_queue
 .text.z_setup_new_thread
                0x00000000100041d4       0x74 zephyr/kernel/libkernel.a(thread.c.obj)
                0x00000000100041d4                z_setup_new_thread
 .text.z_impl_k_thread_create
                0x0000000010004248       0x58 zephyr/kernel/libkernel.a(thread.c.obj)
                0x0000000010004248                z_impl_k_thread_create
 .text.z_dummy_thread_init
                0x00000000100042a0       0x14 zephyr/kernel/libkernel.a(thread.c.obj)
                0x00000000100042a0                z_dummy_thread_init
 .text.z_swap_irqlock
                0x00000000100042b4       0x2c zephyr/kernel/libkernel.a(sched.c.obj)
 .text.ready_thread
                0x00000000100042e0       0x8c zephyr/kernel/libkernel.a(sched.c.obj)
 .text.unready_thread
                0x000000001000436c       0x58 zephyr/kernel/libkernel.a(sched.c.obj)
 .text.add_thread_timeout
                0x00000000100043c4       0x18 zephyr/kernel/libkernel.a(sched.c.obj)
 .text.move_thread_to_end_of_prio_q
                0x00000000100043dc       0x98 zephyr/kernel/libkernel.a(sched.c.obj)
                0x00000000100043dc                move_thread_to_end_of_prio_q
 .text.z_pend_curr
                0x0000000010004474       0x38 zephyr/kernel/libkernel.a(sched.c.obj)
                0x0000000010004474                z_pend_curr
 .text.z_thread_prio_set
                0x00000000100044ac       0xe8 zephyr/kernel/libkernel.a(sched.c.obj)
                0x00000000100044ac                z_thread_prio_set
 .text.z_reschedule
                0x0000000010004594       0x2c zephyr/kernel/libkernel.a(sched.c.obj)
                0x0000000010004594                z_reschedule
 .text.z_reschedule_irqlock
                0x00000000100045c0       0x2c zephyr/kernel/libkernel.a(sched.c.obj)
                0x00000000100045c0                z_reschedule_irqlock
 .text.k_sched_lock
                0x00000000100045ec       0x20 zephyr/kernel/libkernel.a(sched.c.obj)
                0x00000000100045ec                k_sched_lock
 .text.k_sched_unlock
                0x000000001000460c       0x60 zephyr/kernel/libkernel.a(sched.c.obj)
                0x000000001000460c                k_sched_unlock
 .text.z_sched_init
                0x000000001000466c       0x14 zephyr/kernel/libkernel.a(sched.c.obj)
                0x000000001000466c                z_sched_init
 .text.z_impl_k_yield
                0x0000000010004680       0x84 zephyr/kernel/libkernel.a(sched.c.obj)
                0x0000000010004680                z_impl_k_yield
 .text.z_tick_sleep
                0x0000000010004704       0x74 zephyr/kernel/libkernel.a(sched.c.obj)
 .text.z_impl_k_sleep
                0x0000000010004778       0x4c zephyr/kernel/libkernel.a(sched.c.obj)
                0x0000000010004778                z_impl_k_sleep
 .text.z_impl_k_wakeup
                0x00000000100047c4       0x40 zephyr/kernel/libkernel.a(sched.c.obj)
                0x00000000100047c4                z_impl_k_wakeup
 .text.z_impl_k_sched_current_thread_query
                0x0000000010004804        0xc zephyr/kernel/libkernel.a(sched.c.obj)
                0x0000000010004804                z_impl_k_sched_current_thread_query
 .text.z_thread_abort
                0x0000000010004810      0x128 zephyr/kernel/libkernel.a(sched.c.obj)
                0x0000000010004810                z_thread_abort
 .text.z_sched_wait
                0x0000000010004938       0x24 zephyr/kernel/libkernel.a(sched.c.obj)
                0x0000000010004938                z_sched_wait
 .text.slice_timeout
                0x000000001000495c       0x20 zephyr/kernel/libkernel.a(timeslicing.c.obj)
 .text.thread_is_sliceable
                0x000000001000497c       0x40 zephyr/kernel/libkernel.a(timeslicing.c.obj)
                0x000000001000497c                thread_is_sliceable
 .text.z_reset_time_slice
                0x00000000100049bc       0x4c zephyr/kernel/libkernel.a(timeslicing.c.obj)
                0x00000000100049bc                z_reset_time_slice
 .text.z_time_slice
                0x0000000010004a08       0x58 zephyr/kernel/libkernel.a(timeslicing.c.obj)
                0x0000000010004a08                z_time_slice
 .text.z_data_copy
                0x0000000010004a60       0x34 zephyr/kernel/libkernel.a(xip.c.obj)
                0x0000000010004a60                z_data_copy
 .text.first    0x0000000010004a94       0x10 zephyr/kernel/libkernel.a(timeout.c.obj)
 .text.next_timeout
                0x0000000010004aa4       0x38 zephyr/kernel/libkernel.a(timeout.c.obj)
 .text.elapsed  0x0000000010004adc       0x18 zephyr/kernel/libkernel.a(timeout.c.obj)
 .text.remove_timeout
                0x0000000010004af4       0x38 zephyr/kernel/libkernel.a(timeout.c.obj)
 .text.z_add_timeout
                0x0000000010004b2c      0x120 zephyr/kernel/libkernel.a(timeout.c.obj)
                0x0000000010004b2c                z_add_timeout
 .text.sys_clock_announce
                0x0000000010004c4c       0xd4 zephyr/kernel/libkernel.a(timeout.c.obj)
                0x0000000010004c4c                sys_clock_announce
 .text.sys_clock_tick_get
                0x0000000010004d20       0x2c zephyr/kernel/libkernel.a(timeout.c.obj)
                0x0000000010004d20                sys_clock_tick_get
 .text.boot_banner
                0x0000000010004d4c       0x10 zephyr/kernel/libkernel.a(banner.c.obj)
                0x0000000010004d4c                boot_banner
 .text.statics_init
                0x0000000010004d5c       0x24 zephyr/kernel/libkernel.a(kheap.c.obj)
 .text.k_sys_work_q_init
                0x0000000010004d80       0x28 zephyr/kernel/libkernel.a(system_work_q.c.obj)
 .text.__l_vfprintf
                0x0000000010004da8      0x4d0 /home/pininsu/zephyr-sdk-0.17.2/arm-zephyr-eabi/bin/../lib/gcc/../../picolibc/arm-zephyr-eabi/lib/thumb/v6-m/nofp/libc.a(libc_tinystdio_vflprintf.c.o)
                0x0000000010004da8                __l_vfprintf
 .text._OffsetAbsSyms
                0x0000000010005278        0x2 zephyr/CMakeFiles/offsets.dir/./arch/arm/core/offsets/offsets.c.obj
                0x0000000010005278                _OffsetAbsSyms
 .text.chunk_field
                0x000000001000527a       0x1a zephyr/libzephyr.a(heap.c.obj)
 .text.chunk_set
                0x0000000010005294       0x1c zephyr/libzephyr.a(heap.c.obj)
 .text.chunk_size
                0x00000000100052b0        0xc zephyr/libzephyr.a(heap.c.obj)
 .text.set_chunk_used
                0x00000000100052bc       0x36 zephyr/libzephyr.a(heap.c.obj)
 .text.set_chunk_size
                0x00000000100052f2        0xc zephyr/libzephyr.a(heap.c.obj)
 .text.bucket_idx.isra.0
                0x00000000100052fe       0x20 zephyr/libzephyr.a(heap.c.obj)
 .text.free_list_add
                0x000000001000531e       0x88 zephyr/libzephyr.a(heap.c.obj)
 .text.sys_heap_init
                0x00000000100053a6       0xac zephyr/libzephyr.a(heap.c.obj)
                0x00000000100053a6                sys_heap_init
 .text.arch_printk_char_out
                0x0000000010005452        0x4 zephyr/libzephyr.a(printk.c.obj)
                0x0000000010005452                arch_printk_char_out
 .text.printk   0x0000000010005456       0x16 zephyr/libzephyr.a(printk.c.obj)
                0x0000000010005456                printk
 .text.ring_buf_area_claim
                0x000000001000546c       0x30 zephyr/libzephyr.a(ring_buffer.c.obj)
                0x000000001000546c                ring_buf_area_claim
 .text.ring_buf_put_claim
                0x000000001000549c       0x20 zephyr/libzephyr.a(ring_buffer.c.obj)
 .text.ring_buf_get_claim
                0x00000000100054bc       0x1e zephyr/libzephyr.a(ring_buffer.c.obj)
 .text.ring_buf_area_finish
                0x00000000100054da       0x32 zephyr/libzephyr.a(ring_buffer.c.obj)
                0x00000000100054da                ring_buf_area_finish
 .text.ring_buf_put
                0x000000001000550c       0x40 zephyr/libzephyr.a(ring_buffer.c.obj)
                0x000000001000550c                ring_buf_put
 .text.ring_buf_get
                0x000000001000554c       0x42 zephyr/libzephyr.a(ring_buffer.c.obj)
                0x000000001000554c                ring_buf_get
 .text._ConfigAbsSyms
                0x000000001000558e        0x2 zephyr/libzephyr.a(configs.c.obj)
                0x000000001000558e                _ConfigAbsSyms
 .text.get_ep_bm_from_addr
                0x0000000010005590       0x22 zephyr/libzephyr.a(usb_device.c.obj)
 .text.usb_write
                0x00000000100055b2       0x2e zephyr/libzephyr.a(usb_device.c.obj)
                0x00000000100055b2                usb_write
 .text.usb_get_dev_data_by_cfg
                0x00000000100055e0       0x16 zephyr/libzephyr.a(usb_descriptor.c.obj)
                0x00000000100055e0                usb_get_dev_data_by_cfg
 .text.usb_get_dev_data_by_iface
                0x00000000100055f6       0x1a zephyr/libzephyr.a(usb_descriptor.c.obj)
                0x00000000100055f6                usb_get_dev_data_by_iface
 .text.usb_get_dev_data_by_ep
                0x0000000010005610       0x2a zephyr/libzephyr.a(usb_descriptor.c.obj)
                0x0000000010005610                usb_get_dev_data_by_ep
 .text.usb_transfer_is_busy
                0x000000001000563a       0x16 zephyr/libzephyr.a(usb_transfer.c.obj)
                0x000000001000563a                usb_transfer_is_busy
 .text.cdc_interface_config
                0x0000000010005650       0x1a zephyr/libzephyr.a(cdc_acm.c.obj)
 .text.cdc_acm_irq_callback_work_handler
                0x000000001000566a       0x12 zephyr/libzephyr.a(cdc_acm.c.obj)
 .text.cdc_acm_irq_tx_disable
                0x000000001000567c        0xa zephyr/libzephyr.a(cdc_acm.c.obj)
 .text.cdc_acm_irq_tx_ready
                0x0000000010005686       0x2a zephyr/libzephyr.a(cdc_acm.c.obj)
 .text.cdc_acm_irq_rx_disable
                0x00000000100056b0        0xa zephyr/libzephyr.a(cdc_acm.c.obj)
 .text.cdc_acm_irq_rx_ready
                0x00000000100056ba       0x14 zephyr/libzephyr.a(cdc_acm.c.obj)
 .text.cdc_acm_irq_is_pending
                0x00000000100056ce       0x1c zephyr/libzephyr.a(cdc_acm.c.obj)
 .text.cdc_acm_irq_callback_set
                0x00000000100056ea        0x6 zephyr/libzephyr.a(cdc_acm.c.obj)
 .text.cdc_acm_line_ctrl_get
                0x00000000100056f0       0x32 zephyr/libzephyr.a(cdc_acm.c.obj)
 .text.cdc_acm_configure
                0x0000000010005722       0x1a zephyr/libzephyr.a(cdc_acm.c.obj)
 .text.cdc_acm_config_get
                0x000000001000573c       0x56 zephyr/libzephyr.a(cdc_acm.c.obj)
 .text.cdc_acm_line_ctrl_set
                0x0000000010005792       0x8e zephyr/libzephyr.a(cdc_acm.c.obj)
 .text.cdc_acm_fifo_read
                0x0000000010005820       0x4e zephyr/libzephyr.a(cdc_acm.c.obj)
 .text.cdc_acm_poll_in
                0x000000001000586e       0x12 zephyr/libzephyr.a(cdc_acm.c.obj)
 .text.cdc_acm_irq_update
                0x0000000010005880       0x36 zephyr/libzephyr.a(cdc_acm.c.obj)
 .text.z_arm_fatal_error
                0x00000000100058b6       0x10 zephyr/arch/arch/arm/core/libarch__arm__core.a(fatal.c.obj)
                0x00000000100058b6                z_arm_fatal_error
 .text.z_do_kernel_oops
                0x00000000100058c6        0xc zephyr/arch/arch/arm/core/libarch__arm__core.a(fatal.c.obj)
                0x00000000100058c6                z_do_kernel_oops
 .text.z_arm_nmi
                0x00000000100058d2        0xc zephyr/arch/arch/arm/core/libarch__arm__core.a(nmi.c.obj)
                0x00000000100058d2                z_arm_nmi
 .text.z_irq_spurious
                0x00000000100058de        0xc zephyr/arch/arch/arm/core/cortex_m/libarch__arm__core__cortex_m.a(irq_manage.c.obj)
                0x00000000100058de                z_irq_spurious
 .text.z_prep_c
                0x00000000100058ea       0x16 zephyr/arch/arch/arm/core/cortex_m/libarch__arm__core__cortex_m.a(prep_c.c.obj)
                0x00000000100058ea                z_prep_c
 .text.arch_irq_unlock_outlined
                0x0000000010005900        0xc zephyr/arch/arch/arm/core/cortex_m/libarch__arm__core__cortex_m.a(thread.c.obj)
                0x0000000010005900                arch_irq_unlock_outlined
 .text.arch_cpu_idle
                0x000000001000590c        0xe zephyr/arch/arch/arm/core/cortex_m/libarch__arm__core__cortex_m.a(cpu_idle.c.obj)
                0x000000001000590c                arch_cpu_idle
 .text.__assert_no_args
                0x000000001000591a        0x6 zephyr/lib/libc/picolibc/liblib__libc__picolibc.a(assert.c.obj)
                0x000000001000591a                __assert_no_args
 .text.picolibc_put
                0x0000000010005920        0xa zephyr/lib/libc/picolibc/liblib__libc__picolibc.a(stdio.c.obj)
 .text.udc_rpi_start_xfer
                0x000000001000592a       0x6c zephyr/drivers/usb/device/libdrivers__usb__device.a(usb_dc_rpi_pico.c.obj)
 .text.usb_dc_ep_set_callback
                0x0000000010005996       0x18 zephyr/drivers/usb/device/libdrivers__usb__device.a(usb_dc_rpi_pico.c.obj)
                0x0000000010005996                usb_dc_ep_set_callback
 .text.usb_dc_ep_start_read
                0x00000000100059ae       0x1e zephyr/drivers/usb/device/libdrivers__usb__device.a(usb_dc_rpi_pico.c.obj)
                0x00000000100059ae                usb_dc_ep_start_read
 .text.usb_dc_ep_check_cap
                0x00000000100059cc       0x1e zephyr/drivers/usb/device/libdrivers__usb__device.a(usb_dc_rpi_pico.c.obj)
                0x00000000100059cc                usb_dc_ep_check_cap
 .text.usb_dc_ep_configure
                0x00000000100059ea       0x20 zephyr/drivers/usb/device/libdrivers__usb__device.a(usb_dc_rpi_pico.c.obj)
                0x00000000100059ea                usb_dc_ep_configure
 .text.usb_dc_ep_clear_stall
                0x0000000010005a0a       0x2a zephyr/drivers/usb/device/libdrivers__usb__device.a(usb_dc_rpi_pico.c.obj)
                0x0000000010005a0a                usb_dc_ep_clear_stall
 .text.usb_dc_ep_is_stalled
                0x0000000010005a34       0x1e zephyr/drivers/usb/device/libdrivers__usb__device.a(usb_dc_rpi_pico.c.obj)
                0x0000000010005a34                usb_dc_ep_is_stalled
 .text.usb_dc_ep_disable
                0x0000000010005a52       0x2a zephyr/drivers/usb/device/libdrivers__usb__device.a(usb_dc_rpi_pico.c.obj)
                0x0000000010005a52                usb_dc_ep_disable
 .text.udc_rpi_get_ep_buffer_len
                0x0000000010005a7c       0x10 zephyr/drivers/usb/device/libdrivers__usb__device.a(usb_dc_rpi_pico.c.obj)
                0x0000000010005a7c                udc_rpi_get_ep_buffer_len
 .text.usb_dc_ep_read
                0x0000000010005a8c       0x26 zephyr/drivers/usb/device/libdrivers__usb__device.a(usb_dc_rpi_pico.c.obj)
                0x0000000010005a8c                usb_dc_ep_read
 .text.usb_dc_ep_mps
                0x0000000010005ab2       0x14 zephyr/drivers/usb/device/libdrivers__usb__device.a(usb_dc_rpi_pico.c.obj)
                0x0000000010005ab2                usb_dc_ep_mps
 .text.rpi_pico_is_clock_enabled.isra.0
                0x0000000010005ac6       0x5e zephyr/drivers/clock_control/libdrivers__clock_control.a(clock_control_rpi_pico.c.obj)
 .text.clock_control_rpi_pico_get_status
                0x0000000010005b24       0x18 zephyr/drivers/clock_control/libdrivers__clock_control.a(clock_control_rpi_pico.c.obj)
 .text.clock_control_rpi_pico_get_rate
                0x0000000010005b3c       0x1e zephyr/drivers/clock_control/libdrivers__clock_control.a(clock_control_rpi_pico.c.obj)
 .text.rpi_pico_clkid_tuple_reorder_by_dependencies
                0x0000000010005b5a       0x66 zephyr/drivers/clock_control/libdrivers__clock_control.a(clock_control_rpi_pico.c.obj)
                0x0000000010005b5a                rpi_pico_clkid_tuple_reorder_by_dependencies
 .text.gpio_rpi_port_get_raw
                0x0000000010005bc0        0xc zephyr/drivers/gpio/libdrivers__gpio.a(gpio_rpi_pico.c.obj)
 .text.gpio_rpi_port_set_bits_raw
                0x0000000010005bcc       0x2c zephyr/drivers/gpio/libdrivers__gpio.a(gpio_rpi_pico.c.obj)
 .text.gpio_rpi_port_clear_bits_raw
                0x0000000010005bf8       0x2c zephyr/drivers/gpio/libdrivers__gpio.a(gpio_rpi_pico.c.obj)
 .text.gpio_rpi_port_toggle_bits
                0x0000000010005c24       0x18 zephyr/drivers/gpio/libdrivers__gpio.a(gpio_rpi_pico.c.obj)
 .text.gpio_rpi_manage_callback
                0x0000000010005c3c       0x58 zephyr/drivers/gpio/libdrivers__gpio.a(gpio_rpi_pico.c.obj)
 .text.gpio_rpi_bank_init
                0x0000000010005c94       0x10 zephyr/drivers/gpio/libdrivers__gpio.a(gpio_rpi_pico.c.obj)
 .text.gpio_rpi_pin_interrupt_configure
                0x0000000010005ca4       0x46 zephyr/drivers/gpio/libdrivers__gpio.a(gpio_rpi_pico.c.obj)
 .text.bank_0_config_func
                0x0000000010005cea       0x14 zephyr/drivers/gpio/libdrivers__gpio.a(gpio_rpi_pico.c.obj)
 .text.gpio_rpi_port_set_masked_raw
                0x0000000010005cfe       0x3c zephyr/drivers/gpio/libdrivers__gpio.a(gpio_rpi_pico.c.obj)
 .text.z_impl_hwinfo_get_device_id
                0x0000000010005d3a       0x30 zephyr/drivers/hwinfo/libdrivers__hwinfo.a(hwinfo_rpi_pico.c.obj)
                0x0000000010005d3a                z_impl_hwinfo_get_device_id
 .text.pinctrl_lookup_state
                0x0000000010005d6a       0x26 zephyr/drivers/pinctrl/libdrivers__pinctrl.a(common.c.obj)
                0x0000000010005d6a                pinctrl_lookup_state
 .text.pinctrl_configure_pins
                0x0000000010005d90       0xc6 zephyr/drivers/pinctrl/libdrivers__pinctrl.a(pinctrl_rpi_pico.c.obj)
                0x0000000010005d90                pinctrl_configure_pins
 .text.reset_rpi_init
                0x0000000010005e56        0x4 zephyr/drivers/reset/libdrivers__reset.a(reset_rpi_pico.c.obj)
 .text.reset_rpi_read_register.isra.0
                0x0000000010005e5a       0x30 zephyr/drivers/reset/libdrivers__reset.a(reset_rpi_pico.c.obj)
 .text.reset_rpi_update
                0x0000000010005e8a       0x72 zephyr/drivers/reset/libdrivers__reset.a(reset_rpi_pico.c.obj)
 .text.reset_rpi_line_assert
                0x0000000010005efc        0xa zephyr/drivers/reset/libdrivers__reset.a(reset_rpi_pico.c.obj)
 .text.reset_rpi_line_deassert
                0x0000000010005f06        0xa zephyr/drivers/reset/libdrivers__reset.a(reset_rpi_pico.c.obj)
 .text.reset_rpi_line_toggle
                0x0000000010005f10       0x18 zephyr/drivers/reset/libdrivers__reset.a(reset_rpi_pico.c.obj)
 .text.reset_rpi_status
                0x0000000010005f28       0x38 zephyr/drivers/reset/libdrivers__reset.a(reset_rpi_pico.c.obj)
 .text.pl011_poll_in
                0x0000000010005f60       0x34 zephyr/drivers/serial/libdrivers__serial.a(uart_pl011.c.obj)
 .text.pl011_poll_out
                0x0000000010005f94       0x10 zephyr/drivers/serial/libdrivers__serial.a(uart_pl011.c.obj)
 .text.pl011_err_check
                0x0000000010005fa4       0x2a zephyr/drivers/serial/libdrivers__serial.a(uart_pl011.c.obj)
 .text.pl011_runtime_config_get
                0x0000000010005fce        0xc zephyr/drivers/serial/libdrivers__serial.a(uart_pl011.c.obj)
 .text.pl011_fifo_fill
                0x0000000010005fda       0x22 zephyr/drivers/serial/libdrivers__serial.a(uart_pl011.c.obj)
 .text.pl011_fifo_read
                0x0000000010005ffc       0x22 zephyr/drivers/serial/libdrivers__serial.a(uart_pl011.c.obj)
 .text.pl011_irq_tx_enable
                0x000000001000601e       0x48 zephyr/drivers/serial/libdrivers__serial.a(uart_pl011.c.obj)
 .text.pl011_irq_tx_disable
                0x0000000010006066       0x14 zephyr/drivers/serial/libdrivers__serial.a(uart_pl011.c.obj)
 .text.pl011_irq_tx_complete
                0x000000001000607a        0xe zephyr/drivers/serial/libdrivers__serial.a(uart_pl011.c.obj)
 .text.pl011_irq_tx_ready
                0x0000000010006088       0x34 zephyr/drivers/serial/libdrivers__serial.a(uart_pl011.c.obj)
 .text.pl011_irq_rx_enable
                0x00000000100060bc        0xe zephyr/drivers/serial/libdrivers__serial.a(uart_pl011.c.obj)
 .text.pl011_irq_rx_disable
                0x00000000100060ca        0xe zephyr/drivers/serial/libdrivers__serial.a(uart_pl011.c.obj)
 .text.pl011_irq_rx_ready
                0x00000000100060d8       0x2c zephyr/drivers/serial/libdrivers__serial.a(uart_pl011.c.obj)
 .text.pl011_irq_err_enable
                0x0000000010006104       0x10 zephyr/drivers/serial/libdrivers__serial.a(uart_pl011.c.obj)
 .text.pl011_irq_is_pending
                0x0000000010006114       0x1c zephyr/drivers/serial/libdrivers__serial.a(uart_pl011.c.obj)
 .text.pl011_irq_update
                0x0000000010006130        0x4 zephyr/drivers/serial/libdrivers__serial.a(uart_pl011.c.obj)
 .text.pl011_irq_callback_set
                0x0000000010006134        0x8 zephyr/drivers/serial/libdrivers__serial.a(uart_pl011.c.obj)
 .text.pl011_isr
                0x000000001000613c       0x22 zephyr/drivers/serial/libdrivers__serial.a(uart_pl011.c.obj)
                0x000000001000613c                pl011_isr
 .text.pwr_on_raspberrypi_pico_uart_0
                0x000000001000615e        0x4 zephyr/drivers/serial/libdrivers__serial.a(uart_pl011.c.obj)
 .text.clk_enable_raspberrypi_pico_uart_0
                0x0000000010006162        0x4 zephyr/drivers/serial/libdrivers__serial.a(uart_pl011.c.obj)
 .text.pl011_irq_config_func_0
                0x0000000010006166       0x14 zephyr/drivers/serial/libdrivers__serial.a(uart_pl011.c.obj)
 .text.pl011_runtime_configure
                0x000000001000617a        0xa zephyr/drivers/serial/libdrivers__serial.a(uart_pl011.c.obj)
 .text.clock_configure
                0x0000000010006184       0x46 modules/hal_rpi_pico/libmodules__hal_rpi_pico.a(clocks.c.obj)
                0x0000000010006184                clock_configure
 .text.gpio_init
                0x00000000100061ca       0x16 modules/hal_rpi_pico/libmodules__hal_rpi_pico.a(gpio.c.obj)
                0x00000000100061ca                gpio_init
 .text.flash_get_unique_id
                0x00000000100061e0       0x42 modules/hal_rpi_pico/libmodules__hal_rpi_pico.a(flash.c.obj)
                0x00000000100061e0                flash_get_unique_id
 .text.z_impl_k_busy_wait
                0x0000000010006222       0x1c zephyr/kernel/libkernel.a(busy_wait.c.obj)
                0x0000000010006222                z_impl_k_busy_wait
 .text.z_device_state_init
                0x000000001000623e        0x2 zephyr/kernel/libkernel.a(device.c.obj)
                0x000000001000623e                z_device_state_init
 .text.z_impl_device_is_ready
                0x0000000010006240       0x1a zephyr/kernel/libkernel.a(device.c.obj)
                0x0000000010006240                z_impl_device_is_ready
 .text.arch_system_halt
                0x000000001000625a        0x8 zephyr/kernel/libkernel.a(fatal.c.obj)
                0x000000001000625a                arch_system_halt
 .text.k_sys_fatal_error_handler
                0x0000000010006262        0x6 zephyr/kernel/libkernel.a(fatal.c.obj)
                0x0000000010006262                k_sys_fatal_error_handler
 .text.do_device_init
                0x0000000010006268       0x30 zephyr/kernel/libkernel.a(init.c.obj)
 .text.z_early_memset
                0x0000000010006298        0x8 zephyr/kernel/libkernel.a(init.c.obj)
                0x0000000010006298                z_early_memset
 .text.z_early_memcpy
                0x00000000100062a0        0x8 zephyr/kernel/libkernel.a(init.c.obj)
                0x00000000100062a0                z_early_memcpy
 .text.idle     0x00000000100062a8        0xe zephyr/kernel/libkernel.a(idle.c.obj)
                0x00000000100062a8                idle
 .text.unpend_thread_no_timeout
                0x00000000100062b6       0x1a zephyr/kernel/libkernel.a(msg_q.c.obj)
 .text.adjust_owner_prio.isra.0
                0x00000000100062d0       0x16 zephyr/kernel/libkernel.a(mutex.c.obj)
 .text.z_impl_k_sem_init
                0x00000000100062e6       0x1a zephyr/kernel/libkernel.a(sem.c.obj)
                0x00000000100062e6                z_impl_k_sem_init
 .text.flag_test_and_clear
                0x0000000010006300       0x18 zephyr/kernel/libkernel.a(work.c.obj)
 .text.notify_queue_locked.isra.0
                0x0000000010006318       0x12 zephyr/kernel/libkernel.a(work.c.obj)
 .text.work_timeout
                0x000000001000632a       0x34 zephyr/kernel/libkernel.a(work.c.obj)
 .text.k_work_init
                0x000000001000635e       0x12 zephyr/kernel/libkernel.a(work.c.obj)
                0x000000001000635e                k_work_init
 .text.z_work_submit_to_queue
                0x0000000010006370       0x1e zephyr/kernel/libkernel.a(work.c.obj)
                0x0000000010006370                z_work_submit_to_queue
 .text.k_work_submit_to_queue
                0x000000001000638e       0x18 zephyr/kernel/libkernel.a(work.c.obj)
                0x000000001000638e                k_work_submit_to_queue
 .text.k_work_init_delayable
                0x00000000100063a6       0x18 zephyr/kernel/libkernel.a(work.c.obj)
                0x00000000100063a6                k_work_init_delayable
 .text.k_is_in_isr
                0x00000000100063be        0xc zephyr/kernel/libkernel.a(thread.c.obj)
                0x00000000100063be                k_is_in_isr
 .text.z_impl_k_thread_name_set
                0x00000000100063ca        0x6 zephyr/kernel/libkernel.a(thread.c.obj)
                0x00000000100063ca                z_impl_k_thread_name_set
 .text.sys_dlist_remove
                0x00000000100063d0       0x10 zephyr/kernel/libkernel.a(sched.c.obj)
 .text.unpend_thread_no_timeout
                0x00000000100063e0       0x16 zephyr/kernel/libkernel.a(sched.c.obj)
 .text.add_to_waitq_locked
                0x00000000100063f6       0x52 zephyr/kernel/libkernel.a(sched.c.obj)
 .text.z_ready_thread
                0x0000000010006448       0x18 zephyr/kernel/libkernel.a(sched.c.obj)
                0x0000000010006448                z_ready_thread
 .text.z_sched_wake_thread
                0x0000000010006460       0x36 zephyr/kernel/libkernel.a(sched.c.obj)
                0x0000000010006460                z_sched_wake_thread
 .text.z_thread_timeout
                0x0000000010006496        0xc zephyr/kernel/libkernel.a(sched.c.obj)
                0x0000000010006496                z_thread_timeout
 .text.z_impl_k_usleep
                0x00000000100064a2       0x22 zephyr/kernel/libkernel.a(sched.c.obj)
                0x00000000100064a2                z_impl_k_usleep
 .text.z_sched_wake
                0x00000000100064c4       0x3c zephyr/kernel/libkernel.a(sched.c.obj)
                0x00000000100064c4                z_sched_wake
 .text.z_abort_timeout
                0x0000000010006500       0x4c zephyr/kernel/libkernel.a(timeout.c.obj)
                0x0000000010006500                z_abort_timeout
 .text.sys_clock_tick_get_32
                0x000000001000654c        0x8 zephyr/kernel/libkernel.a(timeout.c.obj)
                0x000000001000654c                sys_clock_tick_get_32
 .text.k_heap_init
                0x0000000010006554       0x10 zephyr/kernel/libkernel.a(kheap.c.obj)
                0x0000000010006554                k_heap_init
 .text.memcpy   0x0000000010006564       0x12 /home/pininsu/zephyr-sdk-0.17.2/arm-zephyr-eabi/bin/../lib/gcc/../../picolibc/arm-zephyr-eabi/lib/thumb/v6-m/nofp/libc.a(memcpy.c.o)
                0x0000000010006564                memcpy
                0x0000000010006564                __aeabi_memcpy
                0x0000000010006564                __aeabi_memcpy4
                0x0000000010006564                __aeabi_memcpy8
 .text.memset   0x0000000010006576       0x10 /home/pininsu/zephyr-sdk-0.17.2/arm-zephyr-eabi/bin/../lib/gcc/../../picolibc/arm-zephyr-eabi/lib/thumb/v6-m/nofp/libc.a(memset.c.o)
                0x0000000010006576                memset
 .text.strnlen  0x0000000010006586       0x16 /home/pininsu/zephyr-sdk-0.17.2/arm-zephyr-eabi/bin/../lib/gcc/../../picolibc/arm-zephyr-eabi/lib/thumb/v6-m/nofp/libc.a(libc_string_strnlen.c.o)
                0x0000000010006586                strnlen
 .text.__ultoa_invert
                0x000000001000659c      0x10e /home/pininsu/zephyr-sdk-0.17.2/arm-zephyr-eabi/bin/../lib/gcc/../../picolibc/arm-zephyr-eabi/lib/thumb/v6-m/nofp/libc.a(libc_tinystdio_vflprintf.c.o)
 *(SORT_BY_ALIGNMENT(.TEXT.*))
 *fill*         0x00000000100066aa        0x2 
 .TEXT.__aeabi_read_tp
                0x00000000100066ac        0xc zephyr/arch/arch/arm/core/cortex_m/libarch__arm__core__cortex_m.a(__aeabi_read_tp.S.obj)
                0x00000000100066ac                __aeabi_read_tp
 .TEXT.__aeabi_read_tp.__stub
                0x00000000100066b8       0x10 linker stubs
 *(SORT_BY_ALIGNMENT(.gnu.linkonce.t.*))
 *(SORT_BY_ALIGNMENT(.glue_7t))
 .glue_7t       0x00000000100066c8        0x0 linker stubs
 *(SORT_BY_ALIGNMENT(.glue_7))
 .glue_7        0x00000000100066c8        0x0 linker stubs
 *(SORT_BY_ALIGNMENT(.vfp11_veneer))
 .vfp11_veneer  0x00000000100066c8        0x0 linker stubs
 *(SORT_BY_ALIGNMENT(.v4_bx))
 .v4_bx         0x00000000100066c8        0x0 linker stubs
                0x00000000100066c8                . = ALIGN (0x4)
                0x00000000100066c8                __text_region_end = .

.ARM.exidx      0x00000000100066c8        0x8
                0x00000000100066c8                __exidx_start = .
 *(SORT_BY_ALIGNMENT(.ARM.exidx*) SORT_BY_ALIGNMENT(gnu.linkonce.armexidx.*))
 .ARM.exidx     0x00000000100066c8        0x8 /home/pininsu/zephyr-sdk-0.17.2/arm-zephyr-eabi/bin/../lib/gcc/arm-zephyr-eabi/12.2.0/thumb/v6-m/nofp/libgcc.a(_udivmoddi4.o)
                0x00000000100066d0                __exidx_end = .
                0x00000000100066d0                __rodata_region_start = .

initlevel       0x00000000100066d0       0x30
                0x00000000100066d0                __init_start = .
                0x00000000100066d0                __init_EARLY_start = .
 *(SORT_BY_NAME(SORT_BY_ALIGNMENT(.z_init_EARLY_P_?_*)))
 *(SORT_BY_NAME(SORT_BY_ALIGNMENT(.z_init_EARLY_P_??_*)))
 *(SORT_BY_NAME(SORT_BY_ALIGNMENT(.z_init_EARLY_P_???_*)))
                0x00000000100066d0                __init_PRE_KERNEL_1_start = .
 *(SORT_BY_NAME(SORT_BY_ALIGNMENT(.z_init_PRE_KERNEL_1_P_?_*)))
 *(SORT_BY_NAME(SORT_BY_ALIGNMENT(.z_init_PRE_KERNEL_1_P_??_*)))
 .z_init_PRE_KERNEL_1_P_30_SUB_00025_
                0x00000000100066d0        0x4 zephyr/drivers/clock_control/libdrivers__clock_control.a(clock_control_rpi_pico.c.obj)
 .z_init_PRE_KERNEL_1_P_30_SUB_0_
                0x00000000100066d4        0x4 zephyr/kernel/libkernel.a(kheap.c.obj)
 .z_init_PRE_KERNEL_1_P_35_SUB_00027_
                0x00000000100066d8        0x4 zephyr/drivers/reset/libdrivers__reset.a(reset_rpi_pico.c.obj)
 .z_init_PRE_KERNEL_1_P_50_SUB_00064_
                0x00000000100066dc        0x4 zephyr/drivers/serial/libdrivers__serial.a(uart_pl011.c.obj)
 .z_init_PRE_KERNEL_1_P_50_SUB_00074_
                0x00000000100066e0        0x4 zephyr/libzephyr.a(cdc_acm.c.obj)
 .z_init_PRE_KERNEL_1_P_60_SUB_0_
                0x00000000100066e4        0x4 zephyr/drivers/console/libdrivers__console.a(uart_console.c.obj)
 *(SORT_BY_NAME(SORT_BY_ALIGNMENT(.z_init_PRE_KERNEL_1_P_???_*)))
                0x00000000100066e8                __init_PRE_KERNEL_2_start = .
 *(SORT_BY_NAME(SORT_BY_ALIGNMENT(.z_init_PRE_KERNEL_2_P_?_*)))
 .z_init_PRE_KERNEL_2_P_0_SUB_0_
                0x00000000100066e8        0x4 zephyr/drivers/timer/libdrivers__timer.a(cortex_m_systick.c.obj)
 *(SORT_BY_NAME(SORT_BY_ALIGNMENT(.z_init_PRE_KERNEL_2_P_??_*)))
 *(SORT_BY_NAME(SORT_BY_ALIGNMENT(.z_init_PRE_KERNEL_2_P_???_*)))
                0x00000000100066ec                __init_POST_KERNEL_start = .
 *(SORT_BY_NAME(SORT_BY_ALIGNMENT(.z_init_POST_KERNEL_P_?_*)))
 *(SORT_BY_NAME(SORT_BY_ALIGNMENT(.z_init_POST_KERNEL_P_??_*)))
 .z_init_POST_KERNEL_P_35_SUB_0_
                0x00000000100066ec        0x4 zephyr/lib/libc/common/liblib__libc__common.a(malloc.c.obj)
 .z_init_POST_KERNEL_P_40_SUB_00034_
                0x00000000100066f0        0x4 zephyr/drivers/gpio/libdrivers__gpio.a(gpio_rpi_pico.c.obj)
 .z_init_POST_KERNEL_P_40_SUB_0_
                0x00000000100066f4        0x4 zephyr/libzephyr.a(usb_work_q.c.obj)
 .z_init_POST_KERNEL_P_40_SUB_0_
                0x00000000100066f8        0x4 zephyr/kernel/libkernel.a(system_work_q.c.obj)
 .z_init_POST_KERNEL_P_50_SUB_0_
                0x00000000100066fc        0x4 zephyr/drivers/usb/device/libdrivers__usb__device.a(usb_dc_rpi_pico.c.obj)
 *(SORT_BY_NAME(SORT_BY_ALIGNMENT(.z_init_POST_KERNEL_P_???_*)))
                0x0000000010006700                __init_APPLICATION_start = .
 *(SORT_BY_NAME(SORT_BY_ALIGNMENT(.z_init_APPLICATION_P_?_*)))
 *(SORT_BY_NAME(SORT_BY_ALIGNMENT(.z_init_APPLICATION_P_??_*)))
 *(SORT_BY_NAME(SORT_BY_ALIGNMENT(.z_init_APPLICATION_P_???_*)))
                0x0000000010006700                __init_SMP_start = .
 *(SORT_BY_NAME(SORT_BY_ALIGNMENT(.z_init_SMP_P_?_*)))
 *(SORT_BY_NAME(SORT_BY_ALIGNMENT(.z_init_SMP_P_??_*)))
 *(SORT_BY_NAME(SORT_BY_ALIGNMENT(.z_init_SMP_P_???_*)))
                0x0000000010006700                __init_end = .

device_area     0x0000000010006700       0xa0
                0x0000000010006700                _device_list_start = .
 *(SORT_BY_NAME(SORT_BY_ALIGNMENT(._device.static.*_?_*)))
 *(SORT_BY_NAME(SORT_BY_ALIGNMENT(._device.static.*_??_*)))
 ._device.static.1_30_
                0x0000000010006700       0x20 zephyr/drivers/clock_control/libdrivers__clock_control.a(clock_control_rpi_pico.c.obj)
                0x0000000010006700                __device_dts_ord_25
 ._device.static.1_35_
                0x0000000010006720       0x20 zephyr/drivers/reset/libdrivers__reset.a(reset_rpi_pico.c.obj)
                0x0000000010006720                __device_dts_ord_27
 ._device.static.1_50_
                0x0000000010006740       0x20 zephyr/libzephyr.a(cdc_acm.c.obj)
                0x0000000010006740                __device_dts_ord_74
 ._device.static.1_50_
                0x0000000010006760       0x20 zephyr/drivers/serial/libdrivers__serial.a(uart_pl011.c.obj)
                0x0000000010006760                __device_dts_ord_64
 ._device.static.3_40_
                0x0000000010006780       0x20 zephyr/drivers/gpio/libdrivers__gpio.a(gpio_rpi_pico.c.obj)
                0x0000000010006780                __device_dts_ord_34
 *(SORT_BY_NAME(SORT_BY_ALIGNMENT(._device.static.*_???_*)))
 *(SORT_BY_NAME(SORT_BY_ALIGNMENT(._device.static.*_????_*)))
 *(SORT_BY_NAME(SORT_BY_ALIGNMENT(._device.static.*_?????_*)))
                0x00000000100067a0                _device_list_end = .

service_area    0x00000000100067a0       0x1c
                0x00000000100067a0                _service_list_start = .
 *(SORT_BY_NAME(SORT_BY_ALIGNMENT(._service.static.*_?_*)))
 ._service.static.2_0_
                0x00000000100067a0        0x4 zephyr/drivers/timer/libdrivers__timer.a(cortex_m_systick.c.obj)
 *(SORT_BY_NAME(SORT_BY_ALIGNMENT(._service.static.*_??_*)))
 ._service.static.1_30_
                0x00000000100067a4        0x4 zephyr/kernel/libkernel.a(kheap.c.obj)
 ._service.static.1_60_
                0x00000000100067a8        0x4 zephyr/drivers/console/libdrivers__console.a(uart_console.c.obj)
 ._service.static.3_35_
                0x00000000100067ac        0x4 zephyr/lib/libc/common/liblib__libc__common.a(malloc.c.obj)
 ._service.static.3_40_
                0x00000000100067b0        0x4 zephyr/libzephyr.a(usb_work_q.c.obj)
 ._service.static.3_40_
                0x00000000100067b4        0x4 zephyr/kernel/libkernel.a(system_work_q.c.obj)
 ._service.static.3_50_
                0x00000000100067b8        0x4 zephyr/drivers/usb/device/libdrivers__usb__device.a(usb_dc_rpi_pico.c.obj)
 *(SORT_BY_NAME(SORT_BY_ALIGNMENT(._service.static.*_???_*)))
 *(SORT_BY_NAME(SORT_BY_ALIGNMENT(._service.static.*_????_*)))
 *(SORT_BY_NAME(SORT_BY_ALIGNMENT(._service.static.*_?????_*)))
                0x00000000100067bc                _service_list_end = .

sw_isr_table    0x00000000100067bc       0xd0
                0x00000000100067bc                . = ALIGN (0x4)
 *(SORT_BY_ALIGNMENT(.gnu.linkonce.sw_isr_table*))
 .gnu.linkonce.sw_isr_table
                0x00000000100067bc       0xd0 zephyr/arch/common/libisr_tables.a(isr_tables.c.obj)
                0x00000000100067bc                _sw_isr_table

initlevel_error
                0x00000000100066d0        0x0
 *(SORT_BY_NAME(SORT_BY_ALIGNMENT(.z_init_*)))
                0x0000000000000001                ASSERT ((SIZEOF (initlevel_error) == 0x0), Undefined initialization levels used.)

app_shmem_regions
                0x000000001000688c        0x0
                0x000000001000688c                __app_shmem_regions_start = .
 *(SORT_BY_NAME(SORT_BY_ALIGNMENT(.app_regions.*)))
                0x000000001000688c                __app_shmem_regions_end = .

k_p4wq_initparam_area
                0x000000001000688c        0x0
                0x000000001000688c                _k_p4wq_initparam_list_start = .
 *(SORT_BY_NAME(SORT_BY_ALIGNMENT(._k_p4wq_initparam.static.*)))
                0x000000001000688c                _k_p4wq_initparam_list_end = .

_static_thread_data_area
                0x000000001000688c        0x0
                0x000000001000688c                __static_thread_data_list_start = .
 *(SORT_BY_NAME(SORT_BY_ALIGNMENT(.__static_thread_data.static.*)))
                0x000000001000688c                __static_thread_data_list_end = .

device_deps     0x000000001000688c        0x0
                0x000000001000688c                __device_deps_start = .
 *(SORT_BY_NAME(SORT_BY_ALIGNMENT(.__device_deps_pass2*)))
                0x000000001000688c                __device_deps_end = .

gpio_driver_api_area
                0x000000001000688c       0x24
                0x000000001000688c                _gpio_driver_api_list_start = .
 *(SORT_BY_NAME(SORT_BY_ALIGNMENT(._gpio_driver_api.static.*)))
 ._gpio_driver_api.static.gpio_rpi_driver_api_
                0x000000001000688c       0x24 zephyr/drivers/gpio/libdrivers__gpio.a(gpio_rpi_pico.c.obj)
                0x00000000100068b0                _gpio_driver_api_list_end = .

reset_driver_api_area
                0x00000000100068b0       0x10
                0x00000000100068b0                _reset_driver_api_list_start = .
 *(SORT_BY_NAME(SORT_BY_ALIGNMENT(._reset_driver_api.static.*)))
 ._reset_driver_api.static.reset_rpi_driver_api_
                0x00000000100068b0       0x10 zephyr/drivers/reset/libdrivers__reset.a(reset_rpi_pico.c.obj)
                0x00000000100068c0                _reset_driver_api_list_end = .

shared_irq_driver_api_area
                0x00000000100068c0        0x0
                0x00000000100068c0                _shared_irq_driver_api_list_start = .
 *(SORT_BY_NAME(SORT_BY_ALIGNMENT(._shared_irq_driver_api.static.*)))
                0x00000000100068c0                _shared_irq_driver_api_list_end = .

crypto_driver_api_area
                0x00000000100068c0        0x0
                0x00000000100068c0                _crypto_driver_api_list_start = .
 *(SORT_BY_NAME(SORT_BY_ALIGNMENT(._crypto_driver_api.static.*)))
                0x00000000100068c0                _crypto_driver_api_list_end = .

adc_driver_api_area
                0x00000000100068c0        0x0
                0x00000000100068c0                _adc_driver_api_list_start = .
 *(SORT_BY_NAME(SORT_BY_ALIGNMENT(._adc_driver_api.static.*)))
                0x00000000100068c0                _adc_driver_api_list_end = .

auxdisplay_driver_api_area
                0x00000000100068c0        0x0
                0x00000000100068c0                _auxdisplay_driver_api_list_start = .
 *(SORT_BY_NAME(SORT_BY_ALIGNMENT(._auxdisplay_driver_api.static.*)))
                0x00000000100068c0                _auxdisplay_driver_api_list_end = .

bbram_driver_api_area
                0x00000000100068c0        0x0
                0x00000000100068c0                _bbram_driver_api_list_start = .
 *(SORT_BY_NAME(SORT_BY_ALIGNMENT(._bbram_driver_api.static.*)))
                0x00000000100068c0                _bbram_driver_api_list_end = .

bt_hci_driver_api_area
                0x00000000100068c0        0x0
                0x00000000100068c0                _bt_hci_driver_api_list_start = .
 *(SORT_BY_NAME(SORT_BY_ALIGNMENT(._bt_hci_driver_api.static.*)))
                0x00000000100068c0                _bt_hci_driver_api_list_end = .

can_driver_api_area
                0x00000000100068c0        0x0
                0x00000000100068c0                _can_driver_api_list_start = .
 *(SORT_BY_NAME(SORT_BY_ALIGNMENT(._can_driver_api.static.*)))
                0x00000000100068c0                _can_driver_api_list_end = .

cellular_driver_api_area
                0x00000000100068c0        0x0
                0x00000000100068c0                _cellular_driver_api_list_start = .
 *(SORT_BY_NAME(SORT_BY_ALIGNMENT(._cellular_driver_api.static.*)))
                0x00000000100068c0                _cellular_driver_api_list_end = .

charger_driver_api_area
                0x00000000100068c0        0x0
                0x00000000100068c0                _charger_driver_api_list_start = .
 *(SORT_BY_NAME(SORT_BY_ALIGNMENT(._charger_driver_api.static.*)))
                0x00000000100068c0                _charger_driver_api_list_end = .

clock_control_driver_api_area
                0x00000000100068c0       0x1c
                0x00000000100068c0                _clock_control_driver_api_list_start = .
 *(SORT_BY_NAME(SORT_BY_ALIGNMENT(._clock_control_driver_api.static.*)))
 ._clock_control_driver_api.static.clock_control_rpi_pico_api_
                0x00000000100068c0       0x1c zephyr/drivers/clock_control/libdrivers__clock_control.a(clock_control_rpi_pico.c.obj)
                0x00000000100068dc                _clock_control_driver_api_list_end = .

comparator_driver_api_area
                0x00000000100068dc        0x0
                0x00000000100068dc                _comparator_driver_api_list_start = .
 *(SORT_BY_NAME(SORT_BY_ALIGNMENT(._comparator_driver_api.static.*)))
                0x00000000100068dc                _comparator_driver_api_list_end = .

coredump_driver_api_area
                0x00000000100068dc        0x0
                0x00000000100068dc                _coredump_driver_api_list_start = .
 *(SORT_BY_NAME(SORT_BY_ALIGNMENT(._coredump_driver_api.static.*)))
                0x00000000100068dc                _coredump_driver_api_list_end = .

counter_driver_api_area
                0x00000000100068dc        0x0
                0x00000000100068dc                _counter_driver_api_list_start = .
 *(SORT_BY_NAME(SORT_BY_ALIGNMENT(._counter_driver_api.static.*)))
                0x00000000100068dc                _counter_driver_api_list_end = .

dac_driver_api_area
                0x00000000100068dc        0x0
                0x00000000100068dc                _dac_driver_api_list_start = .
 *(SORT_BY_NAME(SORT_BY_ALIGNMENT(._dac_driver_api.static.*)))
                0x00000000100068dc                _dac_driver_api_list_end = .

dai_driver_api_area
                0x00000000100068dc        0x0
                0x00000000100068dc                _dai_driver_api_list_start = .
 *(SORT_BY_NAME(SORT_BY_ALIGNMENT(._dai_driver_api.static.*)))
                0x00000000100068dc                _dai_driver_api_list_end = .

display_driver_api_area
                0x00000000100068dc        0x0
                0x00000000100068dc                _display_driver_api_list_start = .
 *(SORT_BY_NAME(SORT_BY_ALIGNMENT(._display_driver_api.static.*)))
                0x00000000100068dc                _display_driver_api_list_end = .

dma_driver_api_area
                0x00000000100068dc        0x0
                0x00000000100068dc                _dma_driver_api_list_start = .
 *(SORT_BY_NAME(SORT_BY_ALIGNMENT(._dma_driver_api.static.*)))
                0x00000000100068dc                _dma_driver_api_list_end = .

edac_driver_api_area
                0x00000000100068dc        0x0
                0x00000000100068dc                _edac_driver_api_list_start = .
 *(SORT_BY_NAME(SORT_BY_ALIGNMENT(._edac_driver_api.static.*)))
                0x00000000100068dc                _edac_driver_api_list_end = .

eeprom_driver_api_area
                0x00000000100068dc        0x0
                0x00000000100068dc                _eeprom_driver_api_list_start = .
 *(SORT_BY_NAME(SORT_BY_ALIGNMENT(._eeprom_driver_api.static.*)))
                0x00000000100068dc                _eeprom_driver_api_list_end = .

emul_bbram_driver_api_area
                0x00000000100068dc        0x0
                0x00000000100068dc                _emul_bbram_driver_api_list_start = .
 *(SORT_BY_NAME(SORT_BY_ALIGNMENT(._emul_bbram_driver_api.static.*)))
                0x00000000100068dc                _emul_bbram_driver_api_list_end = .

fuel_gauge_emul_driver_api_area
                0x00000000100068dc        0x0
                0x00000000100068dc                _fuel_gauge_emul_driver_api_list_start = .
 *(SORT_BY_NAME(SORT_BY_ALIGNMENT(._fuel_gauge_emul_driver_api.static.*)))
                0x00000000100068dc                _fuel_gauge_emul_driver_api_list_end = .

emul_sensor_driver_api_area
                0x00000000100068dc        0x0
                0x00000000100068dc                _emul_sensor_driver_api_list_start = .
 *(SORT_BY_NAME(SORT_BY_ALIGNMENT(._emul_sensor_driver_api.static.*)))
                0x00000000100068dc                _emul_sensor_driver_api_list_end = .

entropy_driver_api_area
                0x00000000100068dc        0x0
                0x00000000100068dc                _entropy_driver_api_list_start = .
 *(SORT_BY_NAME(SORT_BY_ALIGNMENT(._entropy_driver_api.static.*)))
                0x00000000100068dc                _entropy_driver_api_list_end = .

espi_driver_api_area
                0x00000000100068dc        0x0
                0x00000000100068dc                _espi_driver_api_list_start = .
 *(SORT_BY_NAME(SORT_BY_ALIGNMENT(._espi_driver_api.static.*)))
                0x00000000100068dc                _espi_driver_api_list_end = .

espi_saf_driver_api_area
                0x00000000100068dc        0x0
                0x00000000100068dc                _espi_saf_driver_api_list_start = .
 *(SORT_BY_NAME(SORT_BY_ALIGNMENT(._espi_saf_driver_api.static.*)))
                0x00000000100068dc                _espi_saf_driver_api_list_end = .

flash_driver_api_area
                0x00000000100068dc        0x0
                0x00000000100068dc                _flash_driver_api_list_start = .
 *(SORT_BY_NAME(SORT_BY_ALIGNMENT(._flash_driver_api.static.*)))
                0x00000000100068dc                _flash_driver_api_list_end = .

fpga_driver_api_area
                0x00000000100068dc        0x0
                0x00000000100068dc                _fpga_driver_api_list_start = .
 *(SORT_BY_NAME(SORT_BY_ALIGNMENT(._fpga_driver_api.static.*)))
                0x00000000100068dc                _fpga_driver_api_list_end = .

fuel_gauge_driver_api_area
                0x00000000100068dc        0x0
                0x00000000100068dc                _fuel_gauge_driver_api_list_start = .
 *(SORT_BY_NAME(SORT_BY_ALIGNMENT(._fuel_gauge_driver_api.static.*)))
                0x00000000100068dc                _fuel_gauge_driver_api_list_end = .

gnss_driver_api_area
                0x00000000100068dc        0x0
                0x00000000100068dc                _gnss_driver_api_list_start = .
 *(SORT_BY_NAME(SORT_BY_ALIGNMENT(._gnss_driver_api.static.*)))
                0x00000000100068dc                _gnss_driver_api_list_end = .

haptics_driver_api_area
                0x00000000100068dc        0x0
                0x00000000100068dc                _haptics_driver_api_list_start = .
 *(SORT_BY_NAME(SORT_BY_ALIGNMENT(._haptics_driver_api.static.*)))
                0x00000000100068dc                _haptics_driver_api_list_end = .

hwspinlock_driver_api_area
                0x00000000100068dc        0x0
                0x00000000100068dc                _hwspinlock_driver_api_list_start = .
 *(SORT_BY_NAME(SORT_BY_ALIGNMENT(._hwspinlock_driver_api.static.*)))
                0x00000000100068dc                _hwspinlock_driver_api_list_end = .

i2c_driver_api_area
                0x00000000100068dc        0x0
                0x00000000100068dc                _i2c_driver_api_list_start = .
 *(SORT_BY_NAME(SORT_BY_ALIGNMENT(._i2c_driver_api.static.*)))
                0x00000000100068dc                _i2c_driver_api_list_end = .

i2c_target_driver_api_area
                0x00000000100068dc        0x0
                0x00000000100068dc                _i2c_target_driver_api_list_start = .
 *(SORT_BY_NAME(SORT_BY_ALIGNMENT(._i2c_target_driver_api.static.*)))
                0x00000000100068dc                _i2c_target_driver_api_list_end = .

i2s_driver_api_area
                0x00000000100068dc        0x0
                0x00000000100068dc                _i2s_driver_api_list_start = .
 *(SORT_BY_NAME(SORT_BY_ALIGNMENT(._i2s_driver_api.static.*)))
                0x00000000100068dc                _i2s_driver_api_list_end = .

i3c_driver_api_area
                0x00000000100068dc        0x0
                0x00000000100068dc                _i3c_driver_api_list_start = .
 *(SORT_BY_NAME(SORT_BY_ALIGNMENT(._i3c_driver_api.static.*)))
                0x00000000100068dc                _i3c_driver_api_list_end = .

ipm_driver_api_area
                0x00000000100068dc        0x0
                0x00000000100068dc                _ipm_driver_api_list_start = .
 *(SORT_BY_NAME(SORT_BY_ALIGNMENT(._ipm_driver_api.static.*)))
                0x00000000100068dc                _ipm_driver_api_list_end = .

led_driver_api_area
                0x00000000100068dc        0x0
                0x00000000100068dc                _led_driver_api_list_start = .
 *(SORT_BY_NAME(SORT_BY_ALIGNMENT(._led_driver_api.static.*)))
                0x00000000100068dc                _led_driver_api_list_end = .

led_strip_driver_api_area
                0x00000000100068dc        0x0
                0x00000000100068dc                _led_strip_driver_api_list_start = .
 *(SORT_BY_NAME(SORT_BY_ALIGNMENT(._led_strip_driver_api.static.*)))
                0x00000000100068dc                _led_strip_driver_api_list_end = .

lora_driver_api_area
                0x00000000100068dc        0x0
                0x00000000100068dc                _lora_driver_api_list_start = .
 *(SORT_BY_NAME(SORT_BY_ALIGNMENT(._lora_driver_api.static.*)))
                0x00000000100068dc                _lora_driver_api_list_end = .

mbox_driver_api_area
                0x00000000100068dc        0x0
                0x00000000100068dc                _mbox_driver_api_list_start = .
 *(SORT_BY_NAME(SORT_BY_ALIGNMENT(._mbox_driver_api.static.*)))
                0x00000000100068dc                _mbox_driver_api_list_end = .

mdio_driver_api_area
                0x00000000100068dc        0x0
                0x00000000100068dc                _mdio_driver_api_list_start = .
 *(SORT_BY_NAME(SORT_BY_ALIGNMENT(._mdio_driver_api.static.*)))
                0x00000000100068dc                _mdio_driver_api_list_end = .

mipi_dbi_driver_api_area
                0x00000000100068dc        0x0
                0x00000000100068dc                _mipi_dbi_driver_api_list_start = .
 *(SORT_BY_NAME(SORT_BY_ALIGNMENT(._mipi_dbi_driver_api.static.*)))
                0x00000000100068dc                _mipi_dbi_driver_api_list_end = .

mipi_dsi_driver_api_area
                0x00000000100068dc        0x0
                0x00000000100068dc                _mipi_dsi_driver_api_list_start = .
 *(SORT_BY_NAME(SORT_BY_ALIGNMENT(._mipi_dsi_driver_api.static.*)))
                0x00000000100068dc                _mipi_dsi_driver_api_list_end = .

mspi_driver_api_area
                0x00000000100068dc        0x0
                0x00000000100068dc                _mspi_driver_api_list_start = .
 *(SORT_BY_NAME(SORT_BY_ALIGNMENT(._mspi_driver_api.static.*)))
                0x00000000100068dc                _mspi_driver_api_list_end = .

peci_driver_api_area
                0x00000000100068dc        0x0
                0x00000000100068dc                _peci_driver_api_list_start = .
 *(SORT_BY_NAME(SORT_BY_ALIGNMENT(._peci_driver_api.static.*)))
                0x00000000100068dc                _peci_driver_api_list_end = .

ps2_driver_api_area
                0x00000000100068dc        0x0
                0x00000000100068dc                _ps2_driver_api_list_start = .
 *(SORT_BY_NAME(SORT_BY_ALIGNMENT(._ps2_driver_api.static.*)))
                0x00000000100068dc                _ps2_driver_api_list_end = .

ptp_clock_driver_api_area
                0x00000000100068dc        0x0
                0x00000000100068dc                _ptp_clock_driver_api_list_start = .
 *(SORT_BY_NAME(SORT_BY_ALIGNMENT(._ptp_clock_driver_api.static.*)))
                0x00000000100068dc                _ptp_clock_driver_api_list_end = .

pwm_driver_api_area
                0x00000000100068dc        0x0
                0x00000000100068dc                _pwm_driver_api_list_start = .
 *(SORT_BY_NAME(SORT_BY_ALIGNMENT(._pwm_driver_api.static.*)))
                0x00000000100068dc                _pwm_driver_api_list_end = .

regulator_parent_driver_api_area
                0x00000000100068dc        0x0
                0x00000000100068dc                _regulator_parent_driver_api_list_start = .
 *(SORT_BY_NAME(SORT_BY_ALIGNMENT(._regulator_parent_driver_api.static.*)))
                0x00000000100068dc                _regulator_parent_driver_api_list_end = .

regulator_driver_api_area
                0x00000000100068dc        0x0
                0x00000000100068dc                _regulator_driver_api_list_start = .
 *(SORT_BY_NAME(SORT_BY_ALIGNMENT(._regulator_driver_api.static.*)))
                0x00000000100068dc                _regulator_driver_api_list_end = .

retained_mem_driver_api_area
                0x00000000100068dc        0x0
                0x00000000100068dc                _retained_mem_driver_api_list_start = .
 *(SORT_BY_NAME(SORT_BY_ALIGNMENT(._retained_mem_driver_api.static.*)))
                0x00000000100068dc                _retained_mem_driver_api_list_end = .

rtc_driver_api_area
                0x00000000100068dc        0x0
                0x00000000100068dc                _rtc_driver_api_list_start = .
 *(SORT_BY_NAME(SORT_BY_ALIGNMENT(._rtc_driver_api.static.*)))
                0x00000000100068dc                _rtc_driver_api_list_end = .

sdhc_driver_api_area
                0x00000000100068dc        0x0
                0x00000000100068dc                _sdhc_driver_api_list_start = .
 *(SORT_BY_NAME(SORT_BY_ALIGNMENT(._sdhc_driver_api.static.*)))
                0x00000000100068dc                _sdhc_driver_api_list_end = .

sensor_driver_api_area
                0x00000000100068dc        0x0
                0x00000000100068dc                _sensor_driver_api_list_start = .
 *(SORT_BY_NAME(SORT_BY_ALIGNMENT(._sensor_driver_api.static.*)))
                0x00000000100068dc                _sensor_driver_api_list_end = .

smbus_driver_api_area
                0x00000000100068dc        0x0
                0x00000000100068dc                _smbus_driver_api_list_start = .
 *(SORT_BY_NAME(SORT_BY_ALIGNMENT(._smbus_driver_api.static.*)))
                0x00000000100068dc                _smbus_driver_api_list_end = .

spi_driver_api_area
                0x00000000100068dc        0x0
                0x00000000100068dc                _spi_driver_api_list_start = .
 *(SORT_BY_NAME(SORT_BY_ALIGNMENT(._spi_driver_api.static.*)))
                0x00000000100068dc                _spi_driver_api_list_end = .

stepper_driver_api_area
                0x00000000100068dc        0x0
                0x00000000100068dc                _stepper_driver_api_list_start = .
 *(SORT_BY_NAME(SORT_BY_ALIGNMENT(._stepper_driver_api.static.*)))
                0x00000000100068dc                _stepper_driver_api_list_end = .

syscon_driver_api_area
                0x00000000100068dc        0x0
                0x00000000100068dc                _syscon_driver_api_list_start = .
 *(SORT_BY_NAME(SORT_BY_ALIGNMENT(._syscon_driver_api.static.*)))
                0x00000000100068dc                _syscon_driver_api_list_end = .

tee_driver_api_area
                0x00000000100068dc        0x0
                0x00000000100068dc                _tee_driver_api_list_start = .
 *(SORT_BY_NAME(SORT_BY_ALIGNMENT(._tee_driver_api.static.*)))
                0x00000000100068dc                _tee_driver_api_list_end = .

video_driver_api_area
                0x00000000100068dc        0x0
                0x00000000100068dc                _video_driver_api_list_start = .
 *(SORT_BY_NAME(SORT_BY_ALIGNMENT(._video_driver_api.static.*)))
                0x00000000100068dc                _video_driver_api_list_end = .

virtio_driver_api_area
                0x00000000100068dc        0x0
                0x00000000100068dc                _virtio_driver_api_list_start = .
 *(SORT_BY_NAME(SORT_BY_ALIGNMENT(._virtio_driver_api.static.*)))
                0x00000000100068dc                _virtio_driver_api_list_end = .

w1_driver_api_area
                0x00000000100068dc        0x0
                0x00000000100068dc                _w1_driver_api_list_start = .
 *(SORT_BY_NAME(SORT_BY_ALIGNMENT(._w1_driver_api.static.*)))
                0x00000000100068dc                _w1_driver_api_list_end = .

wdt_driver_api_area
                0x00000000100068dc        0x0
                0x00000000100068dc                _wdt_driver_api_list_start = .
 *(SORT_BY_NAME(SORT_BY_ALIGNMENT(._wdt_driver_api.static.*)))
                0x00000000100068dc                _wdt_driver_api_list_end = .

can_transceiver_driver_api_area
                0x00000000100068dc        0x0
                0x00000000100068dc                _can_transceiver_driver_api_list_start = .
 *(SORT_BY_NAME(SORT_BY_ALIGNMENT(._can_transceiver_driver_api.static.*)))
                0x00000000100068dc                _can_transceiver_driver_api_list_end = .

nrf_clock_control_driver_api_area
                0x00000000100068dc        0x0
                0x00000000100068dc                _nrf_clock_control_driver_api_list_start = .
 *(SORT_BY_NAME(SORT_BY_ALIGNMENT(._nrf_clock_control_driver_api.static.*)))
                0x00000000100068dc                _nrf_clock_control_driver_api_list_end = .

i3c_target_driver_api_area
                0x00000000100068dc        0x0
                0x00000000100068dc                _i3c_target_driver_api_list_start = .
 *(SORT_BY_NAME(SORT_BY_ALIGNMENT(._i3c_target_driver_api.static.*)))
                0x00000000100068dc                _i3c_target_driver_api_list_end = .

its_driver_api_area
                0x00000000100068dc        0x0
                0x00000000100068dc                _its_driver_api_list_start = .
 *(SORT_BY_NAME(SORT_BY_ALIGNMENT(._its_driver_api.static.*)))
                0x00000000100068dc                _its_driver_api_list_end = .

vtd_driver_api_area
                0x00000000100068dc        0x0
                0x00000000100068dc                _vtd_driver_api_list_start = .
 *(SORT_BY_NAME(SORT_BY_ALIGNMENT(._vtd_driver_api.static.*)))
                0x00000000100068dc                _vtd_driver_api_list_end = .

renesas_elc_driver_api_area
                0x00000000100068dc        0x0
                0x00000000100068dc                _renesas_elc_driver_api_list_start = .
 *(SORT_BY_NAME(SORT_BY_ALIGNMENT(._renesas_elc_driver_api.static.*)))
                0x00000000100068dc                _renesas_elc_driver_api_list_end = .

tgpio_driver_api_area
                0x00000000100068dc        0x0
                0x00000000100068dc                _tgpio_driver_api_list_start = .
 *(SORT_BY_NAME(SORT_BY_ALIGNMENT(._tgpio_driver_api.static.*)))
                0x00000000100068dc                _tgpio_driver_api_list_end = .

pcie_ctrl_driver_api_area
                0x00000000100068dc        0x0
                0x00000000100068dc                _pcie_ctrl_driver_api_list_start = .
 *(SORT_BY_NAME(SORT_BY_ALIGNMENT(._pcie_ctrl_driver_api.static.*)))
                0x00000000100068dc                _pcie_ctrl_driver_api_list_end = .

pcie_ep_driver_api_area
                0x00000000100068dc        0x0
                0x00000000100068dc                _pcie_ep_driver_api_list_start = .
 *(SORT_BY_NAME(SORT_BY_ALIGNMENT(._pcie_ep_driver_api.static.*)))
                0x00000000100068dc                _pcie_ep_driver_api_list_end = .

psi5_driver_api_area
                0x00000000100068dc        0x0
                0x00000000100068dc                _psi5_driver_api_list_start = .
 *(SORT_BY_NAME(SORT_BY_ALIGNMENT(._psi5_driver_api.static.*)))
                0x00000000100068dc                _psi5_driver_api_list_end = .

sent_driver_api_area
                0x00000000100068dc        0x0
                0x00000000100068dc                _sent_driver_api_list_start = .
 *(SORT_BY_NAME(SORT_BY_ALIGNMENT(._sent_driver_api.static.*)))
                0x00000000100068dc                _sent_driver_api_list_end = .

svc_driver_api_area
                0x00000000100068dc        0x0
                0x00000000100068dc                _svc_driver_api_list_start = .
 *(SORT_BY_NAME(SORT_BY_ALIGNMENT(._svc_driver_api.static.*)))
                0x00000000100068dc                _svc_driver_api_list_end = .

uart_driver_api_area
                0x00000000100068dc       0xa8
                0x00000000100068dc                _uart_driver_api_list_start = .
 *(SORT_BY_NAME(SORT_BY_ALIGNMENT(._uart_driver_api.static.*)))
 ._uart_driver_api.static.cdc_acm_driver_api_
                0x00000000100068dc       0x54 zephyr/libzephyr.a(cdc_acm.c.obj)
 ._uart_driver_api.static.pl011_driver_api_
                0x0000000010006930       0x54 zephyr/drivers/serial/libdrivers__serial.a(uart_pl011.c.obj)
                0x0000000010006984                _uart_driver_api_list_end = .

bc12_emul_driver_api_area
                0x0000000010006984        0x0
                0x0000000010006984                _bc12_emul_driver_api_list_start = .
 *(SORT_BY_NAME(SORT_BY_ALIGNMENT(._bc12_emul_driver_api.static.*)))
                0x0000000010006984                _bc12_emul_driver_api_list_end = .

bc12_driver_api_area
                0x0000000010006984        0x0
                0x0000000010006984                _bc12_driver_api_list_start = .
 *(SORT_BY_NAME(SORT_BY_ALIGNMENT(._bc12_driver_api.static.*)))
                0x0000000010006984                _bc12_driver_api_list_end = .

usbc_ppc_driver_api_area
                0x0000000010006984        0x0
                0x0000000010006984                _usbc_ppc_driver_api_list_start = .
 *(SORT_BY_NAME(SORT_BY_ALIGNMENT(._usbc_ppc_driver_api.static.*)))
                0x0000000010006984                _usbc_ppc_driver_api_list_end = .

tcpc_driver_api_area
                0x0000000010006984        0x0
                0x0000000010006984                _tcpc_driver_api_list_start = .
 *(SORT_BY_NAME(SORT_BY_ALIGNMENT(._tcpc_driver_api.static.*)))
                0x0000000010006984                _tcpc_driver_api_list_end = .

usbc_vbus_driver_api_area
                0x0000000010006984        0x0
                0x0000000010006984                _usbc_vbus_driver_api_list_start = .